###############################################################################
#
# IAR ELF Linker V8.50.6.265/W32 for ARM                  12/Nov/2020  14:15:22
# Copyright 2007-2020 IAR Systems AB.
#
#    Output file  =
#        C:\Harmony3\harmony_gfx_apps_sam_9x60\apps\legato_quickstart\firmware\legato_qs_9x60_ek_tm5000.IAR\Debug\Exe\lcdc_rgba8888_mxt_9x60_wvga.out
#    Map file     =
#        C:\Harmony3\harmony_gfx_apps_sam_9x60\apps\legato_quickstart\firmware\legato_qs_9x60_ek_tm5000.IAR\Debug\List\lcdc_rgba8888_mxt_9x60_wvga.map
#    Command line =
#        -f C:\Users\C15516\AppData\Local\Temp\EW1EBB.tmp
#        (C:\Harmony3\harmony_gfx_apps_sam_9x60\apps\legato_quickstart\firmware\legato_qs_9x60_ek_tm5000.IAR\Debug\Obj\app.o
#        C:\Harmony3\harmony_gfx_apps_sam_9x60\apps\legato_quickstart\firmware\legato_qs_9x60_ek_tm5000.IAR\Debug\Obj\bsp.o
#        C:\Harmony3\harmony_gfx_apps_sam_9x60\apps\legato_quickstart\firmware\legato_qs_9x60_ek_tm5000.IAR\Debug\Obj\cstartup.o
#        C:\Harmony3\harmony_gfx_apps_sam_9x60\apps\legato_quickstart\firmware\legato_qs_9x60_ek_tm5000.IAR\Debug\Obj\drv_gfx_lcdc.o
#        C:\Harmony3\harmony_gfx_apps_sam_9x60\apps\legato_quickstart\firmware\legato_qs_9x60_ek_tm5000.IAR\Debug\Obj\drv_i2c.o
#        C:\Harmony3\harmony_gfx_apps_sam_9x60\apps\legato_quickstart\firmware\legato_qs_9x60_ek_tm5000.IAR\Debug\Obj\drv_maxtouch.o
#        C:\Harmony3\harmony_gfx_apps_sam_9x60\apps\legato_quickstart\firmware\legato_qs_9x60_ek_tm5000.IAR\Debug\Obj\gfx_driver.o
#        C:\Harmony3\harmony_gfx_apps_sam_9x60\apps\legato_quickstart\firmware\legato_qs_9x60_ek_tm5000.IAR\Debug\Obj\iar_monitor.o
#        C:\Harmony3\harmony_gfx_apps_sam_9x60\apps\legato_quickstart\firmware\legato_qs_9x60_ek_tm5000.IAR\Debug\Obj\initialization.o
#        C:\Harmony3\harmony_gfx_apps_sam_9x60\apps\legato_quickstart\firmware\legato_qs_9x60_ek_tm5000.IAR\Debug\Obj\interrupts.o
#        C:\Harmony3\harmony_gfx_apps_sam_9x60\apps\legato_quickstart\firmware\legato_qs_9x60_ek_tm5000.IAR\Debug\Obj\jidctint.o
#        C:\Harmony3\harmony_gfx_apps_sam_9x60\apps\legato_quickstart\firmware\legato_qs_9x60_ek_tm5000.IAR\Debug\Obj\le_gen_fonts.o
#        C:\Harmony3\harmony_gfx_apps_sam_9x60\apps\legato_quickstart\firmware\legato_qs_9x60_ek_tm5000.IAR\Debug\Obj\le_gen_globalpalette.o
#        C:\Harmony3\harmony_gfx_apps_sam_9x60\apps\legato_quickstart\firmware\legato_qs_9x60_ek_tm5000.IAR\Debug\Obj\le_gen_harmony.o
#        C:\Harmony3\harmony_gfx_apps_sam_9x60\apps\legato_quickstart\firmware\legato_qs_9x60_ek_tm5000.IAR\Debug\Obj\le_gen_images.o
#        C:\Harmony3\harmony_gfx_apps_sam_9x60\apps\legato_quickstart\firmware\legato_qs_9x60_ek_tm5000.IAR\Debug\Obj\le_gen_init.o
#        C:\Harmony3\harmony_gfx_apps_sam_9x60\apps\legato_quickstart\firmware\legato_qs_9x60_ek_tm5000.IAR\Debug\Obj\le_gen_scheme.o
#        C:\Harmony3\harmony_gfx_apps_sam_9x60\apps\legato_quickstart\firmware\legato_qs_9x60_ek_tm5000.IAR\Debug\Obj\le_gen_screen_Screen0.o
#        C:\Harmony3\harmony_gfx_apps_sam_9x60\apps\legato_quickstart\firmware\legato_qs_9x60_ek_tm5000.IAR\Debug\Obj\le_gen_stringtable.o
#        C:\Harmony3\harmony_gfx_apps_sam_9x60\apps\legato_quickstart\firmware\legato_qs_9x60_ek_tm5000.IAR\Debug\Obj\legato_array.o
#        C:\Harmony3\harmony_gfx_apps_sam_9x60\apps\legato_quickstart\firmware\legato_qs_9x60_ek_tm5000.IAR\Debug\Obj\legato_color.o
#        C:\Harmony3\harmony_gfx_apps_sam_9x60\apps\legato_quickstart\firmware\legato_qs_9x60_ek_tm5000.IAR\Debug\Obj\legato_color_blend.o
#        C:\Harmony3\harmony_gfx_apps_sam_9x60\apps\legato_quickstart\firmware\legato_qs_9x60_ek_tm5000.IAR\Debug\Obj\legato_color_convert.o
#        C:\Harmony3\harmony_gfx_apps_sam_9x60\apps\legato_quickstart\firmware\legato_qs_9x60_ek_tm5000.IAR\Debug\Obj\legato_color_lerp.o
#        C:\Harmony3\harmony_gfx_apps_sam_9x60\apps\legato_quickstart\firmware\legato_qs_9x60_ek_tm5000.IAR\Debug\Obj\legato_color_value.o
#        C:\Harmony3\harmony_gfx_apps_sam_9x60\apps\legato_quickstart\firmware\legato_qs_9x60_ek_tm5000.IAR\Debug\Obj\legato_draw.o
#        C:\Harmony3\harmony_gfx_apps_sam_9x60\apps\legato_quickstart\firmware\legato_qs_9x60_ek_tm5000.IAR\Debug\Obj\legato_draw_arc.o
#        C:\Harmony3\harmony_gfx_apps_sam_9x60\apps\legato_quickstart\firmware\legato_qs_9x60_ek_tm5000.IAR\Debug\Obj\legato_draw_line.o
#        C:\Harmony3\harmony_gfx_apps_sam_9x60\apps\legato_quickstart\firmware\legato_qs_9x60_ek_tm5000.IAR\Debug\Obj\legato_draw_rect.o
#        C:\Harmony3\harmony_gfx_apps_sam_9x60\apps\legato_quickstart\firmware\legato_qs_9x60_ek_tm5000.IAR\Debug\Obj\legato_dynamicstring.o
#        C:\Harmony3\harmony_gfx_apps_sam_9x60\apps\legato_quickstart\firmware\legato_qs_9x60_ek_tm5000.IAR\Debug\Obj\legato_editwidget.o
#        C:\Harmony3\harmony_gfx_apps_sam_9x60\apps\legato_quickstart\firmware\legato_qs_9x60_ek_tm5000.IAR\Debug\Obj\legato_error.o
#        C:\Harmony3\harmony_gfx_apps_sam_9x60\apps\legato_quickstart\firmware\legato_qs_9x60_ek_tm5000.IAR\Debug\Obj\legato_event.o
#        C:\Harmony3\harmony_gfx_apps_sam_9x60\apps\legato_quickstart\firmware\legato_qs_9x60_ek_tm5000.IAR\Debug\Obj\legato_fixedheap.o
#        C:\Harmony3\harmony_gfx_apps_sam_9x60\apps\legato_quickstart\firmware\legato_qs_9x60_ek_tm5000.IAR\Debug\Obj\legato_fixedstring.o
#        C:\Harmony3\harmony_gfx_apps_sam_9x60\apps\legato_quickstart\firmware\legato_qs_9x60_ek_tm5000.IAR\Debug\Obj\legato_font.o
#        C:\Harmony3\harmony_gfx_apps_sam_9x60\apps\legato_quickstart\firmware\legato_qs_9x60_ek_tm5000.IAR\Debug\Obj\legato_gpu.o
#        C:\Harmony3\harmony_gfx_apps_sam_9x60\apps\legato_quickstart\firmware\legato_qs_9x60_ek_tm5000.IAR\Debug\Obj\legato_image.o
#        C:\Harmony3\harmony_gfx_apps_sam_9x60\apps\legato_quickstart\firmware\legato_qs_9x60_ek_tm5000.IAR\Debug\Obj\legato_image_utils.o
#        C:\Harmony3\harmony_gfx_apps_sam_9x60\apps\legato_quickstart\firmware\legato_qs_9x60_ek_tm5000.IAR\Debug\Obj\legato_imagedecoder_jpeg.o
#        C:\Harmony3\harmony_gfx_apps_sam_9x60\apps\legato_quickstart\firmware\legato_qs_9x60_ek_tm5000.IAR\Debug\Obj\legato_imagedecoder_jpeg_common.o
#        C:\Harmony3\harmony_gfx_apps_sam_9x60\apps\legato_quickstart\firmware\legato_qs_9x60_ek_tm5000.IAR\Debug\Obj\legato_imagedecoder_png.o
#        C:\Harmony3\harmony_gfx_apps_sam_9x60\apps\legato_quickstart\firmware\legato_qs_9x60_ek_tm5000.IAR\Debug\Obj\legato_imagedecoder_raw.o
#        C:\Harmony3\harmony_gfx_apps_sam_9x60\apps\legato_quickstart\firmware\legato_qs_9x60_ek_tm5000.IAR\Debug\Obj\legato_imagedecoder_raw_blend.o
#        C:\Harmony3\harmony_gfx_apps_sam_9x60\apps\legato_quickstart\firmware\legato_qs_9x60_ek_tm5000.IAR\Debug\Obj\legato_imagedecoder_raw_convert.o
#        C:\Harmony3\harmony_gfx_apps_sam_9x60\apps\legato_quickstart\firmware\legato_qs_9x60_ek_tm5000.IAR\Debug\Obj\legato_imagedecoder_raw_mask.o
#        C:\Harmony3\harmony_gfx_apps_sam_9x60\apps\legato_quickstart\firmware\legato_qs_9x60_ek_tm5000.IAR\Debug\Obj\legato_imagedecoder_raw_palette_internal.o
#        C:\Harmony3\harmony_gfx_apps_sam_9x60\apps\legato_quickstart\firmware\legato_qs_9x60_ek_tm5000.IAR\Debug\Obj\legato_imagedecoder_raw_palette_stream.o
#        C:\Harmony3\harmony_gfx_apps_sam_9x60\apps\legato_quickstart\firmware\legato_qs_9x60_ek_tm5000.IAR\Debug\Obj\legato_imagedecoder_raw_read_internal.o
#        C:\Harmony3\harmony_gfx_apps_sam_9x60\apps\legato_quickstart\firmware\legato_qs_9x60_ek_tm5000.IAR\Debug\Obj\legato_imagedecoder_raw_read_stream_color.o
#        C:\Harmony3\harmony_gfx_apps_sam_9x60\apps\legato_quickstart\firmware\legato_qs_9x60_ek_tm5000.IAR\Debug\Obj\legato_imagedecoder_raw_read_stream_index.o
#        C:\Harmony3\harmony_gfx_apps_sam_9x60\apps\legato_quickstart\firmware\legato_qs_9x60_ek_tm5000.IAR\Debug\Obj\legato_imagedecoder_raw_read_stream_rlecolor.o
#        C:\Harmony3\harmony_gfx_apps_sam_9x60\apps\legato_quickstart\firmware\legato_qs_9x60_ek_tm5000.IAR\Debug\Obj\legato_imagedecoder_raw_read_stream_rleindex.o
#        C:\Harmony3\harmony_gfx_apps_sam_9x60\apps\legato_quickstart\firmware\legato_qs_9x60_ek_tm5000.IAR\Debug\Obj\legato_imagedecoder_raw_rotate.o
#        C:\Harmony3\harmony_gfx_apps_sam_9x60\apps\legato_quickstart\firmware\legato_qs_9x60_ek_tm5000.IAR\Debug\Obj\legato_imagedecoder_raw_scale.o
#        C:\Harmony3\harmony_gfx_apps_sam_9x60\apps\legato_quickstart\firmware\legato_qs_9x60_ek_tm5000.IAR\Debug\Obj\legato_imagedecoder_raw_setup.o
#        C:\Harmony3\harmony_gfx_apps_sam_9x60\apps\legato_quickstart\firmware\legato_qs_9x60_ek_tm5000.IAR\Debug\Obj\legato_imagedecoder_raw_write.o
#        C:\Harmony3\harmony_gfx_apps_sam_9x60\apps\legato_quickstart\firmware\legato_qs_9x60_ek_tm5000.IAR\Debug\Obj\legato_input.o
#        C:\Harmony3\harmony_gfx_apps_sam_9x60\apps\legato_quickstart\firmware\legato_qs_9x60_ek_tm5000.IAR\Debug\Obj\legato_list.o
#        C:\Harmony3\harmony_gfx_apps_sam_9x60\apps\legato_quickstart\firmware\legato_qs_9x60_ek_tm5000.IAR\Debug\Obj\legato_math.o
#        C:\Harmony3\harmony_gfx_apps_sam_9x60\apps\legato_quickstart\firmware\legato_qs_9x60_ek_tm5000.IAR\Debug\Obj\legato_memory.o
#        C:\Harmony3\harmony_gfx_apps_sam_9x60\apps\legato_quickstart\firmware\legato_qs_9x60_ek_tm5000.IAR\Debug\Obj\legato_palette.o
#        C:\Harmony3\harmony_gfx_apps_sam_9x60\apps\legato_quickstart\firmware\legato_qs_9x60_ek_tm5000.IAR\Debug\Obj\legato_pixelbuffer.o
#        C:\Harmony3\harmony_gfx_apps_sam_9x60\apps\legato_quickstart\firmware\legato_qs_9x60_ek_tm5000.IAR\Debug\Obj\legato_radiobutton_group.o
#        C:\Harmony3\harmony_gfx_apps_sam_9x60\apps\legato_quickstart\firmware\legato_qs_9x60_ek_tm5000.IAR\Debug\Obj\legato_rasterfont_liberationmono1.o
#        C:\Harmony3\harmony_gfx_apps_sam_9x60\apps\legato_quickstart\firmware\legato_qs_9x60_ek_tm5000.IAR\Debug\Obj\legato_rasterfont_liberationmono8.o
#        C:\Harmony3\harmony_gfx_apps_sam_9x60\apps\legato_quickstart\firmware\legato_qs_9x60_ek_tm5000.IAR\Debug\Obj\legato_rasterfont_stream.o
#        C:\Harmony3\harmony_gfx_apps_sam_9x60\apps\legato_quickstart\firmware\legato_qs_9x60_ek_tm5000.IAR\Debug\Obj\legato_rect.o
#        C:\Harmony3\harmony_gfx_apps_sam_9x60\apps\legato_quickstart\firmware\legato_qs_9x60_ek_tm5000.IAR\Debug\Obj\legato_rectarray.o
#        C:\Harmony3\harmony_gfx_apps_sam_9x60\apps\legato_quickstart\firmware\legato_qs_9x60_ek_tm5000.IAR\Debug\Obj\legato_renderer.o
#        C:\Harmony3\harmony_gfx_apps_sam_9x60\apps\legato_quickstart\firmware\legato_qs_9x60_ek_tm5000.IAR\Debug\Obj\legato_scheme.o
#        C:\Harmony3\harmony_gfx_apps_sam_9x60\apps\legato_quickstart\firmware\legato_qs_9x60_ek_tm5000.IAR\Debug\Obj\legato_state.o
#        C:\Harmony3\harmony_gfx_apps_sam_9x60\apps\legato_quickstart\firmware\legato_qs_9x60_ek_tm5000.IAR\Debug\Obj\legato_stream.o
#        C:\Harmony3\harmony_gfx_apps_sam_9x60\apps\legato_quickstart\firmware\legato_qs_9x60_ek_tm5000.IAR\Debug\Obj\legato_string.o
#        C:\Harmony3\harmony_gfx_apps_sam_9x60\apps\legato_quickstart\firmware\legato_qs_9x60_ek_tm5000.IAR\Debug\Obj\legato_string_renderer.o
#        C:\Harmony3\harmony_gfx_apps_sam_9x60\apps\legato_quickstart\firmware\legato_qs_9x60_ek_tm5000.IAR\Debug\Obj\legato_string_renderer_stream.o
#        C:\Harmony3\harmony_gfx_apps_sam_9x60\apps\legato_quickstart\firmware\legato_qs_9x60_ek_tm5000.IAR\Debug\Obj\legato_stringtable.o
#        C:\Harmony3\harmony_gfx_apps_sam_9x60\apps\legato_quickstart\firmware\legato_qs_9x60_ek_tm5000.IAR\Debug\Obj\legato_stringutils.o
#        C:\Harmony3\harmony_gfx_apps_sam_9x60\apps\legato_quickstart\firmware\legato_qs_9x60_ek_tm5000.IAR\Debug\Obj\legato_tablestring.o
#        C:\Harmony3\harmony_gfx_apps_sam_9x60\apps\legato_quickstart\firmware\legato_qs_9x60_ek_tm5000.IAR\Debug\Obj\legato_utils.o
#        C:\Harmony3\harmony_gfx_apps_sam_9x60\apps\legato_quickstart\firmware\legato_qs_9x60_ek_tm5000.IAR\Debug\Obj\legato_variableheap.o
#        C:\Harmony3\harmony_gfx_apps_sam_9x60\apps\legato_quickstart\firmware\legato_qs_9x60_ek_tm5000.IAR\Debug\Obj\legato_widget.o
#        C:\Harmony3\harmony_gfx_apps_sam_9x60\apps\legato_quickstart\firmware\legato_qs_9x60_ek_tm5000.IAR\Debug\Obj\legato_widget_arc.o
#        C:\Harmony3\harmony_gfx_apps_sam_9x60\apps\legato_quickstart\firmware\legato_qs_9x60_ek_tm5000.IAR\Debug\Obj\legato_widget_arc_skin_classic.o
#        C:\Harmony3\harmony_gfx_apps_sam_9x60\apps\legato_quickstart\firmware\legato_qs_9x60_ek_tm5000.IAR\Debug\Obj\legato_widget_bar_graph.o
#        C:\Harmony3\harmony_gfx_apps_sam_9x60\apps\legato_quickstart\firmware\legato_qs_9x60_ek_tm5000.IAR\Debug\Obj\legato_widget_bar_graph_skin_classic.o
#        C:\Harmony3\harmony_gfx_apps_sam_9x60\apps\legato_quickstart\firmware\legato_qs_9x60_ek_tm5000.IAR\Debug\Obj\legato_widget_button.o
#        C:\Harmony3\harmony_gfx_apps_sam_9x60\apps\legato_quickstart\firmware\legato_qs_9x60_ek_tm5000.IAR\Debug\Obj\legato_widget_button_skin_classic.o
#        C:\Harmony3\harmony_gfx_apps_sam_9x60\apps\legato_quickstart\firmware\legato_qs_9x60_ek_tm5000.IAR\Debug\Obj\legato_widget_checkbox.o
#        C:\Harmony3\harmony_gfx_apps_sam_9x60\apps\legato_quickstart\firmware\legato_qs_9x60_ek_tm5000.IAR\Debug\Obj\legato_widget_checkbox_skin_classic.o
#        C:\Harmony3\harmony_gfx_apps_sam_9x60\apps\legato_quickstart\firmware\legato_qs_9x60_ek_tm5000.IAR\Debug\Obj\legato_widget_circle.o
#        C:\Harmony3\harmony_gfx_apps_sam_9x60\apps\legato_quickstart\firmware\legato_qs_9x60_ek_tm5000.IAR\Debug\Obj\legato_widget_circle_skin_classic.o
#        C:\Harmony3\harmony_gfx_apps_sam_9x60\apps\legato_quickstart\firmware\legato_qs_9x60_ek_tm5000.IAR\Debug\Obj\legato_widget_circular_gauge.o
#        C:\Harmony3\harmony_gfx_apps_sam_9x60\apps\legato_quickstart\firmware\legato_qs_9x60_ek_tm5000.IAR\Debug\Obj\legato_widget_circular_gauge_skin_classic.o
#        C:\Harmony3\harmony_gfx_apps_sam_9x60\apps\legato_quickstart\firmware\legato_qs_9x60_ek_tm5000.IAR\Debug\Obj\legato_widget_circular_slider.o
#        C:\Harmony3\harmony_gfx_apps_sam_9x60\apps\legato_quickstart\firmware\legato_qs_9x60_ek_tm5000.IAR\Debug\Obj\legato_widget_circular_slider_skin_classic.o
#        C:\Harmony3\harmony_gfx_apps_sam_9x60\apps\legato_quickstart\firmware\legato_qs_9x60_ek_tm5000.IAR\Debug\Obj\legato_widget_drawsurface.o
#        C:\Harmony3\harmony_gfx_apps_sam_9x60\apps\legato_quickstart\firmware\legato_qs_9x60_ek_tm5000.IAR\Debug\Obj\legato_widget_drawsurface_skin_classic.o
#        C:\Harmony3\harmony_gfx_apps_sam_9x60\apps\legato_quickstart\firmware\legato_qs_9x60_ek_tm5000.IAR\Debug\Obj\legato_widget_gradient.o
#        C:\Harmony3\harmony_gfx_apps_sam_9x60\apps\legato_quickstart\firmware\legato_qs_9x60_ek_tm5000.IAR\Debug\Obj\legato_widget_gradient_skin_classic.o
#        C:\Harmony3\harmony_gfx_apps_sam_9x60\apps\legato_quickstart\firmware\legato_qs_9x60_ek_tm5000.IAR\Debug\Obj\legato_widget_groupbox.o
#        C:\Harmony3\harmony_gfx_apps_sam_9x60\apps\legato_quickstart\firmware\legato_qs_9x60_ek_tm5000.IAR\Debug\Obj\legato_widget_groupbox_skin_classic.o
#        C:\Harmony3\harmony_gfx_apps_sam_9x60\apps\legato_quickstart\firmware\legato_qs_9x60_ek_tm5000.IAR\Debug\Obj\legato_widget_image.o
#        C:\Harmony3\harmony_gfx_apps_sam_9x60\apps\legato_quickstart\firmware\legato_qs_9x60_ek_tm5000.IAR\Debug\Obj\legato_widget_image_skin_classic.o
#        C:\Harmony3\harmony_gfx_apps_sam_9x60\apps\legato_quickstart\firmware\legato_qs_9x60_ek_tm5000.IAR\Debug\Obj\legato_widget_imagerotate.o
#        C:\Harmony3\harmony_gfx_apps_sam_9x60\apps\legato_quickstart\firmware\legato_qs_9x60_ek_tm5000.IAR\Debug\Obj\legato_widget_imagerotate_skin_classic.o
#        C:\Harmony3\harmony_gfx_apps_sam_9x60\apps\legato_quickstart\firmware\legato_qs_9x60_ek_tm5000.IAR\Debug\Obj\legato_widget_imagescale.o
#        C:\Harmony3\harmony_gfx_apps_sam_9x60\apps\legato_quickstart\firmware\legato_qs_9x60_ek_tm5000.IAR\Debug\Obj\legato_widget_imagescale_skin_classic.o
#        C:\Harmony3\harmony_gfx_apps_sam_9x60\apps\legato_quickstart\firmware\legato_qs_9x60_ek_tm5000.IAR\Debug\Obj\legato_widget_imagesequence.o
#        C:\Harmony3\harmony_gfx_apps_sam_9x60\apps\legato_quickstart\firmware\legato_qs_9x60_ek_tm5000.IAR\Debug\Obj\legato_widget_imagesequence_skin_classic.o
#        C:\Harmony3\harmony_gfx_apps_sam_9x60\apps\legato_quickstart\firmware\legato_qs_9x60_ek_tm5000.IAR\Debug\Obj\legato_widget_keypad.o
#        C:\Harmony3\harmony_gfx_apps_sam_9x60\apps\legato_quickstart\firmware\legato_qs_9x60_ek_tm5000.IAR\Debug\Obj\legato_widget_keypad_skin_classic.o
#        C:\Harmony3\harmony_gfx_apps_sam_9x60\apps\legato_quickstart\firmware\legato_qs_9x60_ek_tm5000.IAR\Debug\Obj\legato_widget_label.o
#        C:\Harmony3\harmony_gfx_apps_sam_9x60\apps\legato_quickstart\firmware\legato_qs_9x60_ek_tm5000.IAR\Debug\Obj\legato_widget_label_skin_classic.o
#        C:\Harmony3\harmony_gfx_apps_sam_9x60\apps\legato_quickstart\firmware\legato_qs_9x60_ek_tm5000.IAR\Debug\Obj\legato_widget_line.o
#        C:\Harmony3\harmony_gfx_apps_sam_9x60\apps\legato_quickstart\firmware\legato_qs_9x60_ek_tm5000.IAR\Debug\Obj\legato_widget_line_graph.o
#        C:\Harmony3\harmony_gfx_apps_sam_9x60\apps\legato_quickstart\firmware\legato_qs_9x60_ek_tm5000.IAR\Debug\Obj\legato_widget_line_graph_skin_classic.o
#        C:\Harmony3\harmony_gfx_apps_sam_9x60\apps\legato_quickstart\firmware\legato_qs_9x60_ek_tm5000.IAR\Debug\Obj\legato_widget_line_skin_classic.o
#        C:\Harmony3\harmony_gfx_apps_sam_9x60\apps\legato_quickstart\firmware\legato_qs_9x60_ek_tm5000.IAR\Debug\Obj\legato_widget_list.o
#        C:\Harmony3\harmony_gfx_apps_sam_9x60\apps\legato_quickstart\firmware\legato_qs_9x60_ek_tm5000.IAR\Debug\Obj\legato_widget_list_skin_classic.o
#        C:\Harmony3\harmony_gfx_apps_sam_9x60\apps\legato_quickstart\firmware\legato_qs_9x60_ek_tm5000.IAR\Debug\Obj\legato_widget_listwheel.o
#        C:\Harmony3\harmony_gfx_apps_sam_9x60\apps\legato_quickstart\firmware\legato_qs_9x60_ek_tm5000.IAR\Debug\Obj\legato_widget_listwheel_skin_classic.o
#        C:\Harmony3\harmony_gfx_apps_sam_9x60\apps\legato_quickstart\firmware\legato_qs_9x60_ek_tm5000.IAR\Debug\Obj\legato_widget_pie_chart.o
#        C:\Harmony3\harmony_gfx_apps_sam_9x60\apps\legato_quickstart\firmware\legato_qs_9x60_ek_tm5000.IAR\Debug\Obj\legato_widget_pie_chart_skin_classic.o
#        C:\Harmony3\harmony_gfx_apps_sam_9x60\apps\legato_quickstart\firmware\legato_qs_9x60_ek_tm5000.IAR\Debug\Obj\legato_widget_progressbar.o
#        C:\Harmony3\harmony_gfx_apps_sam_9x60\apps\legato_quickstart\firmware\legato_qs_9x60_ek_tm5000.IAR\Debug\Obj\legato_widget_progressbar_skin_classic.o
#        C:\Harmony3\harmony_gfx_apps_sam_9x60\apps\legato_quickstart\firmware\legato_qs_9x60_ek_tm5000.IAR\Debug\Obj\legato_widget_radial_menu.o
#        C:\Harmony3\harmony_gfx_apps_sam_9x60\apps\legato_quickstart\firmware\legato_qs_9x60_ek_tm5000.IAR\Debug\Obj\legato_widget_radial_menu_skin_classic.o
#        C:\Harmony3\harmony_gfx_apps_sam_9x60\apps\legato_quickstart\firmware\legato_qs_9x60_ek_tm5000.IAR\Debug\Obj\legato_widget_radiobutton.o
#        C:\Harmony3\harmony_gfx_apps_sam_9x60\apps\legato_quickstart\firmware\legato_qs_9x60_ek_tm5000.IAR\Debug\Obj\legato_widget_radiobutton_skin_classic.o
#        C:\Harmony3\harmony_gfx_apps_sam_9x60\apps\legato_quickstart\firmware\legato_qs_9x60_ek_tm5000.IAR\Debug\Obj\legato_widget_rectangle.o
#        C:\Harmony3\harmony_gfx_apps_sam_9x60\apps\legato_quickstart\firmware\legato_qs_9x60_ek_tm5000.IAR\Debug\Obj\legato_widget_rectangle_skin_classic.o
#        C:\Harmony3\harmony_gfx_apps_sam_9x60\apps\legato_quickstart\firmware\legato_qs_9x60_ek_tm5000.IAR\Debug\Obj\legato_widget_scrollbar.o
#        C:\Harmony3\harmony_gfx_apps_sam_9x60\apps\legato_quickstart\firmware\legato_qs_9x60_ek_tm5000.IAR\Debug\Obj\legato_widget_scrollbar_skin_classic.o
#        C:\Harmony3\harmony_gfx_apps_sam_9x60\apps\legato_quickstart\firmware\legato_qs_9x60_ek_tm5000.IAR\Debug\Obj\legato_widget_skin_classic.o
#        C:\Harmony3\harmony_gfx_apps_sam_9x60\apps\legato_quickstart\firmware\legato_qs_9x60_ek_tm5000.IAR\Debug\Obj\legato_widget_skin_classic_common.o
#        C:\Harmony3\harmony_gfx_apps_sam_9x60\apps\legato_quickstart\firmware\legato_qs_9x60_ek_tm5000.IAR\Debug\Obj\legato_widget_slider.o
#        C:\Harmony3\harmony_gfx_apps_sam_9x60\apps\legato_quickstart\firmware\legato_qs_9x60_ek_tm5000.IAR\Debug\Obj\legato_widget_slider_skin_classic.o
#        C:\Harmony3\harmony_gfx_apps_sam_9x60\apps\legato_quickstart\firmware\legato_qs_9x60_ek_tm5000.IAR\Debug\Obj\legato_widget_textfield.o
#        C:\Harmony3\harmony_gfx_apps_sam_9x60\apps\legato_quickstart\firmware\legato_qs_9x60_ek_tm5000.IAR\Debug\Obj\legato_widget_textfield_skin_classic.o
#        C:\Harmony3\harmony_gfx_apps_sam_9x60\apps\legato_quickstart\firmware\legato_qs_9x60_ek_tm5000.IAR\Debug\Obj\legato_widget_touchtest.o
#        C:\Harmony3\harmony_gfx_apps_sam_9x60\apps\legato_quickstart\firmware\legato_qs_9x60_ek_tm5000.IAR\Debug\Obj\legato_widget_touchtest_skin_classic.o
#        C:\Harmony3\harmony_gfx_apps_sam_9x60\apps\legato_quickstart\firmware\legato_qs_9x60_ek_tm5000.IAR\Debug\Obj\legato_widget_window.o
#        C:\Harmony3\harmony_gfx_apps_sam_9x60\apps\legato_quickstart\firmware\legato_qs_9x60_ek_tm5000.IAR\Debug\Obj\legato_widget_window_skin_classic.o
#        C:\Harmony3\harmony_gfx_apps_sam_9x60\apps\legato_quickstart\firmware\legato_qs_9x60_ek_tm5000.IAR\Debug\Obj\lodepng.o
#        C:\Harmony3\harmony_gfx_apps_sam_9x60\apps\legato_quickstart\firmware\legato_qs_9x60_ek_tm5000.IAR\Debug\Obj\main.o
#        C:\Harmony3\harmony_gfx_apps_sam_9x60\apps\legato_quickstart\firmware\legato_qs_9x60_ek_tm5000.IAR\Debug\Obj\plib_aic.o
#        C:\Harmony3\harmony_gfx_apps_sam_9x60\apps\legato_quickstart\firmware\legato_qs_9x60_ek_tm5000.IAR\Debug\Obj\plib_clk.o
#        C:\Harmony3\harmony_gfx_apps_sam_9x60\apps\legato_quickstart\firmware\legato_qs_9x60_ek_tm5000.IAR\Debug\Obj\plib_flexcom0_twi.o
#        C:\Harmony3\harmony_gfx_apps_sam_9x60\apps\legato_quickstart\firmware\legato_qs_9x60_ek_tm5000.IAR\Debug\Obj\plib_lcdc.o
#        C:\Harmony3\harmony_gfx_apps_sam_9x60\apps\legato_quickstart\firmware\legato_qs_9x60_ek_tm5000.IAR\Debug\Obj\plib_mmu.o
#        C:\Harmony3\harmony_gfx_apps_sam_9x60\apps\legato_quickstart\firmware\legato_qs_9x60_ek_tm5000.IAR\Debug\Obj\plib_pio.o
#        C:\Harmony3\harmony_gfx_apps_sam_9x60\apps\legato_quickstart\firmware\legato_qs_9x60_ek_tm5000.IAR\Debug\Obj\plib_tc0.o
#        C:\Harmony3\harmony_gfx_apps_sam_9x60\apps\legato_quickstart\firmware\legato_qs_9x60_ek_tm5000.IAR\Debug\Obj\sys_cache.o
#        C:\Harmony3\harmony_gfx_apps_sam_9x60\apps\legato_quickstart\firmware\legato_qs_9x60_ek_tm5000.IAR\Debug\Obj\sys_input.o
#        C:\Harmony3\harmony_gfx_apps_sam_9x60\apps\legato_quickstart\firmware\legato_qs_9x60_ek_tm5000.IAR\Debug\Obj\sys_input_listener.o
#        C:\Harmony3\harmony_gfx_apps_sam_9x60\apps\legato_quickstart\firmware\legato_qs_9x60_ek_tm5000.IAR\Debug\Obj\sys_int.o
#        C:\Harmony3\harmony_gfx_apps_sam_9x60\apps\legato_quickstart\firmware\legato_qs_9x60_ek_tm5000.IAR\Debug\Obj\sys_time.o
#        C:\Harmony3\harmony_gfx_apps_sam_9x60\apps\legato_quickstart\firmware\legato_qs_9x60_ek_tm5000.IAR\Debug\Obj\tasks.o
#        C:\Harmony3\harmony_gfx_apps_sam_9x60\apps\legato_quickstart\firmware\legato_qs_9x60_ek_tm5000.IAR\Debug\Obj\vectortrap.o
#        --no_out_extension -o
#        C:\Harmony3\harmony_gfx_apps_sam_9x60\apps\legato_quickstart\firmware\legato_qs_9x60_ek_tm5000.IAR\Debug\Exe\lcdc_rgba8888_mxt_9x60_wvga.out
#        --map
#        C:\Harmony3\harmony_gfx_apps_sam_9x60\apps\legato_quickstart\firmware\legato_qs_9x60_ek_tm5000.IAR\Debug\List\lcdc_rgba8888_mxt_9x60_wvga.map
#        --config
#        C:\Harmony3\harmony_gfx_apps_sam_9x60\apps\legato_quickstart\firmware\legato_qs_9x60_ek_tm5000.IAR\..\src\config\lcdc_rgba8888_mxt_9x60_wvga_iar\ddram.icf
#        --semihosting --entry __iar_program_start --vfe --text_out locale)
#
###############################################################################

*******************************************************************************
*** RUNTIME MODEL ATTRIBUTES
***

CppFlavor       = *
__SystemLibrary = DLib
__dlib_version  = 6


*******************************************************************************
*** HEAP SELECTION
***

The basic heap was selected because no calls to memory allocation
functions were found in the application outside of system library
functions, and there are calls to deallocation functions in the
application.


*******************************************************************************
*** PLACEMENT SUMMARY
***

"A0":  place at start of [from 0x30'0000 to 0x30'ffff] { section .vectors };
"A1":  place at address 0x23f0'0000 { section .cstartup };
"P2":  place in [from 0x2100'0000 to 0x2fff'ffff] { ro };
"P3":  place in [from 0x2100'0000 to 0x2fff'ffff] { rw };
define block CACHE_ALIGNED_CONST
   with alignment = 32 { section .region_cache_aligned_const };
"P4":  place in [from 0x2100'0000 to 0x2fff'ffff] { block CACHE_ALIGNED_CONST };
"P5":  place in [from 0x2100'0000 to 0x2fff'ffff] { zi };
define block CACHE_ALIGNED
   with alignment = 32 { section .region_cache_aligned };
"P6":  place in [from 0x2100'0000 to 0x2fff'ffff] { block CACHE_ALIGNED };
define block DDRAM { section .region_ddr };
"P7":  place in [from 0x2100'0000 to 0x2fff'ffff] { block DDRAM };
define block HEAP with size = 32K, alignment = 4 { };
"P8":  place in [from 0x2100'0000 to 0x2fff'ffff] { block HEAP };
define block CSTACK with size = 4K, alignment = 8 { };
"P9":  place in [from 0x2100'0000 to 0x2fff'ffff] { block CSTACK };
define block FIQ_STACK with size = 96, alignment = 8 { };
"P10": place in [from 0x2100'0000 to 0x2fff'ffff] { block FIQ_STACK };
define block IRQ_STACK with size = 96, alignment = 8 { };
"P11": place in [from 0x2100'0000 to 0x2fff'ffff] { block IRQ_STACK };
define block SVC_STACK with size = 4K, alignment = 8 { };
"P12": place in [from 0x2100'0000 to 0x2fff'ffff] { block SVC_STACK };
define block ABT_STACK with size = 64, alignment = 8 { };
"P13": place in [from 0x2100'0000 to 0x2fff'ffff] { block ABT_STACK };
define block UND_STACK with size = 64, alignment = 8 { };
"P14": place in [from 0x2100'0000 to 0x2fff'ffff] { block UND_STACK };
define block NO_CACHE { section .region_nocache };
"P15": place in [from 0x2000'0000 to 0x20ff'ffff] { block NO_CACHE };
do not initialize { section .region_nocache };
initialize by copy with packing = copy, complex ranges { section .vectors };

No sections matched the following patterns:

  section .region_cache_aligned        in block CACHE_ALIGNED
  section .region_cache_aligned_const  in block CACHE_ALIGNED_CONST
  section .region_ddr                  in block DDRAM
  section .region_sram                 in block SRAM


  Section             Kind         Address       Size  Object
  -------             ----         -------       ----  ------
"A0":                                            0x3c
  section .vectors-1             0x30'0000       0x3c  <Init block>
    .vectors          inited     0x30'0000       0x3c  cstartup.o [1]
                               - 0x30'003c       0x3c

"P15":                                      0x46'50a0
  NO_CACHE                     0x2000'0000  0x46'50a0  <Block>
    .region_nocache   uninit   0x2000'0000        0xc  drv_gfx_lcdc.o [1]
    .region_nocache   uninit   0x2000'0040        0xc  drv_gfx_lcdc.o [1]
    .region_nocache   uninit   0x2000'0080        0xc  drv_gfx_lcdc.o [1]
    .region_nocache   uninit   0x2000'00a0  0x17'7000  drv_gfx_lcdc.o [1]
    .region_nocache   uninit   0x2017'70a0  0x17'7000  drv_gfx_lcdc.o [1]
    .region_nocache   uninit   0x202e'e0a0  0x17'7000  drv_gfx_lcdc.o [1]
                             - 0x2046'50a0  0x46'50a0

"A1":                                            0xe8
  .cstartup           ro code  0x23f0'0000       0xe8  cstartup.o [1]
                             - 0x23f0'00e8       0xe8

"P2-P14", part 1 of 3:                       0x7'4f15
  .rodata             const    0x23f0'00e8   0x4'6500  le_gen_images.o [1]
  .text               ro code  0x23f4'65e8     0x577c  lodepng.o [1]
  .text               ro code  0x23f4'bd64      0x51c  legato_memory.o [1]
  .text               ro code  0x23f4'c280       0x54  strlen.o [4]
  .text               ro code  0x23f4'c2d4       0xd4  ABImemcpy.o [4]
  .text               ro code  0x23f4'c3a8      0x1a8  I32DivMod.o [4]
  .text               ro code  0x23f4'c550        0xc  abs.o [2]
  .text               ro code  0x23f4'c55c       0x78  ABImemset.o [4]
  .text               ro code  0x23f4'c5d4      0x1f0  legato_fixedheap.o [1]
  .text               ro code  0x23f4'c7c4      0xaac  legato_variableheap.o [1]
  .text               ro code  0x23f4'd270        0x4  IntDivZer.o [4]
  .rodata             const    0x23f4'd274     0x47ec  le_gen_images.o [1]
  .rodata             const    0x23f5'1a60     0x33a8  le_gen_images.o [1]
  .text               ro code  0x23f5'4e08     0x224c  legato_imagedecoder_jpeg_common.o [1]
  .text               ro code  0x23f5'7054      0x63c  jidctint.o [1]
  .text               ro code  0x23f5'7690      0x544  legato_pixelbuffer.o [1]
  .text               ro code  0x23f5'7bd4      0x5e8  legato_rect.o [1]
  .text               ro code  0x23f5'81bc      0x5b4  legato_color_convert.o [1]
  .text               ro code  0x23f5'8770      0xc0c  legato_math.o [1]
  .text               ro code  0x23f5'937c       0x28  U32ToFlt.o [3]
  .text               ro code  0x23f5'93a4      0x1b8  FltDiv.o [3]
  .text               ro code  0x23f5'955c      0x144  FltMul.o [3]
  .text               ro code  0x23f5'96a0       0x34  FltToU32.o [3]
  .text               ro code  0x23f5'96d4      0x124  FltSub.o [3]
  .text               ro code  0x23f5'97f8       0x40  FltToS32.o [3]
  .text               ro code  0x23f5'9838       0x2c  FltCmpLe.o [3]
  .text               ro code  0x23f5'9864       0x30  S32ToFlt.o [3]
  .text               ro code  0x23f5'9894       0xa4  FltAdd.o [3]
  .text               ro code  0x23f5'9938     0x1924  legato_widget.o [1]
  .text               ro code  0x23f5'b25c      0x5a0  legato_state.o [1]
  .text               ro code  0x23f5'b7fc      0x3f4  legato_array.o [1]
  .text               ro code  0x23f5'bbf0      0x8c8  legato_utils.o [1]
  .text               ro code  0x23f5'c4b8        0x8  ABImemclr.o [4]
  .text               ro code  0x23f5'c4c0      0xfb0  legato_renderer.o [1]
  .text               ro code  0x23f5'd470      0x150  legato_event.o [1]
  .text               ro code  0x23f5'd5c0      0x4cc  legato_input.o [1]
  .text               ro code  0x23f5'da8c      0x290  legato_image.o [1]
  .text               ro code  0x23f5'dd1c      0x9c8  legato_rectarray.o [1]
  .text               ro code  0x23f5'e6e4      0x1a8  legato_list.o [1]
  .text               ro code  0x23f5'e88c     0x1580  legato_imagedecoder_raw.o [1]
  .text               ro code  0x23f5'fe0c      0x3a0  legato_imagedecoder_png.o [1]
  .text               ro code  0x23f6'01ac      0x640  legato_imagedecoder_jpeg.o [1]
  .text               ro code  0x23f6'07ec      0x3a0  legato_imagedecoder_raw_read_internal.o [1]
  .text               ro code  0x23f6'0b8c       0x74  legato_imagedecoder_raw_mask.o [1]
  .text               ro code  0x23f6'0c00      0x15c  legato_imagedecoder_raw_palette_internal.o [1]
  .text               ro code  0x23f6'0d5c       0xe8  legato_imagedecoder_raw_convert.o [1]
  .text               ro code  0x23f6'0e44      0x1c8  legato_imagedecoder_raw_blend.o [1]
  .text               ro code  0x23f6'100c      0x7b0  legato_gpu.o [1]
  .text               ro code  0x23f6'17bc      0x24c  legato_imagedecoder_raw_setup.o [1]
  .text               ro code  0x23f6'1a08      0x4bc  legato_imagedecoder_raw_scale.o [1]
  .text               ro code  0x23f6'1ec4       0xf4  legato_imagedecoder_raw_write.o [1]
  .text               ro code  0x23f6'1fb8      0x5f0  legato_imagedecoder_raw_rotate.o [1]
  .text               ro code  0x23f6'25a8      0x208  legato_color.o [1]
  .text               ro code  0x23f6'27b0      0x394  legato_draw.o [1]
  .text               ro code  0x23f6'2b44      0x178  legato_image_utils.o [1]
  .text               ro code  0x23f6'2cbc      0x224  legato_color_blend.o [1]
  .text               ro code  0x23f6'2ee0      0x374  legato_color_lerp.o [1]
  .rodata             const    0x23f6'3254     0x17f4  le_gen_fonts.o [1]
  .text               ro code  0x23f6'4a48     0x1590  drv_maxtouch.o [1]
  .text               ro code  0x23f6'5fd8      0xbfc  sys_time.o [1]
  .text               ro code  0x23f6'6bd4      0xc28  drv_i2c.o [1]
  .text               ro code  0x23f6'77fc      0x438  sys_input.o [1]
  .text               ro code  0x23f6'7c34      0x1f0  sys_int.o [1]
  .text               ro code  0x23f6'7e24      0x130  I64DivMod.o [4]
  .text               ro code  0x23f6'7f54        0x4  I64DivZer.o [4]
  .text               ro code  0x23f6'7f58     0x1374  plib_lcdc.o [1]
  .rodata             const    0x23f6'92cc     0x124c  le_gen_images.o [1]
  .text               ro code  0x23f6'a518      0xc24  legato_draw_arc.o [1]
  .text               ro code  0x23f6'b13c       0x2c  FltCmpGe.o [3]
  .text               ro code  0x23f6'b168      0xbfc  drv_gfx_lcdc.o [1]
  .text               ro code  0x23f6'bd64      0x164  gfx_driver.o [1]
  .text               ro code  0x23f6'bec8      0xa8c  legato_widget_skin_classic_common.o [1]
  .text               ro code  0x23f6'c954       0x6c  legato_draw_rect.o [1]
  .text               ro code  0x23f6'c9c0       0x5c  legato_scheme.o [1]
  .text               ro code  0x23f6'ca1c      0x258  legato_draw_line.o [1]
  .text               ro code  0x23f6'cc74      0x9c8  legato_widget_button.o [1]
  .text               ro code  0x23f6'd63c      0x840  legato_widget_button_skin_classic.o [1]
  .text               ro code  0x23f6'de7c      0x90c  legato_dynamicstring.o [1]
  .text               ro code  0x23f6'e788      0x6e0  legato_string.o [1]
  .text               ro code  0x23f6'ee68      0x52c  legato_font.o [1]
  .text               ro code  0x23f6'f394      0x220  legato_string_renderer.o [1]
  .text               ro code  0x23f6'f5b4      0x830  legato_fixedstring.o [1]
  .text               ro code  0x23f6'fde4      0x7c0  le_gen_screen_Screen0.o [1]
  .text               ro code  0x23f7'05a4      0x1a8  legato_widget_image.o [1]
  .text               ro code  0x23f7'074c      0x1fc  legato_widget_label.o [1]
  .text               ro code  0x23f7'0948      0x2d4  legato_widget_image_skin_classic.o [1]
  .text               ro code  0x23f7'0c1c      0x300  legato_widget_label_skin_classic.o [1]
  .text               ro code  0x23f7'0f1c      0x7a4  plib_flexcom0_twi.o [1]
  .text               ro code  0x23f7'16c0      0x414  legato_tablestring.o [1]
  .text               ro code  0x23f7'1ad4      0x1f4  legato_stringtable.o [1]
  .text               ro code  0x23f7'1cc8      0x310  legato_stringutils.o [1]
  .text               ro code  0x23f7'1fd8      0x38c  plib_mmu.o [1]
  .rodata             const    0x23f7'2364      0x280  le_gen_scheme.o [1]
  .rodata             const    0x23f7'25e4      0x280  le_gen_scheme.o [1]
  .rodata             const    0x23f7'2864      0x280  le_gen_scheme.o [1]
  .rodata             const    0x23f7'2ae4      0x280  le_gen_scheme.o [1]
  .rodata             const    0x23f7'2d64      0x280  legato_scheme.o [1]
  .text               ro code  0x23f7'2fe4      0x230  plib_pio.o [1]
  .text               ro code  0x23f7'3214      0x17c  legato_widget_skin_classic.o [1]
  .text               ro code  0x23f7'3390      0x160  plib_aic.o [1]
  .rodata             const    0x23f7'34f0      0x140  gfx_driver.o [1]
  .rodata             const    0x23f7'3630      0x140  legato_color.o [1]
  .text               ro code  0x23f7'3770      0x13c  initialization.o [1]
  .text               ro code  0x23f7'38ac       0xfc  plib_clk.o [1]
  .text               ro code  0x23f7'39a8       0x24  bsp.o [1]
  .text               ro code  0x23f7'39cc      0x108  plib_tc0.o [1]
  .text               ro code  0x23f7'3ad4      0x114  le_gen_harmony.o [1]
  .text               ro code  0x23f7'3be8       0x54  app.o [1]
  .text               ro code  0x23f7'3c3c       0x98  le_gen_init.o [1]
  .text               ro code  0x23f7'3cd4       0x38  le_gen_stringtable.o [1]
  .rodata             const    0x23f7'3d0c       0xcc  le_gen_fonts.o [1]
  .rodata             const    0x23f7'3dd8       0xb8  legato_math.o [1]
  .text               ro code  0x23f7'3e90       0xa4  cstartup.o [1]
  .text               ro code  0x23f7'3f34       0x84  legato_editwidget.o [1]
  .rodata             const    0x23f7'3fb8       0x78  lodepng.o [1]
  .rodata             const    0x23f7'4030       0x78  lodepng.o [1]
  .rodata             const    0x23f7'40a8       0x74  lodepng.o [1]
  .rodata             const    0x23f7'411c       0x74  lodepng.o [1]
  .rodata             const    0x23f7'4190       0x4c  lodepng.o [1]
  .rodata             const    0x23f7'41dc       0x40  legato_imagedecoder_jpeg_common.o [1]
  .text               ro code  0x23f7'421c       0x3c  zero_init3.o [4]
  Initializer bytes   const    0x23f7'4258       0x3c  <for section .vectors-1>
  .text               ro code  0x23f7'4294       0x30  copy_init3.o [4]
  .rodata             const    0x23f7'42c4       0x28  le_gen_stringtable.o [1]
  .rodata             const    0x23f7'42ec       0x28  plib_clk.o [1]
  .text               ro code  0x23f7'4314       0x28  tasks.o [1]
  .text               ro code  0x23f7'433c       0x28  data_init.o [4]
  .iar.init_table     const    0x23f7'4364       0x24  - Linker created -
  .rodata             const    0x23f7'4388       0x1c  initialization.o [1]
  .rodata             const    0x23f7'43a4       0x1c  initialization.o [1]
  .rodata             const    0x23f7'43c0       0x1c  le_gen_harmony.o [1]
  .rodata             const    0x23f7'43dc       0x1c  lodepng.o [1]
  .rodata             const    0x23f7'43f8       0x1c  lodepng.o [1]
  .rodata             const    0x23f7'4414       0x1c  lodepng.o [1]
  .rodata             const    0x23f7'4430       0x1c  lodepng.o [1]
  .rodata             const    0x23f7'444c       0x18  initialization.o [1]
  .rodata             const    0x23f7'4464       0x18  initialization.o [1]
  .rodata             const    0x23f7'447c       0x18  le_gen_stringtable.o [1]
  .text               ro code  0x23f7'4494       0x18  interrupts.o [1]
  .rodata             const    0x23f7'44ac       0x14  initialization.o [1]
  .rodata             const    0x23f7'44c0       0x14  le_gen_globalpalette.o [1]
  .text               ro code  0x23f7'44d4       0x14  main.o [1]
  .rodata             const    0x23f7'44e8        0xc  le_gen_harmony.o [1]
  .rodata             const    0x23f7'44f4        0x8  initialization.o [1]
  .rodata             const    0x23f7'44fc        0x8  legato_imagedecoder_raw_rotate.o [1]
  .rodata             const    0x23f7'4504        0x8  legato_math.o [1]
  .rodata             const    0x23f7'450c        0x8  legato_widget_button_skin_classic.o [1]
  .rodata             const    0x23f7'4514        0x8  legato_widget_image_skin_classic.o [1]
  .rodata             const    0x23f7'451c        0x8  legato_widget_label_skin_classic.o [1]
  .rodata             const    0x23f7'4524        0x8  lodepng.o [1]
  .rodata             const    0x23f7'452c        0x8  lodepng.o [1]
  .rodata             const    0x23f7'4534        0x8  lodepng.o [1]
  .rodata             const    0x23f7'453c        0x8  lodepng.o [1]
  .rodata             const    0x23f7'4544        0x8  lodepng.o [1]
  .rodata             const    0x23f7'454c        0x8  lodepng.o [1]
  .rodata             const    0x23f7'4554        0x8  lodepng.o [1]
  .rodata             const    0x23f7'455c        0x8  lodepng.o [1]
  .rodata             const    0x23f7'4564        0x8  lodepng.o [1]
  .rodata             const    0x23f7'456c        0x8  lodepng.o [1]
  .rodata             const    0x23f7'4574        0x8  lodepng.o [1]
  .rodata             const    0x23f7'457c        0x4  drv_maxtouch.o [1]
  .text               ro code  0x23f7'4580        0x4  vectortrap.o [1]
  .rodata             const    0x23f7'4584        0x0  zero_init3.o [4]
  .rodata             const    0x23f7'4584        0x0  copy_init3.o [4]
  .data               rw data  0x23f7'4584      0x400  lodepng.o [1]
  .data               rw data  0x23f7'4984      0x200  le_gen_globalpalette.o [1]
  .data               rw data  0x23f7'4b84      0x190  legato_color_convert.o [1]
  .data               rw data  0x23f7'4d14       0x54  legato_memory.o [1]
  .data               rw data  0x23f7'4d68       0x3c  interrupts.o [1]
  .data               rw data  0x23f7'4da4       0x3c  le_gen_images.o [1]
  .data               rw data  0x23f7'4de0       0x3c  le_gen_images.o [1]
  .data               rw data  0x23f7'4e1c       0x3c  le_gen_images.o [1]
  .data               rw data  0x23f7'4e58       0x3c  le_gen_images.o [1]
  .data               rw data  0x23f7'4e94       0x28  legato_color_lerp.o [1]
  .data               rw data  0x23f7'4ebc       0x28  legato_image_utils.o [1]
  .data               rw data  0x23f7'4ee4       0x28  legato_state.o [1]
  .data               rw data  0x23f7'4f0c       0x24  drv_maxtouch.o [1]
  .data               rw data  0x23f7'4f30       0x1c  le_gen_fonts.o [1]
  .data               rw data  0x23f7'4f4c       0x18  legato_image_utils.o [1]
  .data               rw data  0x23f7'4f64       0x18  legato_pixelbuffer.o [1]
  .data               rw data  0x23f7'4f7c       0x14  legato_widget.o [1]
  .data               rw data  0x23f7'4f90       0x14  legato_widget.o [1]
  .data               rw data  0x23f7'4fa4       0x10  legato_pixelbuffer.o [1]
  .data               rw data  0x23f7'4fb4       0x10  legato_pixelbuffer.o [1]
  .data               rw data  0x23f7'4fc4        0xc  legato_stringutils.o [1]
  .data               rw data  0x23f7'4fd0        0x8  legato_font.o [1]
  .data               rw data  0x23f7'4fd8        0x4  drv_gfx_lcdc.o [1]
  .data               rw data  0x23f7'4fdc        0x4  drv_maxtouch.o [1]
  .data               rw data  0x23f7'4fe0        0x4  interrupts.o [1]
  .data               rw data  0x23f7'4fe4        0x4  le_gen_stringtable.o [1]
  .data               rw data  0x23f7'4fe8        0x4  legato_draw.o [1]
  .data               rw data  0x23f7'4fec        0x4  legato_imagedecoder_jpeg_common.o [1]
  .data               rw data  0x23f7'4ff0        0x4  legato_imagedecoder_jpeg_common.o [1]
  .data               rw data  0x23f7'4ff4        0x4  plib_flexcom0_twi.o [1]
  .data               rw data  0x23f7'4ff8        0x2  legato_imagedecoder_jpeg_common.o [1]
  .data               rw data  0x23f7'4ffa        0x2  sys_time.o [1]
  .data               rw data  0x23f7'4ffc        0x1  legato_renderer.o [1]
                             - 0x23f7'4ffd   0x7'4f15

"P2-P14", part 2 of 3:                      0x28'b564
  .bss                zero     0x23f7'5000  0x18'001c  legato_renderer.o [1]
  .bss                zero     0x240f'501c   0xf'a000  legato_memory.o [1]
  .bss                zero     0x241f'0000     0x4000  plib_mmu.o [1]
  .bss                zero     0x241f'4000     0x24c0  legato_memory.o [1]
  .bss                zero     0x241f'64c0     0x1800  legato_memory.o [1]
  .bss                zero     0x241f'7cc0     0x1800  legato_memory.o [1]
  .bss                zero     0x241f'94c0     0x15c0  drv_maxtouch.o [1]
  .bss                zero     0x241f'aa80     0x12c0  legato_memory.o [1]
  .bss                zero     0x241f'bd40     0x1000  legato_memory.o [1]
  .bss                zero     0x241f'cd40      0xc00  legato_memory.o [1]
  .bss                zero     0x241f'd940      0xa10  legato_imagedecoder_jpeg.o [1]
  .bss                zero     0x241f'e350      0xa10  legato_imagedecoder_jpeg.o [1]
  .bss                zero     0x241f'ed60      0x3ac  legato_state.o [1]
  .bss                zero     0x241f'f10c      0x180  legato_widget_button.o [1]
  .bss                zero     0x241f'f28c      0x180  sys_input.o [1]
  .bss                zero     0x241f'f40c      0x14c  legato_editwidget.o [1]
  .bss                zero     0x241f'f558      0x138  legato_widget_image.o [1]
  .bss                zero     0x241f'f690      0x138  legato_widget_label.o [1]
  .bss                zero     0x241f'f7c8      0x130  legato_widget.o [1]
  .bss                zero     0x241f'f8f8      0x100  drv_maxtouch.o [1]
  .bss                zero     0x241f'f9f8      0x100  legato_renderer.o [1]
  .bss                zero     0x241f'faf8       0xf4  legato_imagedecoder_raw.o [1]
  .bss                zero     0x241f'fbec       0xe4  drv_gfx_lcdc.o [1]
  .bss                zero     0x241f'fcd0       0xe0  legato_memory.o [1]
  .bss                zero     0x241f'fdb0       0xa0  sys_time.o [1]
  .bss                zero     0x241f'fe50       0x74  legato_tablestring.o [1]
  .bss                zero     0x241f'fec4       0x70  legato_dynamicstring.o [1]
  .bss                zero     0x241f'ff34       0x6c  legato_fixedstring.o [1]
  .bss                zero     0x241f'ffa0       0x68  legato_string.o [1]
  .bss                zero     0x2420'0008       0x60  sys_input.o [1]
  .bss                zero     0x2420'0068       0x58  initialization.o [1]
  .bss                zero     0x2420'00c0       0x54  drv_gfx_lcdc.o [1]
  .bss                zero     0x2420'0114       0x3c  drv_i2c.o [1]
  .bss                zero     0x2420'0150       0x3c  legato_imagedecoder_png.o [1]
  .bss                zero     0x2420'018c       0x38  sys_time.o [1]
  .bss                zero     0x2420'01c4       0x30  le_gen_harmony.o [1]
  .bss                zero     0x2420'01f4       0x2c  legato_imagedecoder_jpeg.o [1]
  .bss                zero     0x2420'0220       0x2c  legato_imagedecoder_png.o [1]
  .bss                zero     0x2420'024c       0x2c  legato_imagedecoder_raw.o [1]
  .bss                zero     0x2420'0278       0x28  legato_image.o [1]
  .bss                zero     0x2420'02a0       0x28  plib_flexcom0_twi.o [1]
  .bss                zero     0x2420'02c8       0x24  legato_input.o [1]
  .bss                zero     0x2420'02ec       0x24  legato_memory.o [1]
  .bss                zero     0x2420'0310       0x20  legato_imagedecoder_raw_read_internal.o [1]
  .bss                zero     0x2420'0330       0x1c  le_gen_stringtable.o [1]
  .bss                zero     0x2420'034c       0x1c  le_gen_stringtable.o [1]
  .bss                zero     0x2420'0368       0x1c  le_gen_stringtable.o [1]
  .bss                zero     0x2420'0384       0x1c  legato_imagedecoder_raw_scale.o [1]
  .bss                zero     0x2420'03a0       0x18  initialization.o [1]
  .bss                zero     0x2420'03b8       0x14  legato_imagedecoder_raw_palette_internal.o [1]
  .bss                zero     0x2420'03cc       0x14  legato_imagedecoder_raw_rotate.o [1]
  .bss                zero     0x2420'03e0       0x14  legato_imagedecoder_raw_scale.o [1]
  .bss                zero     0x2420'03f4       0x10  legato_event.o [1]
  .bss                zero     0x2420'0404       0x10  legato_imagedecoder_raw_blend.o [1]
  .bss                zero     0x2420'0414       0x10  legato_imagedecoder_raw_convert.o [1]
  .bss                zero     0x2420'0424        0xc  initialization.o [1]
  .bss                zero     0x2420'0430        0xc  legato_imagedecoder_raw_mask.o [1]
  .bss                zero     0x2420'043c        0xc  legato_imagedecoder_raw_palette_internal.o [1]
  .bss                zero     0x2420'0448        0xc  legato_imagedecoder_raw_rotate.o [1]
  .bss                zero     0x2420'0454        0xc  legato_imagedecoder_raw_rotate.o [1]
  .bss                zero     0x2420'0460        0xc  legato_imagedecoder_raw_scale.o [1]
  .bss                zero     0x2420'046c        0xc  legato_imagedecoder_raw_scale.o [1]
  .bss                zero     0x2420'0478        0xc  legato_imagedecoder_raw_setup.o [1]
  .bss                zero     0x2420'0484        0xc  legato_imagedecoder_raw_write.o [1]
  .bss                zero     0x2420'0490        0xc  legato_imagedecoder_raw_write.o [1]
  .bss                zero     0x2420'049c        0x8  legato_imagedecoder_jpeg_common.o [1]
  .bss                zero     0x2420'04a4        0x8  plib_lcdc.o [1]
  .bss                zero     0x2420'04ac        0x8  plib_tc0.o [1]
  .bss                zero     0x2420'04b4        0x4  drv_gfx_lcdc.o [1]
  .bss                zero     0x2420'04b8        0x4  drv_gfx_lcdc.o [1]
  .bss                zero     0x2420'04bc        0x4  drv_gfx_lcdc.o [1]
  .bss                zero     0x2420'04c0        0x4  drv_maxtouch.o [1]
  .bss                zero     0x2420'04c4        0x4  drv_maxtouch.o [1]
  .bss                zero     0x2420'04c8        0x4  drv_maxtouch.o [1]
  .bss                zero     0x2420'04cc        0x4  interrupts.o [1]
  .bss                zero     0x2420'04d0        0x4  le_gen_init.o [1]
  .bss                zero     0x2420'04d4        0x4  le_gen_screen_Screen0.o [1]
  .bss                zero     0x2420'04d8        0x4  le_gen_screen_Screen0.o [1]
  .bss                zero     0x2420'04dc        0x4  le_gen_screen_Screen0.o [1]
  .bss                zero     0x2420'04e0        0x4  le_gen_screen_Screen0.o [1]
  .bss                zero     0x2420'04e4        0x4  le_gen_screen_Screen0.o [1]
  .bss                zero     0x2420'04e8        0x4  le_gen_screen_Screen0.o [1]
  .bss                zero     0x2420'04ec        0x4  le_gen_screen_Screen0.o [1]
  .bss                zero     0x2420'04f0        0x4  le_gen_screen_Screen0.o [1]
  .bss                zero     0x2420'04f4        0x4  le_gen_screen_Screen0.o [1]
  .bss                zero     0x2420'04f8        0x4  le_gen_screen_Screen0.o [1]
  .bss                zero     0x2420'04fc        0x4  legato_imagedecoder_jpeg_common.o [1]
  .bss                zero     0x2420'0500        0x4  legato_imagedecoder_jpeg_common.o [1]
  .bss                zero     0x2420'0504        0x4  legato_imagedecoder_jpeg_common.o [1]
  .bss                zero     0x2420'0508        0x4  legato_imagedecoder_jpeg_common.o [1]
  .bss                zero     0x2420'050c        0x4  legato_imagedecoder_jpeg_common.o [1]
  .bss                zero     0x2420'0510        0x4  legato_imagedecoder_jpeg_common.o [1]
  .bss                zero     0x2420'0514        0x4  legato_imagedecoder_jpeg_common.o [1]
  .bss                zero     0x2420'0518        0x4  legato_renderer.o [1]
  .bss                zero     0x2420'051c        0x4  legato_renderer.o [1]
  .bss                zero     0x2420'0520        0x4  legato_state.o [1]
  .bss                zero     0x2420'0524        0x4  legato_widget_button_skin_classic.o [1]
  .bss                zero     0x2420'0528        0x4  legato_widget_image_skin_classic.o [1]
  .bss                zero     0x2420'052c        0x4  legato_widget_label_skin_classic.o [1]
  .bss                zero     0x2420'0530        0x4  legato_widget_skin_classic.o [1]
  .bss                zero     0x2420'0534        0x4  sys_input.o [1]
  .bss                zero     0x2420'0538        0x2  legato_imagedecoder_jpeg.o [1]
  .bss                zero     0x2420'053a        0x2  legato_imagedecoder_jpeg.o [1]
  .bss                zero     0x2420'053c        0x2  legato_imagedecoder_jpeg.o [1]
  .bss                zero     0x2420'053e        0x2  legato_imagedecoder_jpeg.o [1]
  .bss                zero     0x2420'0540        0x2  legato_imagedecoder_jpeg.o [1]
  .bss                zero     0x2420'0542        0x2  legato_imagedecoder_jpeg.o [1]
  .bss                zero     0x2420'0544        0x2  legato_imagedecoder_jpeg.o [1]
  .bss                zero     0x2420'0546        0x2  legato_imagedecoder_jpeg.o [1]
  .bss                zero     0x2420'0548        0x2  legato_imagedecoder_jpeg_common.o [1]
  .bss                zero     0x2420'054a        0x2  legato_imagedecoder_jpeg_common.o [1]
  .bss                zero     0x2420'054c        0x2  legato_imagedecoder_jpeg_common.o [1]
  .bss                zero     0x2420'054e        0x2  legato_imagedecoder_jpeg_common.o [1]
  .bss                zero     0x2420'0550        0x2  legato_imagedecoder_jpeg_common.o [1]
  .bss                zero     0x2420'0552        0x2  legato_imagedecoder_jpeg_common.o [1]
  .bss                zero     0x2420'0554        0x2  legato_imagedecoder_jpeg_common.o [1]
  .bss                zero     0x2420'0556        0x2  sys_input.o [1]
  .bss                zero     0x2420'0558        0x1  app.o [1]
  .bss                zero     0x2420'0559        0x1  drv_gfx_lcdc.o [1]
  .bss                zero     0x2420'055a        0x1  le_gen_harmony.o [1]
  .bss                zero     0x2420'055b        0x1  le_gen_screen_Screen0.o [1]
  .bss                zero     0x2420'055c        0x1  le_gen_screen_Screen0.o [1]
  .bss                zero     0x2420'055d        0x1  legato_imagedecoder_jpeg_common.o [1]
  .bss                zero     0x2420'055e        0x1  legato_imagedecoder_jpeg_common.o [1]
  .bss                zero     0x2420'055f        0x1  legato_imagedecoder_jpeg_common.o [1]
  .bss                zero     0x2420'0560        0x1  legato_imagedecoder_jpeg_common.o [1]
  .bss                zero     0x2420'0561        0x1  legato_imagedecoder_jpeg_common.o [1]
  .bss                zero     0x2420'0562        0x1  legato_imagedecoder_jpeg_common.o [1]
                             - 0x2420'0563  0x28'b563

"P2-P14", part 3 of 3:                         0x2140
  CSTACK                       0x2420'0568     0x1000  <Block>
    CSTACK            uninit   0x2420'0568     0x1000  <Block tail>
  FIQ_STACK                    0x2420'1568       0x60  <Block>
    FIQ_STACK         uninit   0x2420'1568       0x60  <Block tail>
  IRQ_STACK                    0x2420'15c8       0x60  <Block>
    IRQ_STACK         uninit   0x2420'15c8       0x60  <Block tail>
  SVC_STACK                    0x2420'1628     0x1000  <Block>
    SVC_STACK         uninit   0x2420'1628     0x1000  <Block tail>
  ABT_STACK                    0x2420'2628       0x40  <Block>
    ABT_STACK         uninit   0x2420'2628       0x40  <Block tail>
  UND_STACK                    0x2420'2668       0x40  <Block>
    UND_STACK         uninit   0x2420'2668       0x40  <Block tail>
                             - 0x2420'26a8     0x2140

Unused ranges:

         From           To        Size
         ----           --        ----
  0x2046'50a0  0x20ff'ffff   0xb9'af60
  0x2100'0000  0x23ef'ffff  0x2f0'0000
  0x23f7'4ffd  0x23f7'4fff         0x3
  0x2420'0564  0x2420'0567         0x4
  0x2420'26a8  0x2fff'ffff  0xbdf'd958


*******************************************************************************
*** INIT TABLE
***

          Address      Size
          -------      ----
Zero (__iar_zero_init3)
    1 destination range, total size 0x28'b563:
          0x23f7'5000  0x28'b563

Copy (__iar_copy_init3)
    1 source range, total size 0x3c:
          0x23f7'4258       0x3c
    1 destination range, total size 0x3c:
            0x30'0000       0x3c



*******************************************************************************
*** MODULE SUMMARY
***

    Module                                      ro code  rw code  ro data    rw data
    ------                                      -------  -------  -------    -------
command line/config:
    --------------------------------------------------------------------------------
    Total:

C:\Harmony3\harmony_gfx_apps_sam_9x60\apps\legato_quickstart\firmware\legato_qs_9x60_ek_tm5000.IAR\Debug\Obj: [1]
    app.o                                            84                            1
    bsp.o                                            36
    cstartup.o                                      396       60       60
    drv_gfx_lcdc.o                                3'068                    4'608'365
    drv_i2c.o                                     3'112                           60
    drv_maxtouch.o                                5'520                 4      5'876
    gfx_driver.o                                    356               320
    initialization.o                                316               132        124
    interrupts.o                                     24                           68
    jidctint.o                                    1'596
    le_gen_fonts.o                                                  6'336         28
    le_gen_globalpalette.o                                             20        512
    le_gen_harmony.o                                276                40         49
    le_gen_images.o                                               324'320        240
    le_gen_init.o                                   152                            4
    le_gen_scheme.o                                                 2'560
    le_gen_screen_Screen0.o                       1'984                           42
    le_gen_stringtable.o                             56                64         88
    legato_array.o                                1'012
    legato_color.o                                  520               320
    legato_color_blend.o                            548
    legato_color_convert.o                        1'460                          400
    legato_color_lerp.o                             884                           40
    legato_draw.o                                   916                            4
    legato_draw_arc.o                             3'108
    legato_draw_line.o                              600
    legato_draw_rect.o                              108
    legato_dynamicstring.o                        2'316                          112
    legato_editwidget.o                             132                          332
    legato_event.o                                  336                           16
    legato_fixedheap.o                              496
    legato_fixedstring.o                          2'096                          108
    legato_font.o                                 1'324                            8
    legato_gpu.o                                  1'968
    legato_image.o                                  656                           40
    legato_image_utils.o                            376                           64
    legato_imagedecoder_jpeg.o                    1'600                        5'212
    legato_imagedecoder_jpeg_common.o             8'780                64         66
    legato_imagedecoder_png.o                       928                          104
    legato_imagedecoder_raw.o                     5'504                          288
    legato_imagedecoder_raw_blend.o                 456                           16
    legato_imagedecoder_raw_convert.o               232                           16
    legato_imagedecoder_raw_mask.o                  116                           12
    legato_imagedecoder_raw_palette_internal.o      348                           32
    legato_imagedecoder_raw_read_internal.o         928                           32
    legato_imagedecoder_raw_rotate.o              1'520                 8         44
    legato_imagedecoder_raw_scale.o               1'212                           72
    legato_imagedecoder_raw_setup.o                 588                           12
    legato_imagedecoder_raw_write.o                 244                           24
    legato_input.o                                1'228                           36
    legato_list.o                                   424
    legato_math.o                                 3'084               192
    legato_memory.o                               1'308                    1'058'008
    legato_pixelbuffer.o                          1'348                           56
    legato_rect.o                                 1'512
    legato_rectarray.o                            2'504
    legato_renderer.o                             4'016                    1'573'157
    legato_scheme.o                                  92               640
    legato_state.o                                1'440                          984
    legato_string.o                               1'760                          104
    legato_string_renderer.o                        544
    legato_stringtable.o                            500
    legato_stringutils.o                            784                           12
    legato_tablestring.o                          1'044                          116
    legato_utils.o                                2'248
    legato_variableheap.o                         2'732
    legato_widget.o                               6'436                          344
    legato_widget_button.o                        2'504                          384
    legato_widget_button_skin_classic.o           2'112                 8          4
    legato_widget_image.o                           424                          312
    legato_widget_image_skin_classic.o              724                 8          4
    legato_widget_label.o                           508                          312
    legato_widget_label_skin_classic.o              768                 8          4
    legato_widget_skin_classic.o                    380                            4
    legato_widget_skin_classic_common.o           2'700
    lodepng.o                                    22'396               748      1'024
    main.o                                           20
    plib_aic.o                                      352
    plib_clk.o                                      252                40
    plib_flexcom0_twi.o                           1'956                           44
    plib_lcdc.o                                   4'980                            8
    plib_mmu.o                                      908                       16'384
    plib_pio.o                                      560
    plib_tc0.o                                      264                            8
    sys_input.o                                   1'080                          486
    sys_int.o                                       496
    sys_time.o                                    3'068                          218
    tasks.o                                          40
    vectortrap.o                                      4
    --------------------------------------------------------------------------------
    Total:                                      137'788       60  335'892  7'274'524

dl5E_aln.a: [2]
    abs.o                                            12
    --------------------------------------------------------------------------------
    Total:                                           12

m5E_al.a: [3]
    FltAdd.o                                        164
    FltCmpGe.o                                       44
    FltCmpLe.o                                       44
    FltDiv.o                                        440
    FltMul.o                                        324
    FltSub.o                                        292
    FltToS32.o                                       64
    FltToU32.o                                       52
    S32ToFlt.o                                       48
    U32ToFlt.o                                       40
    --------------------------------------------------------------------------------
    Total:                                        1'512

rt5E_al.a: [4]
    ABImemclr.o                                       8
    ABImemcpy.o                                     212
    ABImemset.o                                     120
    I32DivMod.o                                     424
    I64DivMod.o                                     304
    I64DivZer.o                                       4
    IntDivZer.o                                       4
    copy_init3.o                                     48
    data_init.o                                      40
    strlen.o                                         84
    zero_init3.o                                     60
    --------------------------------------------------------------------------------
    Total:                                        1'308

    Gaps                                                                       4'192
    Linker created                                                     36      8'512
------------------------------------------------------------------------------------
    Grand Total:                                140'620       60  335'928  7'287'228


*******************************************************************************
*** ENTRY LIST
***

Entry                       Address       Size  Type      Object
-----                       -------       ----  ----      ------
.iar.init_table$$Base   0x23f7'4364              --   Gb  - Linker created -
.iar.init_table$$Limit  0x23f7'4388              --   Gb  - Linker created -
ABT_STACK$$Base         0x2420'2628              --   Gb  - Linker created -
ABT_STACK$$Limit        0x2420'2668              --   Gb  - Linker created -
ADAM7_DX                0x23f7'4414       0x1c  Data  Lc  lodepng.o [1]
ADAM7_DY                0x23f7'4430       0x1c  Data  Lc  lodepng.o [1]
ADAM7_IX                0x23f7'43dc       0x1c  Data  Lc  lodepng.o [1]
ADAM7_IY                0x23f7'43f8       0x1c  Data  Lc  lodepng.o [1]
APP_Initialize          0x23f7'3be8       0x10  Code  Gb  app.o [1]
APP_Tasks               0x23f7'3bf8       0x40  Code  Gb  app.o [1]
Adam7_deinterlace       0x23f4'a608      0x23c  Code  Lc  lodepng.o [1]
Adam7_getpassvalues     0x23f4'9f04      0x1d4  Code  Lc  lodepng.o [1]
BSP_Initialize          0x23f7'39a8       0x24  Code  Gb  bsp.o [1]
BlueScheme              0x23f7'2ae4      0x280  Data  Gb  le_gen_scheme.o [1]
CLCL_ORDER              0x23f7'4190       0x4c  Data  Lc  lodepng.o [1]
CLK_Initialize          0x23f7'3998       0x10  Code  Gb  plib_clk.o [1]
CSTACK$$Base            0x2420'0568              --   Gb  - Linker created -
CSTACK$$Limit           0x2420'1568              --   Gb  - Linker created -
DISTANCEBASE            0x23f7'3fb8       0x78  Data  Lc  lodepng.o [1]
DISTANCEEXTRA           0x23f7'4030       0x78  Data  Lc  lodepng.o [1]
DRV_I2C_Initialize      0x23f6'71f8      0x13c  Code  Gb  drv_i2c.o [1]
DRV_I2C_Open            0x23f6'7334      0x1b8  Code  Gb  drv_i2c.o [1]
DRV_I2C_ReadTransferAdd
                        0x23f6'7788       0x38  Code  Gb  drv_i2c.o [1]
DRV_I2C_TransferEventHandlerSet
                        0x23f6'74ec       0x5c  Code  Gb  drv_i2c.o [1]
DRV_I2C_WriteTransferAdd
                        0x23f6'77c0       0x38  Code  Gb  drv_i2c.o [1]
DRV_LCDC_BlitBuffer     0x23f6'b798       0xac  Code  Gb  drv_gfx_lcdc.o [1]
DRV_LCDC_IOCTL          0x23f6'bb7c      0x1b0  Code  Gb  drv_gfx_lcdc.o [1]
DRV_LCDC_Initialize     0x23f6'b240      0x4dc  Code  Gb  drv_gfx_lcdc.o [1]
DRV_LCDC_Update         0x23f6'b178       0x1c  Code  Gb  drv_gfx_lcdc.o [1]
DRV_LCDC_UpdateLayer    0x23f6'b844       0xd4  Code  Lc  drv_gfx_lcdc.o [1]
DRV_MAXTOUCH_I2CEventHandler
                        0x23f6'4afc      0x324  Code  Gb  drv_maxtouch.o [1]
DRV_MAXTOUCH_Initialize
                        0x23f6'4e20       0xcc  Code  Gb  drv_maxtouch.o [1]
DRV_MAXTOUCH_Open       0x23f6'4eec       0xbc  Code  Gb  drv_maxtouch.o [1]
DRV_MAXTOUCH_Tasks      0x23f6'4fa8      0x7f8  Code  Gb  drv_maxtouch.o [1]
DRV_MAXTOUCH_Tasks{1}{2}{59}::val
                        0x23f7'4fdc        0x4  Data  Lc  drv_maxtouch.o [1]
DefaultInterruptHandlerForSpurious
                        0x23f7'4494       0x14  Code  Gb  interrupts.o [1]
FIQ_STACK$$Base         0x2420'1568              --   Gb  - Linker created -
FIQ_STACK$$Limit        0x2420'15c8              --   Gb  - Linker created -
FLEXCOM0_InterruptHandler
                        0x23f7'13a8      0x308  Code  Gb  plib_flexcom0_twi.o [1]
FLEXCOM0_TWI_CallbackRegister
                        0x23f7'11b8       0x1c  Code  Gb  plib_flexcom0_twi.o [1]
FLEXCOM0_TWI_ErrorGet   0x23f7'12c8       0x18  Code  Gb  plib_flexcom0_twi.o [1]
FLEXCOM0_TWI_Initialize
                        0x23f7'0f3c       0x80  Code  Gb  plib_flexcom0_twi.o [1]
FLEXCOM0_TWI_InitiateRead
                        0x23f7'0fbc       0x64  Code  Lc  plib_flexcom0_twi.o [1]
FLEXCOM0_TWI_InitiateTransfer
                        0x23f7'1020      0x198  Code  Lc  plib_flexcom0_twi.o [1]
FLEXCOM0_TWI_Module     0x23f7'4ff4        0x4  Data  Lc  plib_flexcom0_twi.o [1]
FLEXCOM0_TWI_Read       0x23f7'11d4       0x50  Code  Gb  plib_flexcom0_twi.o [1]
FLEXCOM0_TWI_TransferSetup
                        0x23f7'12e0       0xc8  Code  Gb  plib_flexcom0_twi.o [1]
FLEXCOM0_TWI_Write      0x23f7'1224       0x50  Code  Gb  plib_flexcom0_twi.o [1]
FLEXCOM0_TWI_WriteRead  0x23f7'1274       0x54  Code  Gb  plib_flexcom0_twi.o [1]
GreenScheme             0x23f7'2864      0x280  Data  Gb  le_gen_scheme.o [1]
HuffmanTree_cleanup     0x23f4'69e4       0x24  Code  Lc  lodepng.o [1]
HuffmanTree_init        0x23f4'69d0       0x14  Code  Lc  lodepng.o [1]
HuffmanTree_make2DTree  0x23f4'6a08      0x1e8  Code  Lc  lodepng.o [1]
HuffmanTree_makeFromLengths
                        0x23f4'6da8       0x70  Code  Lc  lodepng.o [1]
HuffmanTree_makeFromLengths2
                        0x23f4'6bf0      0x1b8  Code  Lc  lodepng.o [1]
INT_Initialize          0x23f7'33c4      0x120  Code  Gb  plib_aic.o [1]
IRQ_STACK$$Base         0x2420'15c8              --   Gb  - Linker created -
IRQ_STACK$$Limit        0x2420'1628              --   Gb  - Linker created -
JPEG_Seek               0x23f5'4e08       0x28  Code  Lc  legato_imagedecoder_jpeg_common.o [1]
JPEG_bDecodeOneBlock    0x23f5'5df8      0x3b8  Code  Gb  legato_imagedecoder_jpeg_common.o [1]
JPEG_bGenerateHuffmanTables
                        0x23f5'5910      0x180  Code  Gb  legato_imagedecoder_jpeg_common.o [1]
JPEG_bGet1Bit           0x23f5'5a90      0x18c  Code  Lc  legato_imagedecoder_jpeg_common.o [1]
JPEG_bGetNextHuffByte   0x23f5'5d28       0xd0  Code  Lc  legato_imagedecoder_jpeg_common.o [1]
JPEG_bPaintOneBlock     0x23f5'61c4      0xe30  Code  Gb  legato_imagedecoder_jpeg_common.o [1]
JPEG_bPaintOneBlock::b  0x2420'055f        0x1  Data  Lc  legato_imagedecoder_jpeg_common.o [1]
JPEG_bPaintOneBlock::bBlock
                        0x2420'0560        0x1  Data  Lc  legato_imagedecoder_jpeg_common.o [1]
JPEG_bPaintOneBlock::bCbCrOffset
                        0x23f7'4ff0        0x4  Data  Lc  legato_imagedecoder_jpeg_common.o [1]
JPEG_bPaintOneBlock::bOffsetX
                        0x23f7'4fec        0x4  Data  Lc  legato_imagedecoder_jpeg_common.o [1]
JPEG_bPaintOneBlock::bOffsetY
                        0x23f7'4ff8        0x2  Data  Lc  legato_imagedecoder_jpeg_common.o [1]
JPEG_bPaintOneBlock::color
                        0x2420'0514        0x4  Data  Lc  legato_imagedecoder_jpeg_common.o [1]
JPEG_bPaintOneBlock::g  0x2420'055e        0x1  Data  Lc  legato_imagedecoder_jpeg_common.o [1]
JPEG_bPaintOneBlock::pnt
                        0x2420'049c        0x8  Data  Lc  legato_imagedecoder_jpeg_common.o [1]
JPEG_bPaintOneBlock::psCb
                        0x2420'0500        0x4  Data  Lc  legato_imagedecoder_jpeg_common.o [1]
JPEG_bPaintOneBlock::psCr
                        0x2420'0504        0x4  Data  Lc  legato_imagedecoder_jpeg_common.o [1]
JPEG_bPaintOneBlock::psCxIndex
                        0x2420'054e        0x2  Data  Lc  legato_imagedecoder_jpeg_common.o [1]
JPEG_bPaintOneBlock::psY
                        0x2420'04fc        0x4  Data  Lc  legato_imagedecoder_jpeg_common.o [1]
JPEG_bPaintOneBlock::r  0x2420'055d        0x1  Data  Lc  legato_imagedecoder_jpeg_common.o [1]
JPEG_bPaintOneBlock::s1
                        0x2420'0508        0x4  Data  Lc  legato_imagedecoder_jpeg_common.o [1]
JPEG_bPaintOneBlock::s2
                        0x2420'050c        0x4  Data  Lc  legato_imagedecoder_jpeg_common.o [1]
JPEG_bPaintOneBlock::s3
                        0x2420'0510        0x4  Data  Lc  legato_imagedecoder_jpeg_common.o [1]
JPEG_bPaintOneBlock::shiftX
                        0x2420'0561        0x1  Data  Lc  legato_imagedecoder_jpeg_common.o [1]
JPEG_bPaintOneBlock::shiftY
                        0x2420'0562        0x1  Data  Lc  legato_imagedecoder_jpeg_common.o [1]
JPEG_bPaintOneBlock::wX
                        0x2420'0548        0x2  Data  Lc  legato_imagedecoder_jpeg_common.o [1]
JPEG_bPaintOneBlock::wX2
                        0x2420'054c        0x2  Data  Lc  legato_imagedecoder_jpeg_common.o [1]
JPEG_bPaintOneBlock::wXPos
                        0x2420'0550        0x2  Data  Lc  legato_imagedecoder_jpeg_common.o [1]
JPEG_bPaintOneBlock::wY
                        0x2420'054a        0x2  Data  Lc  legato_imagedecoder_jpeg_common.o [1]
JPEG_bPaintOneBlock::wYPos
                        0x2420'0552        0x2  Data  Lc  legato_imagedecoder_jpeg_common.o [1]
JPEG_bPaintOneBlock::wYPos2
                        0x2420'0554        0x2  Data  Lc  legato_imagedecoder_jpeg_common.o [1]
JPEG_bReadByte          0x23f5'4ebc       0x24  Code  Lc  legato_imagedecoder_jpeg_common.o [1]
JPEG_bReadHeader        0x23f5'4ee0      0xa30  Code  Gb  legato_imagedecoder_jpeg_common.o [1]
JPEG_sGetBitsValue      0x23f5'5cb8       0x70  Code  Lc  legato_imagedecoder_jpeg_common.o [1]
JPEG_vInitDisplay       0x23f5'61b4       0x10  Code  Gb  legato_imagedecoder_jpeg_common.o [1]
JPEG_vResetDecoder      0x23f5'4e30       0x3c  Code  Gb  legato_imagedecoder_jpeg_common.o [1]
JPEG_wGetBits           0x23f5'5c1c       0x64  Code  Lc  legato_imagedecoder_jpeg_common.o [1]
JPEG_wGetRestartWord    0x23f5'5c80       0x38  Code  Lc  legato_imagedecoder_jpeg_common.o [1]
JPEG_wReadWord          0x23f5'4e6c       0x50  Code  Lc  legato_imagedecoder_jpeg_common.o [1]
LCDCUpdateDMADescriptor
                        0x23f6'b168       0x10  Code  Lc  drv_gfx_lcdc.o [1]
LCDC_IRQ_CallbackObj    0x2420'04a4        0x8  Data  Gb  plib_lcdc.o [1]
LCDC_IRQ_CallbackRegister
                        0x23f6'9018       0x10  Code  Gb  plib_lcdc.o [1]
LCDC_IRQ_Enable         0x23f6'902c       0xc0  Code  Gb  plib_lcdc.o [1]
LCDC_Interrupt_Handler  0x23f6'9210       0x24  Code  Gb  plib_lcdc.o [1]
LCDC_LAYER_IRQ_Disable  0x23f6'910c       0xa8  Code  Gb  plib_lcdc.o [1]
LCDC_LAYER_IRQ_Status   0x23f6'91c0       0x50  Code  Gb  plib_lcdc.o [1]
LCDC_SetBlenderDMALayerEnable
                        0x23f6'8c98       0xc0  Code  Gb  plib_lcdc.o [1]
LCDC_SetBlenderIteratedColorEnable
                        0x23f6'8e20       0xc0  Code  Gb  plib_lcdc.o [1]
LCDC_SetBlenderLocalAlphaEnable
                        0x23f6'8d60       0xc0  Code  Gb  plib_lcdc.o [1]
LCDC_SetBlenderOverlayLayerEnable
                        0x23f6'8bd0       0xc0  Code  Gb  plib_lcdc.o [1]
LCDC_SetBlenderUseIteratedColor
                        0x23f6'8ee0       0xc0  Code  Gb  plib_lcdc.o [1]
LCDC_SetChannelEnable   0x23f6'8ae0       0xec  Code  Gb  plib_lcdc.o [1]
LCDC_SetClockDivider    0x23f6'808c       0x2c  Code  Gb  plib_lcdc.o [1]
LCDC_SetDISPSignalEnable
                        0x23f6'8438       0x34  Code  Gb  plib_lcdc.o [1]
LCDC_SetDMAAddressRegister
                        0x23f6'88f0       0x4c  Code  Gb  plib_lcdc.o [1]
LCDC_SetDMADescriptorNextAddress
                        0x23f6'893c       0x4c  Code  Gb  plib_lcdc.o [1]
LCDC_SetDMAHeadPointer  0x23f6'859c       0x7c  Code  Gb  plib_lcdc.o [1]
LCDC_SetDisplayGuardTime
                        0x23f6'8334       0x28  Code  Gb  plib_lcdc.o [1]
LCDC_SetDisplaySignalSynchronization
                        0x23f6'82dc       0x34  Code  Gb  plib_lcdc.o [1]
LCDC_SetHSYNCPolarity   0x23f6'8240       0x34  Code  Gb  plib_lcdc.o [1]
LCDC_SetHSYNCPulseWidth
                        0x23f6'80b8       0x28  Code  Gb  plib_lcdc.o [1]
LCDC_SetHorizontalBackPorchWidth
                        0x23f6'81a4       0x38  Code  Gb  plib_lcdc.o [1]
LCDC_SetHorizontalFrontPorchWidth
                        0x23f6'8178       0x2c  Code  Gb  plib_lcdc.o [1]
LCDC_SetLayerClockGatingDisable
                        0x23f6'7f90       0xfc  Code  Gb  plib_lcdc.o [1]
LCDC_SetNumActiveRows   0x23f6'81dc       0x38  Code  Gb  plib_lcdc.o [1]
LCDC_SetNumPixelsPerLine
                        0x23f6'8214       0x2c  Code  Gb  plib_lcdc.o [1]
LCDC_SetOutputMode      0x23f6'8310       0x24  Code  Gb  plib_lcdc.o [1]
LCDC_SetPWMClockSourceSelection
                        0x23f6'7f58       0x38  Code  Gb  plib_lcdc.o [1]
LCDC_SetPWMCompareValue
                        0x23f6'83b0       0x20  Code  Gb  plib_lcdc.o [1]
LCDC_SetPWMEnable       0x23f6'846c       0x34  Code  Gb  plib_lcdc.o [1]
LCDC_SetPWMPrescaler    0x23f6'835c       0x20  Code  Gb  plib_lcdc.o [1]
LCDC_SetPWMSignalPolarity
                        0x23f6'837c       0x34  Code  Gb  plib_lcdc.o [1]
LCDC_SetPixelClockEnable
                        0x23f6'83d0       0x34  Code  Gb  plib_lcdc.o [1]
LCDC_SetRGBModeInput    0x23f6'84f0       0xac  Code  Gb  plib_lcdc.o [1]
LCDC_SetSYNCEnable      0x23f6'8404       0x34  Code  Gb  plib_lcdc.o [1]
LCDC_SetTransferDescriptorFetchEnable
                        0x23f6'8988       0xec  Code  Gb  plib_lcdc.o [1]
LCDC_SetUseDMAPathEnable
                        0x23f6'8804       0xec  Code  Gb  plib_lcdc.o [1]
LCDC_SetVSYNCPolarity   0x23f6'8274       0x34  Code  Gb  plib_lcdc.o [1]
LCDC_SetVSYNCPulseStart
                        0x23f6'82a8       0x34  Code  Gb  plib_lcdc.o [1]
LCDC_SetVSYNCPulseWidth
                        0x23f6'80e0       0x34  Code  Gb  plib_lcdc.o [1]
LCDC_SetVerticalBackPorchWidth
                        0x23f6'8140       0x38  Code  Gb  plib_lcdc.o [1]
LCDC_SetVerticalFrontPorchWidth
                        0x23f6'8114       0x2c  Code  Gb  plib_lcdc.o [1]
LCDC_SetWindowPosition  0x23f6'8684       0xb4  Code  Gb  plib_lcdc.o [1]
LCDC_SetWindowSize      0x23f6'8738       0xcc  Code  Gb  plib_lcdc.o [1]
LCDC_UpdateAddToQueue   0x23f6'8618       0x6c  Code  Gb  plib_lcdc.o [1]
LCDC_UpdateAttribute    0x23f6'8fac       0x6c  Code  Gb  plib_lcdc.o [1]
LCDC_UpdateOverlayAttributesEnable
                        0x23f6'8a74       0x6c  Code  Gb  plib_lcdc.o [1]
LCDC_WaitForClockRunning
                        0x23f6'84b4       0x14  Code  Gb  plib_lcdc.o [1]
LCDC_WaitForDISPSignal  0x23f6'84dc       0x14  Code  Gb  plib_lcdc.o [1]
LCDC_WaitForSyncInProgress
[...]
lodepng_color_mode_init
                        0x23f4'8044       0x34  Code  Gb  lodepng.o [1]
lodepng_convert         0x23f4'9b70      0x284  Code  Gb  lodepng.o [1]
lodepng_crc32           0x23f4'7be4       0x44  Code  Gb  lodepng.o [1]
lodepng_crc32_table     0x23f7'4584      0x400  Data  Lc  lodepng.o [1]
lodepng_decode          0x23f4'bb54      0x13c  Code  Gb  lodepng.o [1]
lodepng_decode_memory   0x23f4'bc90       0x68  Code  Gb  lodepng.o [1]
lodepng_decoder_settings_init
                        0x23f4'bcf8       0x24  Code  Gb  lodepng.o [1]
lodepng_decompress_settings_init
                        0x23f4'7bcc       0x18  Code  Gb  lodepng.o [1]
lodepng_free            0x23f4'6600        0xc  Code  Lc  lodepng.o [1]
lodepng_get_bpp         0x23f4'8238       0x14  Code  Gb  lodepng.o [1]
lodepng_get_bpp_lct     0x23f4'802c       0x18  Code  Lc  lodepng.o [1]
lodepng_get_raw_size    0x23f4'824c       0x34  Code  Gb  lodepng.o [1]
lodepng_get_raw_size_idat
                        0x23f4'8280       0x34  Code  Lc  lodepng.o [1]
lodepng_inflate         0x23f4'7968       0x54  Code  Gb  lodepng.o [1]
lodepng_inflatev        0x23f4'7884       0xe4  Code  Lc  lodepng.o [1]
lodepng_info_cleanup    0x23f4'872c       0x2c  Code  Gb  lodepng.o [1]
lodepng_info_init       0x23f4'86d4       0x58  Code  Gb  lodepng.o [1]
lodepng_inspect         0x23f4'a0d8      0x228  Code  Gb  lodepng.o [1]
lodepng_malloc          0x23f4'65e8        0xc  Code  Lc  lodepng.o [1]
lodepng_palette_clear   0x23f4'820c       0x2c  Code  Gb  lodepng.o [1]
lodepng_read32bitInt    0x23f4'6930       0x24  Code  Gb  lodepng.o [1]
lodepng_realloc         0x23f4'65f4        0xc  Code  Lc  lodepng.o [1]
lodepng_state_cleanup   0x23f4'bd48       0x1c  Code  Gb  lodepng.o [1]
lodepng_state_init      0x23f4'bd1c       0x2c  Code  Gb  lodepng.o [1]
lodepng_zlib_decompress
                        0x23f4'7a9c      0x100  Code  Gb  lodepng.o [1]
main                    0x23f7'44d4       0x14  Code  Gb  main.o [1]
maskStage               0x2420'0430        0xc  Data  Gb  legato_imagedecoder_raw_mask.o [1]
maxScratchPixels        0x2420'051c        0x4  Data  Lc  legato_renderer.o [1]
mchpLogo_light          0x23f7'4e58       0x3c  Data  Gb  le_gen_images.o [1]
mchpLogo_light_data     0x23f6'92cc     0x124c  Data  Gb  le_gen_images.o [1]
mmu_configure           0x23f7'2020       0x1c  Code  Lc  plib_mmu.o [1]
mmu_enable              0x23f7'203c       0x1c  Code  Lc  plib_mmu.o [1]
mxt_calc_crc24          0x23f6'5a60       0x30  Code  Lc  drv_maxtouch.o [1]
mxt_calc_crc24::crcpoly
                        0x23f7'457c        0x4  Data  Lc  drv_maxtouch.o [1]
mxt_calculate_crc       0x23f6'5a9c       0x70  Code  Lc  drv_maxtouch.o [1]
mxt_obj_instances       0x23f6'5a54        0xc  Code  Gb  drv_maxtouch.o [1]
mxt_obj_size            0x23f6'5a48        0xc  Code  Gb  drv_maxtouch.o [1]
mxt_parse_object_table  0x23f6'5b0c      0x260  Code  Lc  drv_maxtouch.o [1]
mxt_proc_message        0x23f6'5fb0       0x28  Code  Lc  drv_maxtouch.o [1]
mxt_proc_t100_message   0x23f6'5e80      0x130  Code  Lc  drv_maxtouch.o [1]
mxt_upload_cfg_mem      0x23f6'5d70       0xdc  Code  Lc  drv_maxtouch.o [1]
mxt_upload_cfg_mem::byte_offset
                        0x2420'04c4        0x4  Data  Lc  drv_maxtouch.o [1]
mxt_upload_cfg_mem::index
                        0x2420'04c8        0x4  Data  Lc  drv_maxtouch.o [1]
nextState               0x23f6'db40      0x130  Code  Lc  legato_widget_button_skin_classic.o [1]
nextState               0x23f7'0a18       0xd0  Code  Lc  legato_widget_image_skin_classic.o [1]
nextState               0x23f7'0d10       0xec  Code  Lc  legato_widget_label_skin_classic.o [1]
no_conv                 0x23f5'81bc        0x4  Code  Lc  legato_color_convert.o [1]
paethPredictor          0x23f4'9df4      0x110  Code  Lc  lodepng.o [1]
paintEvt                0x23f7'4ffc        0x1  Data  Lc  legato_renderer.o [1]
paintState              0x2420'0524        0x4  Data  Lc  legato_widget_button_skin_classic.o [1]
paintState              0x2420'0528        0x4  Data  Lc  legato_widget_image_skin_classic.o [1]
paintState              0x2420'052c        0x4  Data  Lc  legato_widget_label_skin_classic.o [1]
paintState              0x2420'0530        0x4  Data  Lc  legato_widget_skin_classic.o [1]
paintWidget             0x23f5'ce94      0x220  Code  Lc  legato_renderer.o [1]
paletteStage            0x2420'03b8       0x14  Data  Lc  legato_imagedecoder_raw_palette_internal.o [1]
pixelBuffer             0x2420'00c0       0x54  Data  Lc  drv_gfx_lcdc.o [1]
pixelGet_FnTable        0x23f7'4fa4       0x10  Data  Gb  legato_pixelbuffer.o [1]
pixelPutFn              0x23f7'4fe8        0x4  Data  Lc  legato_draw.o [1]
pixelSet_FnTable        0x23f7'4fb4       0x10  Data  Gb  legato_pixelbuffer.o [1]
postFrame               0x23f5'd1b0      0x174  Code  Lc  legato_renderer.o [1]
postLayer               0x23f5'd17c       0x34  Code  Lc  legato_renderer.o [1]
postProcessScanlines    0x23f4'a8d8      0x1dc  Code  Lc  lodepng.o [1]
postReadStage           0x2420'0460        0xc  Data  Lc  legato_imagedecoder_raw_scale.o [1]
postRect                0x23f5'd0f8       0x84  Code  Lc  legato_renderer.o [1]
preFrame                0x23f5'c8f0       0x1c  Code  Lc  legato_renderer.o [1]
preLayer                0x23f5'c90c      0x27c  Code  Lc  legato_renderer.o [1]
preRect                 0x23f5'cc3c      0x180  Code  Lc  legato_renderer.o [1]
preWidget               0x23f5'ce40       0x54  Code  Lc  legato_renderer.o [1]
prefetch_abort_irq_handler
                        0x23f7'4580             Code  Wk  vectortrap.o [1]
processEvent            0x23f5'd578       0x30  Code  Lc  legato_event.o [1]
progress                0x23f7'4f0c       0x24  Data  Lc  drv_maxtouch.o [1]
putPixel                0x23f6'294c       0x2c  Code  Lc  legato_draw.o [1]
readBitFromReversedStream
                        0x23f4'7c40       0x34  Code  Lc  lodepng.o [1]
readBitFromStream       0x23f4'6954       0x30  Code  Lc  lodepng.o [1]
readBitsFromReversedStream
                        0x23f4'7c74       0x40  Code  Lc  lodepng.o [1]
readBitsFromStream      0x23f4'6984       0x4c  Code  Lc  lodepng.o [1]
readChunk_PLTE          0x23f4'aab4      0x104  Code  Lc  lodepng.o [1]
readChunk_bKGD          0x23f4'acb8       0xfc  Code  Lc  lodepng.o [1]
readChunk_iTXt          0x23f4'b018      0x2d8  Code  Lc  lodepng.o [1]
readChunk_pHYs          0x23f4'b34c       0x8c  Code  Lc  lodepng.o [1]
readChunk_tEXt          0x23f4'adb4      0x120  Code  Lc  lodepng.o [1]
readChunk_tIME          0x23f4'b2f0       0x5c  Code  Lc  lodepng.o [1]
readChunk_tRNS          0x23f4'abb8      0x100  Code  Lc  lodepng.o [1]
readChunk_zTXt          0x23f4'aed4      0x144  Code  Lc  lodepng.o [1]
removePaddingBits       0x23f4'a858       0x80  Code  Lc  lodepng.o [1]
resetTimer              0x2420'04c0        0x4  Data  Lc  drv_maxtouch.o [1]
resetTimer_Callback     0x23f6'4a90       0x6c  Code  Lc  drv_maxtouch.o [1]
rgb332_argb8888         0x23f5'836c       0x34  Code  Lc  legato_color_convert.o [1]
rgb332_gs8              0x23f5'8258       0x54  Code  Lc  legato_color_convert.o [1]
rgb332_rgb565           0x23f5'82ac       0x30  Code  Lc  legato_color_convert.o [1]
rgb332_rgb888           0x23f5'830c       0x30  Code  Lc  legato_color_convert.o [1]
rgb332_rgba5551         0x23f5'82dc       0x30  Code  Lc  legato_color_convert.o [1]
rgb332_rgba8888         0x23f5'833c       0x30  Code  Lc  legato_color_convert.o [1]
rgb565_argb8888         0x23f5'8484       0x28  Code  Lc  legato_color_convert.o [1]
rgb565_gs8              0x23f5'83a0       0x54  Code  Lc  legato_color_convert.o [1]
rgb565_rgb332           0x23f5'83f4       0x24  Code  Lc  legato_color_convert.o [1]
rgb565_rgb888           0x23f5'8438       0x24  Code  Lc  legato_color_convert.o [1]
rgb565_rgba5551         0x23f5'8418       0x20  Code  Lc  legato_color_convert.o [1]
rgb565_rgba8888         0x23f5'845c       0x28  Code  Lc  legato_color_convert.o [1]
rgb888_argb8888         0x23f5'8634        0x8  Code  Lc  legato_color_convert.o [1]
rgb888_gs8              0x23f5'85b4        0x4  Code  Lc  legato_color_convert.o [1]
rgb888_rgb332           0x23f5'85b8       0x24  Code  Lc  legato_color_convert.o [1]
rgb888_rgb565           0x23f5'85dc       0x24  Code  Lc  legato_color_convert.o [1]
rgb888_rgba5551         0x23f5'8600       0x28  Code  Lc  legato_color_convert.o [1]
rgb888_rgba8888         0x23f5'8628        0xc  Code  Lc  legato_color_convert.o [1]
rgba16ToPixel           0x23f4'8ce8      0x1d8  Code  Lc  lodepng.o [1]
rgba5551_argb8888       0x23f5'856c       0x48  Code  Lc  legato_color_convert.o [1]
rgba5551_gs8            0x23f5'84ac        0x4  Code  Lc  legato_color_convert.o [1]
rgba5551_rgb332         0x23f5'84b0       0x24  Code  Lc  legato_color_convert.o [1]
rgba5551_rgb565         0x23f5'84d4       0x20  Code  Lc  legato_color_convert.o [1]
rgba5551_rgb888         0x23f5'84f4       0x30  Code  Lc  legato_color_convert.o [1]
rgba5551_rgba8888       0x23f5'8524       0x48  Code  Lc  legato_color_convert.o [1]
rgba8888_argb8888       0x23f5'86e8        0x8  Code  Lc  legato_color_convert.o [1]
rgba8888_gs8            0x23f5'863c        0x4  Code  Lc  legato_color_convert.o [1]
rgba8888_rgb332         0x23f5'8640       0x24  Code  Lc  legato_color_convert.o [1]
rgba8888_rgb565         0x23f5'8664       0x24  Code  Lc  legato_color_convert.o [1]
rgba8888_rgb888         0x23f5'86c4       0x24  Code  Lc  legato_color_convert.o [1]
rgba8888_rgba5551       0x23f5'8688       0x3c  Code  Lc  legato_color_convert.o [1]
rgba8ToPixel            0x23f4'89c8      0x320  Code  Lc  lodepng.o [1]
rleRandomDecode         0x23f6'08bc       0x60  Code  Lc  legato_imagedecoder_raw_read_internal.o [1]
rleSequentialDecode     0x23f6'0868       0x54  Code  Lc  legato_imagedecoder_raw_read_internal.o [1]
root0                   0x2420'04d4        0x4  Data  Gb  le_gen_screen_Screen0.o [1]
root1                   0x2420'04d8        0x4  Data  Gb  le_gen_screen_Screen0.o [1]
root2                   0x2420'04dc        0x4  Data  Gb  le_gen_screen_Screen0.o [1]
rotateBilinearPostReadStage
                        0x2420'0454        0xc  Data  Lc  legato_imagedecoder_raw_rotate.o [1]
rotateBilinearPreReadStage
                        0x2420'03cc       0x14  Data  Lc  legato_imagedecoder_raw_rotate.o [1]
rotateNearestNeighborPreReadStage
                        0x2420'0448        0xc  Data  Lc  legato_imagedecoder_raw_rotate.o [1]
sMAXTOUCHDriverInstances
                        0x241f'94c0     0x15c0  Data  Gb  drv_maxtouch.o [1]
scaledBilinearPostReadStage
                        0x2420'046c        0xc  Data  Lc  legato_imagedecoder_raw_scale.o [1]
scaledBilinearPreReadStage
                        0x2420'0384       0x1c  Data  Lc  legato_imagedecoder_raw_scale.o [1]
scaledNearestNeighborPreReadStage
                        0x2420'03e0       0x14  Data  Lc  legato_imagedecoder_raw_scale.o [1]
screenHide_Screen0      0x23f7'04a8       0xa0  Code  Gb  le_gen_screen_Screen0.o [1]
screenInit_Screen0      0x23f6'fde4       0x28  Code  Gb  le_gen_screen_Screen0.o [1]
screenShow_Screen0      0x23f6'fe0c      0x698  Code  Gb  le_gen_screen_Screen0.o [1]
screenUpdate_Screen0    0x23f7'04a4        0x4  Code  Gb  le_gen_screen_Screen0.o [1]
set1byte                0x23f5'7780        0xc  Code  Lc  legato_pixelbuffer.o [1]
set2byte                0x23f5'778c        0xc  Code  Lc  legato_pixelbuffer.o [1]
set3byte                0x23f5'7798       0x1c  Code  Lc  legato_pixelbuffer.o [1]
set4byte                0x23f5'77b4        0xc  Code  Lc  legato_pixelbuffer.o [1]
setBitOfReversedStream  0x23f4'7cfc       0x70  Code  Lc  lodepng.o [1]
setBitOfReversedStream0
                        0x23f4'7cb4       0x48  Code  Lc  lodepng.o [1]
setImageMargin          0x23f6'd0a4       0x4c  Code  Lc  legato_widget_button.o [1]
setImagePosition        0x23f6'd048       0x54  Code  Lc  legato_widget_button.o [1]
setPressed              0x23f6'ce0c      0x140  Code  Lc  legato_widget_button.o [1]
setPressedEventCallback
                        0x23f6'd164        0xc  Code  Lc  legato_widget_button.o [1]
setPressedImage         0x23f6'd000       0x1c  Code  Lc  legato_widget_button.o [1]
setPressedOffset        0x23f6'd0f8       0x64  Code  Lc  legato_widget_button.o [1]
setReleasedEventCallback
                        0x23f6'd178        0xc  Code  Lc  legato_widget_button.o [1]
setReleasedImage        0x23f6'd024       0x1c  Code  Lc  legato_widget_button.o [1]
setString               0x23f6'cf54       0xa4  Code  Lc  legato_widget_button.o [1]
setString               0x23f7'0844       0xb8  Code  Lc  legato_widget_label.o [1]
setToggleable           0x23f6'cdbc       0x24  Code  Lc  legato_widget_button.o [1]
setupStage              0x2420'0478        0xc  Data  Lc  legato_imagedecoder_raw_setup.o [1]
showing                 0x2420'055c        0x1  Data  Lc  le_gen_screen_Screen0.o [1]
software_interrupt_irq_handler
                        0x23f7'4580             Code  Wk  vectortrap.o [1]
spuriousEventCount      0x2420'04cc        0x4  Data  Gb  interrupts.o [1]
stage_BlendARGB8888     0x23f6'0edc       0x74  Code  Lc  legato_imagedecoder_raw_blend.o [1]
stage_BlendRGBA5551     0x23f6'0e44       0x24  Code  Lc  legato_imagedecoder_raw_blend.o [1]
stage_BlendRGBA8888     0x23f6'0e68       0x74  Code  Lc  legato_imagedecoder_raw_blend.o [1]
stage_FrameBufferWrite  0x23f6'1ec4       0x30  Code  Lc  legato_imagedecoder_raw_write.o [1]
stage_ImageWrite        0x23f6'1f38       0x34  Code  Lc  legato_imagedecoder_raw_write.o [1]
stage_bilinearPreRead   0x23f6'2194      0x2f8  Code  Lc  legato_imagedecoder_raw_rotate.o [1]
stage_bilinearPreRead   0x23f6'1b6c      0x1c4  Code  Lc  legato_imagedecoder_raw_scale.o [1]
stage_convertColor      0x23f6'0d5c       0x34  Code  Lc  legato_imagedecoder_raw_convert.o [1]
stage_decode            0x23f6'0a20       0x60  Code  Lc  legato_imagedecoder_raw_read_internal.o [1]
stage_imageRenderPostLookup
                        0x23f6'0cb0       0x54  Code  Lc  legato_imagedecoder_raw_palette_internal.o [1]
stage_lookup            0x23f6'0c00       0x54  Code  Lc  legato_imagedecoder_raw_palette_internal.o [1]
stage_postRead          0x23f6'1d9c       0x18  Code  Lc  legato_imagedecoder_raw_scale.o [1]
stage_rejectMaskedColor
                        0x23f6'0b8c       0x30  Code  Lc  legato_imagedecoder_raw_mask.o [1]
stage_rotateBilinearPostRead
                        0x23f6'24d0       0x84  Code  Lc  legato_imagedecoder_raw_rotate.o [1]
stage_rotateNearestNeighborPreRead
                        0x23f6'1fb8      0x198  Code  Lc  legato_imagedecoder_raw_rotate.o [1]
stage_scaledBilinearPostRead
                        0x23f6'1df8       0x78  Code  Lc  legato_imagedecoder_raw_scale.o [1]
stage_scaledNearestNeighborPreRead
                        0x23f6'1a08       0xf8  Code  Lc  legato_imagedecoder_raw_scale.o [1]
stage_sourceIterateSetup
                        0x23f6'17bc       0xf0  Code  Lc  legato_imagedecoder_raw_setup.o [1]
stage_targetIterateSetup
                        0x23f6'18fc       0xb8  Code  Lc  legato_imagedecoder_raw_setup.o [1]
state                   0x2420'04b4        0x4  Data  Gb  drv_gfx_lcdc.o [1]
stringInvalidate        0x23f6'cce4       0x10  Code  Lc  legato_widget_button.o [1]
stringInvalidate        0x23f7'078c       0x10  Code  Lc  legato_widget_label.o [1]
stringPreinvalidate     0x23f6'ccd4       0x10  Code  Lc  legato_widget_button.o [1]
stringPreinvalidate     0x23f7'077c       0x10  Code  Lc  legato_widget_label.o [1]
stringTable             0x23f7'447c       0x18  Data  Gb  le_gen_stringtable.o [1]
stringTable_data        0x23f7'42c4       0x28  Data  Gb  le_gen_stringtable.o [1]
stringVTable            0x241f'ffa0       0x68  Data  Lc  legato_string.o [1]
string_Easy             0x2420'0368       0x1c  Data  Gb  le_gen_stringtable.o [1]
string_Fast             0x2420'034c       0x1c  Data  Gb  le_gen_stringtable.o [1]
string_Smart            0x2420'0330       0x1c  Data  Gb  le_gen_stringtable.o [1]
string_cleanup          0x23f4'68c4       0x1c  Code  Lc  lodepng.o [1]
string_init             0x23f4'68ac       0x18  Code  Lc  lodepng.o [1]
string_resize           0x23f4'6864       0x48  Code  Lc  lodepng.o [1]
string_set              0x23f4'68e0       0x50  Code  Lc  lodepng.o [1]
strlen                  0x23f4'c280             Code  Gb  strlen.o [4]
sysObj                  0x2420'0424        0xc  Data  Gb  initialization.o [1]
sysTimeInitData         0x23f7'44f4        0x8  Data  Gb  initialization.o [1]
sysTimePlibAPI          0x23f7'43a4       0x1c  Data  Gb  initialization.o [1]
tableStringVTable       0x241f'fe50       0x74  Data  Lc  legato_tablestring.o [1]
timers                  0x241f'fdb0       0xa0  Data  Lc  sys_time.o [1]
touchDown               0x23f6'd218       0x84  Code  Lc  legato_widget_button.o [1]
touchDownHandler        0x23f7'3ba0       0x18  Code  Lc  le_gen_harmony.o [1]
touchMoveHandler        0x23f7'3bd0       0x18  Code  Lc  le_gen_harmony.o [1]
touchMoved              0x23f6'd3d8      0x10c  Code  Lc  legato_widget_button.o [1]
touchUp                 0x23f6'd29c      0x13c  Code  Lc  legato_widget_button.o [1]
touchUpHandler          0x23f7'3bb8       0x18  Code  Lc  le_gen_harmony.o [1]
trns_tbl                0x241f'0000     0x4000  Data  Lc  plib_mmu.o [1]
ucvector_cleanup        0x23f4'67cc       0x28  Code  Lc  lodepng.o [1]
ucvector_init           0x23f4'67f4       0x18  Code  Lc  lodepng.o [1]
ucvector_init_buffer    0x23f4'680c       0x14  Code  Lc  lodepng.o [1]
ucvector_push_back      0x23f4'6820       0x44  Code  Lc  lodepng.o [1]
ucvector_reserve        0x23f4'6738       0x60  Code  Lc  lodepng.o [1]
ucvector_resize         0x23f4'6798       0x34  Code  Lc  lodepng.o [1]
uivector_cleanup        0x23f4'660c       0x28  Code  Lc  lodepng.o [1]
uivector_init           0x23f4'6720       0x18  Code  Lc  lodepng.o [1]
uivector_reserve        0x23f4'6634       0x60  Code  Lc  lodepng.o [1]
uivector_resize         0x23f4'6694       0x34  Code  Lc  lodepng.o [1]
uivector_resizev        0x23f4'66c8       0x58  Code  Lc  lodepng.o [1]
undefined_instruction_irq_handler
                        0x23f7'4580             Code  Wk  vectortrap.o [1]
unfilter                0x23f4'a57c       0x8c  Code  Lc  lodepng.o [1]
unfilterScanline        0x23f4'a300      0x27c  Code  Lc  lodepng.o [1]
updateWidget            0x23f5'b3d4       0x50  Code  Lc  legato_state.o [1]
updateWidgets           0x23f5'b424       0x44  Code  Lc  legato_state.o [1]
update_adler32          0x23f4'79ec       0x98  Code  Lc  lodepng.o [1]
useGPU                  0x2420'0559        0x1  Data  Lc  drv_gfx_lcdc.o [1]
variableHeap            0x2420'02ec       0x24  Data  Gb  legato_memory.o [1]
variableHeapData        0x240f'501c   0xf'a000  Data  Gb  legato_memory.o [1]
vsyncCount              0x2420'04b8        0x4  Data  Lc  drv_gfx_lcdc.o [1]
vtableFnTable           0x23f7'4ee4       0x28  Data  Gb  legato_state.o [1]
widgetVTable            0x241f'f7c8      0x130  Data  Lc  legato_widget.o [1]
zlib_decompress         0x23f4'7b9c       0x30  Code  Lc  lodepng.o [1]


[1] = C:\Harmony3\harmony_gfx_apps_sam_9x60\apps\legato_quickstart\firmware\legato_qs_9x60_ek_tm5000.IAR\Debug\Obj
[2] = dl5E_aln.a
[3] = m5E_al.a
[4] = rt5E_al.a
[5] = shs_l.a

    140'620 bytes of readonly  code memory
         60 bytes of readwrite code memory
    335'928 bytes of readonly  data memory
  7'287'228 bytes of readwrite data memory

Errors: none
Warnings: none
