Archive member included to satisfy reference by file (symbol)

c:/program files/microchip/xc32/v2.40/bin/bin/../../lib/gcc/pic32c/6.2.1/arm/v5te\libgcc.a(_udivsi3.o)
                              build/lcdc_rgba8888_mxt_9x60_wqvga/production/_ext/527457378/legato_math.o (__aeabi_uidiv)
c:/program files/microchip/xc32/v2.40/bin/bin/../../lib/gcc/pic32c/6.2.1/arm/v5te\libgcc.a(_divsi3.o)
                              build/lcdc_rgba8888_mxt_9x60_wqvga/production/_ext/527457378/legato_math.o (__aeabi_idiv)
c:/program files/microchip/xc32/v2.40/bin/bin/../../lib/gcc/pic32c/6.2.1/arm/v5te\libgcc.a(_dvmd_tls.o)
                              c:/program files/microchip/xc32/v2.40/bin/bin/../../lib/gcc/pic32c/6.2.1/arm/v5te\libgcc.a(_udivsi3.o) (__aeabi_idiv0)
c:/program files/microchip/xc32/v2.40/bin/bin/../../lib/gcc/pic32c/6.2.1/arm/v5te\libgcc.a(_arm_addsubsf3.o)
                              build/lcdc_rgba8888_mxt_9x60_wqvga/production/_ext/527457378/legato_math.o (__aeabi_fsub)
c:/program files/microchip/xc32/v2.40/bin/bin/../../lib/gcc/pic32c/6.2.1/arm/v5te\libgcc.a(_arm_muldivsf3.o)
                              build/lcdc_rgba8888_mxt_9x60_wqvga/production/_ext/849184302/gfx_driver.o (__aeabi_fmul)
c:/program files/microchip/xc32/v2.40/bin/bin/../../lib/gcc/pic32c/6.2.1/arm/v5te\libgcc.a(_arm_cmpsf2.o)
                              build/lcdc_rgba8888_mxt_9x60_wqvga/production/_ext/527457378/legato_math.o (__aeabi_fcmplt)
c:/program files/microchip/xc32/v2.40/bin/bin/../../lib/gcc/pic32c/6.2.1/arm/v5te\libgcc.a(_arm_fixsfsi.o)
                              build/lcdc_rgba8888_mxt_9x60_wqvga/production/_ext/849184302/gfx_driver.o (__aeabi_f2iz)
c:/program files/microchip/xc32/v2.40/bin/bin/../../lib/gcc/pic32c/6.2.1/arm/v5te\libgcc.a(_arm_fixunssfsi.o)
                              build/lcdc_rgba8888_mxt_9x60_wqvga/production/_ext/849184302/gfx_driver.o (__aeabi_f2uiz)
c:/program files/microchip/xc32/v2.40/bin/bin/../../lib/gcc/pic32c/6.2.1/arm/v5te\libgcc.a(_aeabi_uldivmod.o)
                              build/lcdc_rgba8888_mxt_9x60_wqvga/production/_ext/1114288722/sys_time.o (__aeabi_uldivmod)
c:/program files/microchip/xc32/v2.40/bin/bin/../../lib/gcc/pic32c/6.2.1/arm/v5te\libgcc.a(_udivmoddi4.o)
                              c:/program files/microchip/xc32/v2.40/bin/bin/../../lib/gcc/pic32c/6.2.1/arm/v5te\libgcc.a(_aeabi_uldivmod.o) (__udivmoddi4)
c:/program files/microchip/xc32/v2.40/bin/bin/../../lib/gcc/pic32c/6.2.1/arm/v5te\libgcc.a(_lshrdi3.o)
                              c:/program files/microchip/xc32/v2.40/bin/bin/../../lib/gcc/pic32c/6.2.1/arm/v5te\libgcc.a(_udivmoddi4.o) (__aeabi_llsr)
c:/program files/microchip/xc32/v2.40/bin/bin/../../lib/gcc/pic32c/6.2.1/arm/v5te\libgcc.a(_ashldi3.o)
                              c:/program files/microchip/xc32/v2.40/bin/bin/../../lib/gcc/pic32c/6.2.1/arm/v5te\libgcc.a(_udivmoddi4.o) (__aeabi_llsl)
c:/program files/microchip/xc32/v2.40/bin/bin/../../lib/gcc/pic32c/6.2.1/../../../../pic32c/lib/arm/v5te\libm_nano.a(lib_a-s_atan.o)
                              build/lcdc_rgba8888_mxt_9x60_wqvga/production/_ext/527457378/legato_math.o (atan)
c:/program files/microchip/xc32/v2.40/bin/bin/../../lib/gcc/pic32c/6.2.1/../../../../pic32c/lib/arm/v5te\libm_nano.a(lib_a-s_fabs.o)
                              c:/program files/microchip/xc32/v2.40/bin/bin/../../lib/gcc/pic32c/6.2.1/../../../../pic32c/lib/arm/v5te\libm_nano.a(lib_a-s_atan.o) (fabs)
c:/program files/microchip/xc32/v2.40/bin/bin/../../lib/gcc/pic32c/6.2.1/../../../../pic32c/lib/arm/v5te\libc_nano.a(lib_a-init.o)
                              build/lcdc_rgba8888_mxt_9x60_wqvga/production/_ext/2136853445/cstartup.o (__libc_init_array)
c:/program files/microchip/xc32/v2.40/bin/bin/../../lib/gcc/pic32c/6.2.1/../../../../pic32c/lib/arm/v5te\libc_nano.a(lib_a-memcpy-stub.o)
                              build/lcdc_rgba8888_mxt_9x60_wqvga/production/_ext/1255084937/drv_maxtouch.o (memcpy)
c:/program files/microchip/xc32/v2.40/bin/bin/../../lib/gcc/pic32c/6.2.1/../../../../pic32c/lib/arm/v5te\libc_nano.a(lib_a-memset.o)
                              build/lcdc_rgba8888_mxt_9x60_wqvga/production/_ext/1255084937/drv_maxtouch.o (memset)
c:/program files/microchip/xc32/v2.40/bin/bin/../../lib/gcc/pic32c/6.2.1/../../../../pic32c/lib/arm/v5te\libc_nano.a(_lib_a-printf.cdnopuxX.o)
                              (_printf_cdnopuxX)
c:/program files/microchip/xc32/v2.40/bin/bin/../../lib/gcc/pic32c/6.2.1/../../../../pic32c/lib/arm/v5te\libc_nano.a(lib_a-putchar.o)
                              build/lcdc_rgba8888_mxt_9x60_wqvga/production/_ext/804515704/legato_variableheap.o (putchar)
c:/program files/microchip/xc32/v2.40/bin/bin/../../lib/gcc/pic32c/6.2.1/../../../../pic32c/lib/arm/v5te\libc_nano.a(lib_a-putc.o)
[...]
Memory Configuration

Name             Origin             Length             Attributes
sram             0x00300000         0x00010000         xw
ram              0x21000000         0x0f000000         xwl !r
ram_nocache      0x20000000         0x01000000         !xrw
*default*        0x00000000         0xffffffff

Linker script and memory map

LOAD c:/program files/microchip/xc32/v2.40/bin/bin/../../lib/gcc/pic32c/6.2.1/arm/v5te/crti.o
LOAD c:/program files/microchip/xc32/v2.40/bin/bin/../../lib/gcc/pic32c/6.2.1/arm/v5te/crtbegin.o
LOAD build/lcdc_rgba8888_mxt_9x60_wqvga/production/_ext/1069447787/bsp.o
LOAD build/lcdc_rgba8888_mxt_9x60_wqvga/production/_ext/982651812/drv_i2c.o
LOAD build/lcdc_rgba8888_mxt_9x60_wqvga/production/_ext/1255084937/drv_maxtouch.o
LOAD build/lcdc_rgba8888_mxt_9x60_wqvga/production/_ext/152843855/drv_gfx2d.o
LOAD build/lcdc_rgba8888_mxt_9x60_wqvga/production/_ext/849184302/gfx_driver.o
LOAD build/lcdc_rgba8888_mxt_9x60_wqvga/production/_ext/1913341812/drv_gfx_lcdc.o
LOAD build/lcdc_rgba8888_mxt_9x60_wqvga/production/_ext/527457378/legato_color.o
LOAD build/lcdc_rgba8888_mxt_9x60_wqvga/production/_ext/527457378/legato_color_blend.o
LOAD build/lcdc_rgba8888_mxt_9x60_wqvga/production/_ext/527457378/legato_color_convert.o
LOAD build/lcdc_rgba8888_mxt_9x60_wqvga/production/_ext/527457378/legato_color_lerp.o
LOAD build/lcdc_rgba8888_mxt_9x60_wqvga/production/_ext/527457378/legato_color_value.o
LOAD build/lcdc_rgba8888_mxt_9x60_wqvga/production/_ext/527457378/legato_error.o
LOAD build/lcdc_rgba8888_mxt_9x60_wqvga/production/_ext/527457378/legato_math.o
LOAD build/lcdc_rgba8888_mxt_9x60_wqvga/production/_ext/527457378/legato_pixelbuffer.o
LOAD build/lcdc_rgba8888_mxt_9x60_wqvga/production/_ext/527457378/legato_rect.o
LOAD build/lcdc_rgba8888_mxt_9x60_wqvga/production/_ext/527457378/legato_utils.o
LOAD build/lcdc_rgba8888_mxt_9x60_wqvga/production/_ext/920120362/legato_event.o
LOAD build/lcdc_rgba8888_mxt_9x60_wqvga/production/_ext/920120362/legato_input.o
LOAD build/lcdc_rgba8888_mxt_9x60_wqvga/production/_ext/920120362/legato_scheme.o
LOAD build/lcdc_rgba8888_mxt_9x60_wqvga/production/_ext/920120362/legato_state.o
LOAD build/lcdc_rgba8888_mxt_9x60_wqvga/production/_ext/920120362/legato_stream.o
LOAD build/lcdc_rgba8888_mxt_9x60_wqvga/production/_ext/1867602254/legato_array.o
LOAD build/lcdc_rgba8888_mxt_9x60_wqvga/production/_ext/1867602254/legato_list.o
LOAD build/lcdc_rgba8888_mxt_9x60_wqvga/production/_ext/1867602254/legato_rectarray.o
LOAD build/lcdc_rgba8888_mxt_9x60_wqvga/production/_ext/920031098/legato_font.o
LOAD build/lcdc_rgba8888_mxt_9x60_wqvga/production/_ext/920031098/legato_rasterfont_liberationmono1.o
LOAD build/lcdc_rgba8888_mxt_9x60_wqvga/production/_ext/920031098/legato_rasterfont_liberationmono8.o
LOAD build/lcdc_rgba8888_mxt_9x60_wqvga/production/_ext/920031098/legato_rasterfont_stream.o
LOAD build/lcdc_rgba8888_mxt_9x60_wqvga/production/_ext/1810419642/le_gen_fonts.o
LOAD build/lcdc_rgba8888_mxt_9x60_wqvga/production/_ext/285735868/le_gen_images.o
LOAD build/lcdc_rgba8888_mxt_9x60_wqvga/production/_ext/9683619/le_gen_screen_Screen0.o
LOAD build/lcdc_rgba8888_mxt_9x60_wqvga/production/_ext/9683619/le_gen_screen_Screen1.o
LOAD build/lcdc_rgba8888_mxt_9x60_wqvga/production/_ext/9683619/le_gen_screen_Screen2.o
LOAD build/lcdc_rgba8888_mxt_9x60_wqvga/production/_ext/9683619/le_gen_screen_Screen3.o
LOAD build/lcdc_rgba8888_mxt_9x60_wqvga/production/_ext/29737032/le_gen_globalpalette.o
LOAD build/lcdc_rgba8888_mxt_9x60_wqvga/production/_ext/29737032/le_gen_harmony.o
LOAD build/lcdc_rgba8888_mxt_9x60_wqvga/production/_ext/29737032/le_gen_init.o
LOAD build/lcdc_rgba8888_mxt_9x60_wqvga/production/_ext/29737032/le_gen_scheme.o
LOAD build/lcdc_rgba8888_mxt_9x60_wqvga/production/_ext/29737032/le_gen_stringtable.o
LOAD build/lcdc_rgba8888_mxt_9x60_wqvga/production/_ext/1580025747/legato_imagedecoder_jpeg.o
LOAD build/lcdc_rgba8888_mxt_9x60_wqvga/production/_ext/1580025747/legato_imagedecoder_jpeg_common.o
LOAD build/lcdc_rgba8888_mxt_9x60_wqvga/production/_ext/1580025747/jidctint.o
LOAD build/lcdc_rgba8888_mxt_9x60_wqvga/production/_ext/1195951714/legato_imagedecoder_png.o
LOAD build/lcdc_rgba8888_mxt_9x60_wqvga/production/_ext/1195951714/lodepng.o
LOAD build/lcdc_rgba8888_mxt_9x60_wqvga/production/_ext/1195950179/legato_imagedecoder_raw.o
LOAD build/lcdc_rgba8888_mxt_9x60_wqvga/production/_ext/1195950179/legato_imagedecoder_raw_blend.o
LOAD build/lcdc_rgba8888_mxt_9x60_wqvga/production/_ext/1195950179/legato_imagedecoder_raw_convert.o
LOAD build/lcdc_rgba8888_mxt_9x60_wqvga/production/_ext/1195950179/legato_imagedecoder_raw_mask.o
LOAD build/lcdc_rgba8888_mxt_9x60_wqvga/production/_ext/1195950179/legato_imagedecoder_raw_palette_internal.o
LOAD build/lcdc_rgba8888_mxt_9x60_wqvga/production/_ext/1195950179/legato_imagedecoder_raw_palette_stream.o
LOAD build/lcdc_rgba8888_mxt_9x60_wqvga/production/_ext/1195950179/legato_imagedecoder_raw_read_internal.o
LOAD build/lcdc_rgba8888_mxt_9x60_wqvga/production/_ext/1195950179/legato_imagedecoder_raw_read_stream_color.o
LOAD build/lcdc_rgba8888_mxt_9x60_wqvga/production/_ext/1195950179/legato_imagedecoder_raw_read_stream_index.o
LOAD build/lcdc_rgba8888_mxt_9x60_wqvga/production/_ext/1195950179/legato_imagedecoder_raw_read_stream_rlecolor.o
LOAD build/lcdc_rgba8888_mxt_9x60_wqvga/production/_ext/1195950179/legato_imagedecoder_raw_read_stream_rleindex.o
LOAD build/lcdc_rgba8888_mxt_9x60_wqvga/production/_ext/1195950179/legato_imagedecoder_raw_rotate.o
LOAD build/lcdc_rgba8888_mxt_9x60_wqvga/production/_ext/1195950179/legato_imagedecoder_raw_scale.o
LOAD build/lcdc_rgba8888_mxt_9x60_wqvga/production/_ext/1195950179/legato_imagedecoder_raw_setup.o
LOAD build/lcdc_rgba8888_mxt_9x60_wqvga/production/_ext/1195950179/legato_imagedecoder_raw_write.o
LOAD build/lcdc_rgba8888_mxt_9x60_wqvga/production/_ext/1546505220/legato_image.o
LOAD build/lcdc_rgba8888_mxt_9x60_wqvga/production/_ext/1546505220/legato_palette.o
LOAD build/lcdc_rgba8888_mxt_9x60_wqvga/production/_ext/1546505220/legato_image_utils.o
LOAD build/lcdc_rgba8888_mxt_9x60_wqvga/production/_ext/804515704/legato_fixedheap.o
LOAD build/lcdc_rgba8888_mxt_9x60_wqvga/production/_ext/804515704/legato_memory.o
LOAD build/lcdc_rgba8888_mxt_9x60_wqvga/production/_ext/804515704/legato_variableheap.o
LOAD build/lcdc_rgba8888_mxt_9x60_wqvga/production/_ext/187675002/legato_draw.o
LOAD build/lcdc_rgba8888_mxt_9x60_wqvga/production/_ext/187675002/legato_draw_arc.o
LOAD build/lcdc_rgba8888_mxt_9x60_wqvga/production/_ext/187675002/legato_draw_line.o
LOAD build/lcdc_rgba8888_mxt_9x60_wqvga/production/_ext/187675002/legato_draw_rect.o
LOAD build/lcdc_rgba8888_mxt_9x60_wqvga/production/_ext/187675002/legato_renderer.o
LOAD build/lcdc_rgba8888_mxt_9x60_wqvga/production/_ext/187675002/legato_gpu.o
LOAD build/lcdc_rgba8888_mxt_9x60_wqvga/production/_ext/990286472/legato_dynamicstring.o
LOAD build/lcdc_rgba8888_mxt_9x60_wqvga/production/_ext/990286472/legato_fixedstring.o
LOAD build/lcdc_rgba8888_mxt_9x60_wqvga/production/_ext/990286472/legato_string.o
LOAD build/lcdc_rgba8888_mxt_9x60_wqvga/production/_ext/990286472/legato_string_renderer.o
LOAD build/lcdc_rgba8888_mxt_9x60_wqvga/production/_ext/990286472/legato_string_renderer_stream.o
LOAD build/lcdc_rgba8888_mxt_9x60_wqvga/production/_ext/990286472/legato_stringtable.o
LOAD build/lcdc_rgba8888_mxt_9x60_wqvga/production/_ext/990286472/legato_tablestring.o
LOAD build/lcdc_rgba8888_mxt_9x60_wqvga/production/_ext/990286472/legato_stringutils.o
LOAD build/lcdc_rgba8888_mxt_9x60_wqvga/production/_ext/1535865090/legato_widget_arc.o
LOAD build/lcdc_rgba8888_mxt_9x60_wqvga/production/_ext/1535865090/legato_widget_arc_skin_classic.o
LOAD build/lcdc_rgba8888_mxt_9x60_wqvga/production/_ext/162779119/legato_widget_bar_graph.o
LOAD build/lcdc_rgba8888_mxt_9x60_wqvga/production/_ext/162779119/legato_widget_bar_graph_skin_classic.o
LOAD build/lcdc_rgba8888_mxt_9x60_wqvga/production/_ext/638270714/legato_widget_button.o
LOAD build/lcdc_rgba8888_mxt_9x60_wqvga/production/_ext/638270714/legato_widget_button_skin_classic.o
LOAD build/lcdc_rgba8888_mxt_9x60_wqvga/production/_ext/847900009/legato_widget_checkbox.o
LOAD build/lcdc_rgba8888_mxt_9x60_wqvga/production/_ext/847900009/legato_widget_checkbox_skin_classic.o
LOAD build/lcdc_rgba8888_mxt_9x60_wqvga/production/_ext/620799836/legato_widget_circle.o
LOAD build/lcdc_rgba8888_mxt_9x60_wqvga/production/_ext/620799836/legato_widget_circle_skin_classic.o
LOAD build/lcdc_rgba8888_mxt_9x60_wqvga/production/_ext/1828504422/legato_widget_circular_gauge.o
LOAD build/lcdc_rgba8888_mxt_9x60_wqvga/production/_ext/1828504422/legato_widget_circular_gauge_skin_classic.o
LOAD build/lcdc_rgba8888_mxt_9x60_wqvga/production/_ext/1202410516/legato_widget_circular_slider.o
LOAD build/lcdc_rgba8888_mxt_9x60_wqvga/production/_ext/1202410516/legato_widget_circular_slider_skin_classic.o
LOAD build/lcdc_rgba8888_mxt_9x60_wqvga/production/_ext/1934078869/legato_widget_drawsurface.o
LOAD build/lcdc_rgba8888_mxt_9x60_wqvga/production/_ext/1934078869/legato_widget_drawsurface_skin_classic.o
LOAD build/lcdc_rgba8888_mxt_9x60_wqvga/production/_ext/1999826436/legato_widget_gradient.o
LOAD build/lcdc_rgba8888_mxt_9x60_wqvga/production/_ext/1999826436/legato_widget_gradient_skin_classic.o
LOAD build/lcdc_rgba8888_mxt_9x60_wqvga/production/_ext/1878427200/legato_widget_groupbox.o
LOAD build/lcdc_rgba8888_mxt_9x60_wqvga/production/_ext/1878427200/legato_widget_groupbox_skin_classic.o
LOAD build/lcdc_rgba8888_mxt_9x60_wqvga/production/_ext/1509638919/legato_widget_image.o
LOAD build/lcdc_rgba8888_mxt_9x60_wqvga/production/_ext/1509638919/legato_widget_image_skin_classic.o
LOAD build/lcdc_rgba8888_mxt_9x60_wqvga/production/_ext/778272546/legato_widget_imagerotate.o
LOAD build/lcdc_rgba8888_mxt_9x60_wqvga/production/_ext/778272546/legato_widget_imagerotate_skin_classic.o
LOAD build/lcdc_rgba8888_mxt_9x60_wqvga/production/_ext/302748323/legato_widget_imagescale.o
LOAD build/lcdc_rgba8888_mxt_9x60_wqvga/production/_ext/302748323/legato_widget_imagescale_skin_classic.o
LOAD build/lcdc_rgba8888_mxt_9x60_wqvga/production/_ext/1985463240/legato_widget_imagesequence.o
LOAD build/lcdc_rgba8888_mxt_9x60_wqvga/production/_ext/1985463240/legato_widget_imagesequence_skin_classic.o
LOAD build/lcdc_rgba8888_mxt_9x60_wqvga/production/_ext/395240024/legato_widget_keypad.o
LOAD build/lcdc_rgba8888_mxt_9x60_wqvga/production/_ext/395240024/legato_widget_keypad_skin_classic.o
LOAD build/lcdc_rgba8888_mxt_9x60_wqvga/production/_ext/1512052896/legato_widget_label.o
LOAD build/lcdc_rgba8888_mxt_9x60_wqvga/production/_ext/1512052896/legato_widget_label_skin_classic.o
LOAD build/lcdc_rgba8888_mxt_9x60_wqvga/production/_ext/366858040/legato_widget_line.o
LOAD build/lcdc_rgba8888_mxt_9x60_wqvga/production/_ext/366858040/legato_widget_line_skin_classic.o
LOAD build/lcdc_rgba8888_mxt_9x60_wqvga/production/_ext/1592118662/legato_widget_line_graph.o
LOAD build/lcdc_rgba8888_mxt_9x60_wqvga/production/_ext/1592118662/legato_widget_line_graph_skin_classic.o
LOAD build/lcdc_rgba8888_mxt_9x60_wqvga/production/_ext/366857870/legato_widget_list.o
LOAD build/lcdc_rgba8888_mxt_9x60_wqvga/production/_ext/366857870/legato_widget_list_skin_classic.o
LOAD build/lcdc_rgba8888_mxt_9x60_wqvga/production/_ext/2116378327/legato_widget_listwheel.o
LOAD build/lcdc_rgba8888_mxt_9x60_wqvga/production/_ext/2116378327/legato_widget_listwheel_skin_classic.o
LOAD build/lcdc_rgba8888_mxt_9x60_wqvga/production/_ext/1221211302/legato_widget_pie_chart.o
LOAD build/lcdc_rgba8888_mxt_9x60_wqvga/production/_ext/1221211302/legato_widget_pie_chart_skin_classic.o
LOAD build/lcdc_rgba8888_mxt_9x60_wqvga/production/_ext/1148479630/legato_widget_progressbar.o
LOAD build/lcdc_rgba8888_mxt_9x60_wqvga/production/_ext/1148479630/legato_widget_progressbar_skin_classic.o
LOAD build/lcdc_rgba8888_mxt_9x60_wqvga/production/_ext/1336535506/legato_widget_radial_menu.o
LOAD build/lcdc_rgba8888_mxt_9x60_wqvga/production/_ext/1336535506/legato_widget_radial_menu_skin_classic.o
LOAD build/lcdc_rgba8888_mxt_9x60_wqvga/production/_ext/2039593881/legato_radiobutton_group.o
LOAD build/lcdc_rgba8888_mxt_9x60_wqvga/production/_ext/2039593881/legato_widget_radiobutton.o
LOAD build/lcdc_rgba8888_mxt_9x60_wqvga/production/_ext/2039593881/legato_widget_radiobutton_skin_classic.o
LOAD build/lcdc_rgba8888_mxt_9x60_wqvga/production/_ext/207196443/legato_widget_rectangle.o
LOAD build/lcdc_rgba8888_mxt_9x60_wqvga/production/_ext/207196443/legato_widget_rectangle_skin_classic.o
LOAD build/lcdc_rgba8888_mxt_9x60_wqvga/production/_ext/496309806/legato_widget_scrollbar.o
LOAD build/lcdc_rgba8888_mxt_9x60_wqvga/production/_ext/496309806/legato_widget_scrollbar_skin_classic.o
LOAD build/lcdc_rgba8888_mxt_9x60_wqvga/production/_ext/160230219/legato_widget_slider.o
LOAD build/lcdc_rgba8888_mxt_9x60_wqvga/production/_ext/160230219/legato_widget_slider_skin_classic.o
LOAD build/lcdc_rgba8888_mxt_9x60_wqvga/production/_ext/1945537639/legato_widget_textfield.o
LOAD build/lcdc_rgba8888_mxt_9x60_wqvga/production/_ext/1945537639/legato_widget_textfield_skin_classic.o
LOAD build/lcdc_rgba8888_mxt_9x60_wqvga/production/_ext/549367811/legato_widget_touchtest.o
LOAD build/lcdc_rgba8888_mxt_9x60_wqvga/production/_ext/549367811/legato_widget_touchtest_skin_classic.o
LOAD build/lcdc_rgba8888_mxt_9x60_wqvga/production/_ext/48334908/legato_widget_window.o
LOAD build/lcdc_rgba8888_mxt_9x60_wqvga/production/_ext/48334908/legato_widget_window_skin_classic.o
LOAD build/lcdc_rgba8888_mxt_9x60_wqvga/production/_ext/1094225083/legato_editwidget.o
LOAD build/lcdc_rgba8888_mxt_9x60_wqvga/production/_ext/1094225083/legato_widget.o
LOAD build/lcdc_rgba8888_mxt_9x60_wqvga/production/_ext/1094225083/legato_widget_skin_classic.o
LOAD build/lcdc_rgba8888_mxt_9x60_wqvga/production/_ext/1094225083/legato_widget_skin_classic_common.o
LOAD build/lcdc_rgba8888_mxt_9x60_wqvga/production/_ext/1080873348/plib_aic.o
LOAD build/lcdc_rgba8888_mxt_9x60_wqvga/production/_ext/1080871325/plib_clk.o
LOAD build/lcdc_rgba8888_mxt_9x60_wqvga/production/_ext/1906221792/plib_flexcom0_twi.o
LOAD build/lcdc_rgba8888_mxt_9x60_wqvga/production/_ext/668271788/plib_gfx2d.o
LOAD build/lcdc_rgba8888_mxt_9x60_wqvga/production/_ext/852986645/plib_lcdc.o
LOAD build/lcdc_rgba8888_mxt_9x60_wqvga/production/_ext/1080861674/plib_mmu.o
LOAD build/lcdc_rgba8888_mxt_9x60_wqvga/production/_ext/1080858921/plib_pio.o
LOAD build/lcdc_rgba8888_mxt_9x60_wqvga/production/_ext/380775694/plib_tc0.o
LOAD build/lcdc_rgba8888_mxt_9x60_wqvga/production/_ext/1257861045/xc32_monitor.o
LOAD build/lcdc_rgba8888_mxt_9x60_wqvga/production/_ext/1806287626/sys_cache.o
LOAD build/lcdc_rgba8888_mxt_9x60_wqvga/production/_ext/1800346306/sys_input.o
LOAD build/lcdc_rgba8888_mxt_9x60_wqvga/production/_ext/1800346306/sys_input_listener.o
LOAD build/lcdc_rgba8888_mxt_9x60_wqvga/production/_ext/740631608/sys_int.o
LOAD build/lcdc_rgba8888_mxt_9x60_wqvga/production/_ext/1114288722/sys_time.o
LOAD build/lcdc_rgba8888_mxt_9x60_wqvga/production/_ext/2136853445/initialization.o
LOAD build/lcdc_rgba8888_mxt_9x60_wqvga/production/_ext/2136853445/interrupts.o
LOAD build/lcdc_rgba8888_mxt_9x60_wqvga/production/_ext/2136853445/cstartup.o
LOAD build/lcdc_rgba8888_mxt_9x60_wqvga/production/_ext/2136853445/vectortrap.o
LOAD build/lcdc_rgba8888_mxt_9x60_wqvga/production/_ext/2136853445/tasks.o
LOAD build/lcdc_rgba8888_mxt_9x60_wqvga/production/_ext/1360937237/screen_FPSCounter.o
LOAD build/lcdc_rgba8888_mxt_9x60_wqvga/production/_ext/1360937237/screen_FPSImages.o
LOAD build/lcdc_rgba8888_mxt_9x60_wqvga/production/_ext/1360937237/screen_FPSMotion.o
LOAD build/lcdc_rgba8888_mxt_9x60_wqvga/production/_ext/1360937237/screen_Splash.o
LOAD build/lcdc_rgba8888_mxt_9x60_wqvga/production/_ext/1360937237/main.o
LOAD build/lcdc_rgba8888_mxt_9x60_wqvga/production/_ext/1360937237/app.o
                0x00000001                __MPLAB_BUILD = 0x1
                0x00000800                C_STACK_SIZE = 0x800
                0x00000060                IRQ_STACK_SIZE = 0x60
                0x00000060                FIQ_STACK_SIZE = 0x60
                0x00000800                SVC_STACK_SIZE = 0x800
                0x00000040                ABT_STACK_SIZE = 0x40
                0x00000040                UND_STACK_SIZE = 0x40
                0x00000800                SYS_STACK_SIZE = 0x800
                0x00000200                HEAP_SIZE = 0x200

.text           0x23f00000   0x22c0f4
                0x23f00000                . = ALIGN (0x4)
                [!provide]                PROVIDE (_sfixed, .)
 *(.textEntry)
 .textEntry     0x23f00000      0x10c build/lcdc_rgba8888_mxt_9x60_wqvga/production/_ext/2136853445/cstartup.o
                0x23f00000                entry
 *(.text .text.* .gnu.linkonce.t.*)
 .text          0x23f0010c       0x70 c:/program files/microchip/xc32/v2.40/bin/bin/../../lib/gcc/pic32c/6.2.1/arm/v5te/crtbegin.o
 .text.BSP_Initialize
                0x23f0017c       0x20 build/lcdc_rgba8888_mxt_9x60_wqvga/production/_ext/1069447787/bsp.o
                0x23f0017c                BSP_Initialize
 .text._DRV_I2C_DriverHandleValidate
                0x23f0019c       0x7c build/lcdc_rgba8888_mxt_9x60_wqvga/production/_ext/982651812/drv_i2c.o
 .text._DRV_I2C_ResourceLock
                0x23f00218       0xc8 build/lcdc_rgba8888_mxt_9x60_wqvga/production/_ext/982651812/drv_i2c.o
 .text._DRV_I2C_ResourceUnlock
                0x23f002e0       0xac build/lcdc_rgba8888_mxt_9x60_wqvga/production/_ext/982651812/drv_i2c.o
 .text._DRV_I2C_WriteReadTransferAdd
                0x23f0038c      0x30c build/lcdc_rgba8888_mxt_9x60_wqvga/production/_ext/982651812/drv_i2c.o
 .text._DRV_I2C_PLibCallbackHandler
                0x23f00698      0x20c build/lcdc_rgba8888_mxt_9x60_wqvga/production/_ext/982651812/drv_i2c.o
 .text.DRV_I2C_Initialize
                0x23f008a4       0xbc build/lcdc_rgba8888_mxt_9x60_wqvga/production/_ext/982651812/drv_i2c.o
                0x23f008a4                DRV_I2C_Initialize
 .text.DRV_I2C_Open
                0x23f00960      0x1a8 build/lcdc_rgba8888_mxt_9x60_wqvga/production/_ext/982651812/drv_i2c.o
                0x23f00960                DRV_I2C_Open
 .text.DRV_I2C_TransferEventHandlerSet
                0x23f00b08       0x50 build/lcdc_rgba8888_mxt_9x60_wqvga/production/_ext/982651812/drv_i2c.o
                0x23f00b08                DRV_I2C_TransferEventHandlerSet
 .text.DRV_I2C_ReadTransferAdd
                0x23f00b58       0x34 build/lcdc_rgba8888_mxt_9x60_wqvga/production/_ext/982651812/drv_i2c.o
                0x23f00b58                DRV_I2C_ReadTransferAdd
 .text.DRV_I2C_WriteTransferAdd
                0x23f00b8c       0x30 build/lcdc_rgba8888_mxt_9x60_wqvga/production/_ext/982651812/drv_i2c.o
                0x23f00b8c                DRV_I2C_WriteTransferAdd
 .text.DRV_MAXTOUCH_I2CEventHandler
                0x23f00bbc      0x228 build/lcdc_rgba8888_mxt_9x60_wqvga/production/_ext/1255084937/drv_maxtouch.o
                0x23f00bbc                DRV_MAXTOUCH_I2CEventHandler
 .text.resetTimer_Callback
                0x23f00de4       0x70 build/lcdc_rgba8888_mxt_9x60_wqvga/production/_ext/1255084937/drv_maxtouch.o
 .text._RegWrite16
                0x23f00e54       0x5c build/lcdc_rgba8888_mxt_9x60_wqvga/production/_ext/1255084937/drv_maxtouch.o
 .text._MessageObjectRead
                0x23f00eb0       0x94 build/lcdc_rgba8888_mxt_9x60_wqvga/production/_ext/1255084937/drv_maxtouch.o
 .text.mxt_proc_t100_message
                0x23f00f44       0xd4 build/lcdc_rgba8888_mxt_9x60_wqvga/production/_ext/1255084937/drv_maxtouch.o
 .text._mxt_DelayMS
                0x23f01018       0x38 build/lcdc_rgba8888_mxt_9x60_wqvga/production/_ext/1255084937/drv_maxtouch.o
 .text.mxt_calculate_crc
                0x23f01050       0x9c build/lcdc_rgba8888_mxt_9x60_wqvga/production/_ext/1255084937/drv_maxtouch.o
 .text.MXT_INTERRUPT_PIN_VALUE_GET
                0x23f010ec       0x14 build/lcdc_rgba8888_mxt_9x60_wqvga/production/_ext/1255084937/drv_maxtouch.o
                0x23f010ec                MXT_INTERRUPT_PIN_VALUE_GET
 .text.DRV_MAXTOUCH_Initialize
                0x23f01100       0xe0 build/lcdc_rgba8888_mxt_9x60_wqvga/production/_ext/1255084937/drv_maxtouch.o
                0x23f01100                DRV_MAXTOUCH_Initialize
 .text.DRV_MAXTOUCH_Open
                0x23f011e0       0xd0 build/lcdc_rgba8888_mxt_9x60_wqvga/production/_ext/1255084937/drv_maxtouch.o
                0x23f011e0                DRV_MAXTOUCH_Open
 .text.DRV_MAXTOUCH_Tasks
                0x23f012b0      0xac4 build/lcdc_rgba8888_mxt_9x60_wqvga/production/_ext/1255084937/drv_maxtouch.o
                0x23f012b0                DRV_MAXTOUCH_Tasks
 .text._IntHandler
                0x23f01d74       0x14 build/lcdc_rgba8888_mxt_9x60_wqvga/production/_ext/152843855/drv_gfx2d.o
                0x23f01d74                _IntHandler
 .text.DRV_GFX2D_Initialize
                0x23f01d88       0x20 build/lcdc_rgba8888_mxt_9x60_wqvga/production/_ext/152843855/drv_gfx2d.o
                0x23f01d88                DRV_GFX2D_Initialize
 .text.DRV_GFX2D_Fill
                0x23f01da8       0x7c build/lcdc_rgba8888_mxt_9x60_wqvga/production/_ext/152843855/drv_gfx2d.o
                0x23f01da8                DRV_GFX2D_Fill
 .text.DRV_GFX2D_Blend
                0x23f01e24       0x38 build/lcdc_rgba8888_mxt_9x60_wqvga/production/_ext/152843855/drv_gfx2d.o
                0x23f01e24                DRV_GFX2D_Blend
 .text.DRV_GFX2D_Blit
                0x23f01e5c      0x12c build/lcdc_rgba8888_mxt_9x60_wqvga/production/_ext/152843855/drv_gfx2d.o
                0x23f01e5c                DRV_GFX2D_Blit
 .text.DRV_GFX2D_SetBlend
                0x23f01f88       0x14 build/lcdc_rgba8888_mxt_9x60_wqvga/production/_ext/152843855/drv_gfx2d.o
                0x23f01f88                DRV_GFX2D_SetBlend
 .text.DRV_GFX2D_SetGlobalAlpha
                0x23f01f9c        0x8 build/lcdc_rgba8888_mxt_9x60_wqvga/production/_ext/152843855/drv_gfx2d.o
                0x23f01f9c                DRV_GFX2D_SetGlobalAlpha
 .text.DRV_GFX2D_SetPalette
                0x23f01fa4        0x8 build/lcdc_rgba8888_mxt_9x60_wqvga/production/_ext/152843855/drv_gfx2d.o
                0x23f01fa4                DRV_GFX2D_SetPalette
 .text.DRV_GFX2D_SetTransparency
                0x23f01fac        0x8 build/lcdc_rgba8888_mxt_9x60_wqvga/production/_ext/152843855/drv_gfx2d.o
                0x23f01fac                DRV_GFX2D_SetTransparency
 .text.gfxPixelBufferCreate
                0x23f01fb4       0xd0 build/lcdc_rgba8888_mxt_9x60_wqvga/production/_ext/849184302/gfx_driver.o
                0x23f01fb4                gfxPixelBufferCreate
 .text.gfxPixelBuffer_IsLocked
                0x23f02084       0x14 build/lcdc_rgba8888_mxt_9x60_wqvga/production/_ext/849184302/gfx_driver.o
                0x23f02084                gfxPixelBuffer_IsLocked
 .text.DRV_LCDC_UpdateLayer
                0x23f02098       0xa0 build/lcdc_rgba8888_mxt_9x60_wqvga/production/_ext/1913341812/drv_gfx_lcdc.o
 .text._IntHandlerVSync
                0x23f02138      0x1b4 build/lcdc_rgba8888_mxt_9x60_wqvga/production/_ext/1913341812/drv_gfx_lcdc.o
                0x23f02138                _IntHandlerVSync
 .text.DRV_LCDC_Update
                0x23f022ec      0x158 build/lcdc_rgba8888_mxt_9x60_wqvga/production/_ext/1913341812/drv_gfx_lcdc.o
                0x23f022ec                DRV_LCDC_Update
 .text.DRV_LCDC_Initialize
                0x23f02444      0x3e4 build/lcdc_rgba8888_mxt_9x60_wqvga/production/_ext/1913341812/drv_gfx_lcdc.o
                0x23f02444                DRV_LCDC_Initialize
 .text.DRV_LCDC_BlitBuffer
                0x23f02828      0x190 build/lcdc_rgba8888_mxt_9x60_wqvga/production/_ext/1913341812/drv_gfx_lcdc.o
                0x23f02828                DRV_LCDC_BlitBuffer
 .text.DRV_LCDC_IOCTL
                0x23f029b8      0x484 build/lcdc_rgba8888_mxt_9x60_wqvga/production/_ext/1913341812/drv_gfx_lcdc.o
                0x23f029b8                DRV_LCDC_IOCTL
 .text.leColorSwap
                0x23f02e3c       0xa8 build/lcdc_rgba8888_mxt_9x60_wqvga/production/_ext/527457378/legato_color.o
                0x23f02e3c                leColorSwap
 .text.calculateBlendColor
                0x23f02ee4       0x40 build/lcdc_rgba8888_mxt_9x60_wqvga/production/_ext/527457378/legato_color_blend.o
 .text.leColorBlend_RGBA_8888
                0x23f02f24       0xc0 build/lcdc_rgba8888_mxt_9x60_wqvga/production/_ext/527457378/legato_color_blend.o
                0x23f02f24                leColorBlend_RGBA_8888
 .text.leColorBlend_ARGB_8888
                0x23f02fe4       0xc0 build/lcdc_rgba8888_mxt_9x60_wqvga/production/_ext/527457378/legato_color_blend.o
                0x23f02fe4                leColorBlend_ARGB_8888
 .text.no_conv  0x23f030a4        0x4 build/lcdc_rgba8888_mxt_9x60_wqvga/production/_ext/527457378/legato_color_convert.o
 .text.gs8_rgb332
                0x23f030a8       0x10 build/lcdc_rgba8888_mxt_9x60_wqvga/production/_ext/527457378/legato_color_convert.o
 .text.gs8_rgb565
                0x23f030b8       0x20 build/lcdc_rgba8888_mxt_9x60_wqvga/production/_ext/527457378/legato_color_convert.o
 .text.gs8_rgba5551
                0x23f030d8       0x28 build/lcdc_rgba8888_mxt_9x60_wqvga/production/_ext/527457378/legato_color_convert.o
 .text.gs8_rgb888
                0x23f03100       0x10 build/lcdc_rgba8888_mxt_9x60_wqvga/production/_ext/527457378/legato_color_convert.o
 .text.gs8_rgba8888
                0x23f03110       0x14 build/lcdc_rgba8888_mxt_9x60_wqvga/production/_ext/527457378/legato_color_convert.o
 .text.gs8_argb8888
                0x23f03124       0x10 build/lcdc_rgba8888_mxt_9x60_wqvga/production/_ext/527457378/legato_color_convert.o
 .text.rgb332_rgb565
                0x23f03134       0x2c build/lcdc_rgba8888_mxt_9x60_wqvga/production/_ext/527457378/legato_color_convert.o
 .text.rgb332_rgba5551
                0x23f03160       0x2c build/lcdc_rgba8888_mxt_9x60_wqvga/production/_ext/527457378/legato_color_convert.o
 .text.rgb332_rgb888
                0x23f0318c       0x30 build/lcdc_rgba8888_mxt_9x60_wqvga/production/_ext/527457378/legato_color_convert.o
 .text.rgb332_rgba8888
                0x23f031bc       0x2c build/lcdc_rgba8888_mxt_9x60_wqvga/production/_ext/527457378/legato_color_convert.o
 .text.rgb332_argb8888
                0x23f031e8       0x30 build/lcdc_rgba8888_mxt_9x60_wqvga/production/_ext/527457378/legato_color_convert.o
 .text.rgb565_rgb332
                0x23f03218       0x20 build/lcdc_rgba8888_mxt_9x60_wqvga/production/_ext/527457378/legato_color_convert.o
 .text.rgb565_rgba5551
                0x23f03238       0x20 build/lcdc_rgba8888_mxt_9x60_wqvga/production/_ext/527457378/legato_color_convert.o
 .text.rgb565_rgb888
                0x23f03258       0x24 build/lcdc_rgba8888_mxt_9x60_wqvga/production/_ext/527457378/legato_color_convert.o
 .text.rgb565_rgba8888
                0x23f0327c       0x24 build/lcdc_rgba8888_mxt_9x60_wqvga/production/_ext/527457378/legato_color_convert.o
 .text.rgb565_argb8888
                0x23f032a0       0x28 build/lcdc_rgba8888_mxt_9x60_wqvga/production/_ext/527457378/legato_color_convert.o
 .text.rgba5551_gs8
                0x23f032c8        0x4 build/lcdc_rgba8888_mxt_9x60_wqvga/production/_ext/527457378/legato_color_convert.o
 .text.rgba5551_rgb332
                0x23f032cc       0x20 build/lcdc_rgba8888_mxt_9x60_wqvga/production/_ext/527457378/legato_color_convert.o
 .text.rgba5551_rgb565
                0x23f032ec       0x1c build/lcdc_rgba8888_mxt_9x60_wqvga/production/_ext/527457378/legato_color_convert.o
 .text.rgba5551_rgb888
                0x23f03308       0x30 build/lcdc_rgba8888_mxt_9x60_wqvga/production/_ext/527457378/legato_color_convert.o
 .text.rgba5551_rgba8888
                0x23f03338       0x40 build/lcdc_rgba8888_mxt_9x60_wqvga/production/_ext/527457378/legato_color_convert.o
 .text.rgba5551_argb8888
                0x23f03378       0x40 build/lcdc_rgba8888_mxt_9x60_wqvga/production/_ext/527457378/legato_color_convert.o
 .text.rgb888_gs8
                0x23f033b8        0x4 build/lcdc_rgba8888_mxt_9x60_wqvga/production/_ext/527457378/legato_color_convert.o
 .text.rgb888_rgb332
                0x23f033bc       0x24 build/lcdc_rgba8888_mxt_9x60_wqvga/production/_ext/527457378/legato_color_convert.o
 .text.rgb888_rgb565
                0x23f033e0       0x20 build/lcdc_rgba8888_mxt_9x60_wqvga/production/_ext/527457378/legato_color_convert.o
 .text.rgb888_rgba5551
                0x23f03400       0x28 build/lcdc_rgba8888_mxt_9x60_wqvga/production/_ext/527457378/legato_color_convert.o
 .text.rgb888_rgba8888
                0x23f03428        0xc build/lcdc_rgba8888_mxt_9x60_wqvga/production/_ext/527457378/legato_color_convert.o
 .text.rgb888_argb8888
                0x23f03434        0x8 build/lcdc_rgba8888_mxt_9x60_wqvga/production/_ext/527457378/legato_color_convert.o
 .text.rgba8888_gs8
                0x23f0343c        0x4 build/lcdc_rgba8888_mxt_9x60_wqvga/production/_ext/527457378/legato_color_convert.o
 .text.rgba8888_rgb332
                0x23f03440       0x20 build/lcdc_rgba8888_mxt_9x60_wqvga/production/_ext/527457378/legato_color_convert.o
 .text.rgba8888_rgb565
                0x23f03460       0x20 build/lcdc_rgba8888_mxt_9x60_wqvga/production/_ext/527457378/legato_color_convert.o
 .text.rgba8888_rgba5551
                0x23f03480       0x30 build/lcdc_rgba8888_mxt_9x60_wqvga/production/_ext/527457378/legato_color_convert.o
 .text.rgba8888_rgb888
                0x23f034b0        0x8 build/lcdc_rgba8888_mxt_9x60_wqvga/production/_ext/527457378/legato_color_convert.o
 .text.rgba8888_argb8888
                0x23f034b8        0x8 build/lcdc_rgba8888_mxt_9x60_wqvga/production/_ext/527457378/legato_color_convert.o
 .text.argb8888_rgba5551
                0x23f034c0       0x30 build/lcdc_rgba8888_mxt_9x60_wqvga/production/_ext/527457378/legato_color_convert.o
 .text.argb8888_rgb888
                0x23f034f0        0x8 build/lcdc_rgba8888_mxt_9x60_wqvga/production/_ext/527457378/legato_color_convert.o
 .text.argb8888_rgba8888
                0x23f034f8        0x8 build/lcdc_rgba8888_mxt_9x60_wqvga/production/_ext/527457378/legato_color_convert.o
 .text.rgb565_gs8
                0x23f03500       0x54 build/lcdc_rgba8888_mxt_9x60_wqvga/production/_ext/527457378/legato_color_convert.o
 .text.rgb332_gs8
                0x23f03554       0x54 build/lcdc_rgba8888_mxt_9x60_wqvga/production/_ext/527457378/legato_color_convert.o
 .text.leColorConvert
                0x23f035a8       0x24 build/lcdc_rgba8888_mxt_9x60_wqvga/production/_ext/527457378/legato_color_convert.o
                0x23f035a8                leColorConvert
 .text.lerp_argb8888
                0x23f035cc       0x78 build/lcdc_rgba8888_mxt_9x60_wqvga/production/_ext/527457378/legato_color_lerp.o
 .text.lerp_rgba8888
                0x23f03644       0x78 build/lcdc_rgba8888_mxt_9x60_wqvga/production/_ext/527457378/legato_color_lerp.o
 .text.lerp_rgb888
                0x23f036bc       0x60 build/lcdc_rgba8888_mxt_9x60_wqvga/production/_ext/527457378/legato_color_lerp.o
 .text.lerp_rgba5551
                0x23f0371c       0x74 build/lcdc_rgba8888_mxt_9x60_wqvga/production/_ext/527457378/legato_color_lerp.o
 .text.lerp_rgb565
                0x23f03790       0x60 build/lcdc_rgba8888_mxt_9x60_wqvga/production/_ext/527457378/legato_color_lerp.o
 .text.lerp_rgb332
                0x23f037f0       0x60 build/lcdc_rgba8888_mxt_9x60_wqvga/production/_ext/527457378/legato_color_lerp.o
 .text.lerp_gs8
                0x23f03850        0xc build/lcdc_rgba8888_mxt_9x60_wqvga/production/_ext/527457378/legato_color_lerp.o
 .text.leColorLerp
                0x23f0385c       0x40 build/lcdc_rgba8888_mxt_9x60_wqvga/production/_ext/527457378/legato_color_lerp.o
                0x23f0385c                leColorLerp
 .text.leColorBilerp
                0x23f0389c       0x5c build/lcdc_rgba8888_mxt_9x60_wqvga/production/_ext/527457378/legato_color_lerp.o
                0x23f0389c                leColorBilerp
 .text.leQueryArcQuadrants
                0x23f038f8      0x124 build/lcdc_rgba8888_mxt_9x60_wqvga/production/_ext/527457378/legato_math.o
 .text.leNormalizeAngle
                0x23f03a1c       0x30 build/lcdc_rgba8888_mxt_9x60_wqvga/production/_ext/527457378/legato_math.o
                0x23f03a1c                leNormalizeAngle
 .text.leSin    0x23f03a4c       0x7c build/lcdc_rgba8888_mxt_9x60_wqvga/production/_ext/527457378/legato_math.o
                0x23f03a4c                leSin
 .text.leCos    0x23f03ac8       0x78 build/lcdc_rgba8888_mxt_9x60_wqvga/production/_ext/527457378/legato_math.o
                0x23f03ac8                leCos
 .text.lePolarToXY
                0x23f03b40       0x58 build/lcdc_rgba8888_mxt_9x60_wqvga/production/_ext/527457378/legato_math.o
                0x23f03b40                lePolarToXY
 .text.leMini   0x23f03b98        0xc build/lcdc_rgba8888_mxt_9x60_wqvga/production/_ext/527457378/legato_math.o
                0x23f03b98                leMini
 .text.leMaxi   0x23f03ba4        0xc build/lcdc_rgba8888_mxt_9x60_wqvga/production/_ext/527457378/legato_math.o
                0x23f03ba4                leMaxi
 .text.leClampi
                0x23f03bb0       0x18 build/lcdc_rgba8888_mxt_9x60_wqvga/production/_ext/527457378/legato_math.o
                0x23f03bb0                leClampi
 .text.lePercent
                0x23f03bc8       0x18 build/lcdc_rgba8888_mxt_9x60_wqvga/production/_ext/527457378/legato_math.o
                0x23f03bc8                lePercent
 .text.lePercentWholeRounded
                0x23f03be0       0x34 build/lcdc_rgba8888_mxt_9x60_wqvga/production/_ext/527457378/legato_math.o
                0x23f03be0                lePercentWholeRounded
 .text.lePercentOf
                0x23f03c14       0x50 build/lcdc_rgba8888_mxt_9x60_wqvga/production/_ext/527457378/legato_math.o
                0x23f03c14                lePercentOf
 .text.leScaleInteger
                0x23f03c64       0x44 build/lcdc_rgba8888_mxt_9x60_wqvga/production/_ext/527457378/legato_math.o
                0x23f03c64                leScaleInteger
 .text.leLerp   0x23f03ca8       0x58 build/lcdc_rgba8888_mxt_9x60_wqvga/production/_ext/527457378/legato_math.o
                0x23f03ca8                leLerp
 .text.lePointOnLineSide
                0x23f03d00       0x5c build/lcdc_rgba8888_mxt_9x60_wqvga/production/_ext/527457378/legato_math.o
                0x23f03d00                lePointOnLineSide
 .text.leRotatePoint
                0x23f03d5c       0xb4 build/lcdc_rgba8888_mxt_9x60_wqvga/production/_ext/527457378/legato_math.o
                0x23f03d5c                leRotatePoint
 .text.leRotatedRectBounds
                0x23f03e10      0x14c build/lcdc_rgba8888_mxt_9x60_wqvga/production/_ext/527457378/legato_math.o
                0x23f03e10                leRotatedRectBounds
 .text.leSqrt   0x23f03f5c       0x58 build/lcdc_rgba8888_mxt_9x60_wqvga/production/_ext/527457378/legato_math.o
                0x23f03f5c                leSqrt
 .text.lePointOnCircle
                0x23f03fb4       0x30 build/lcdc_rgba8888_mxt_9x60_wqvga/production/_ext/527457378/legato_math.o
                0x23f03fb4                lePointOnCircle
 .text.leResolveAngles
                0x23f03fe4      0x2b0 build/lcdc_rgba8888_mxt_9x60_wqvga/production/_ext/527457378/legato_math.o
                0x23f03fe4                leResolveAngles
 .text.leRound  0x23f04294       0xa0 build/lcdc_rgba8888_mxt_9x60_wqvga/production/_ext/527457378/legato_math.o
                0x23f04294                leRound
 .text.indexGet1bpp
                0x23f04334       0x20 build/lcdc_rgba8888_mxt_9x60_wqvga/production/_ext/527457378/legato_pixelbuffer.o
 .text.indexGet4bpp
                0x23f04354       0x18 build/lcdc_rgba8888_mxt_9x60_wqvga/production/_ext/527457378/legato_pixelbuffer.o
 .text.indexGet
                0x23f0436c       0x60 build/lcdc_rgba8888_mxt_9x60_wqvga/production/_ext/527457378/legato_pixelbuffer.o
 .text.get1byte
                0x23f043cc        0x8 build/lcdc_rgba8888_mxt_9x60_wqvga/production/_ext/527457378/legato_pixelbuffer.o
 .text.get2byte
                0x23f043d4        0x8 build/lcdc_rgba8888_mxt_9x60_wqvga/production/_ext/527457378/legato_pixelbuffer.o
 .text.get3byte
                0x23f043dc       0x1c build/lcdc_rgba8888_mxt_9x60_wqvga/production/_ext/527457378/legato_pixelbuffer.o
 .text.get4byte
                0x23f043f8        0x8 build/lcdc_rgba8888_mxt_9x60_wqvga/production/_ext/527457378/legato_pixelbuffer.o
 .text.set1byte
                0x23f04400        0xc build/lcdc_rgba8888_mxt_9x60_wqvga/production/_ext/527457378/legato_pixelbuffer.o
 .text.set2byte
                0x23f0440c        0xc build/lcdc_rgba8888_mxt_9x60_wqvga/production/_ext/527457378/legato_pixelbuffer.o
 .text.set3byte
                0x23f04418       0x1c build/lcdc_rgba8888_mxt_9x60_wqvga/production/_ext/527457378/legato_pixelbuffer.o
 .text.set4byte
                0x23f04434        0xc build/lcdc_rgba8888_mxt_9x60_wqvga/production/_ext/527457378/legato_pixelbuffer.o
 .text.lePixelBufferCreate
                0x23f04440       0xc8 build/lcdc_rgba8888_mxt_9x60_wqvga/production/_ext/527457378/legato_pixelbuffer.o
                0x23f04440                lePixelBufferCreate
 .text.lePixelBufferOffsetGet
                0x23f04508       0x50 build/lcdc_rgba8888_mxt_9x60_wqvga/production/_ext/527457378/legato_pixelbuffer.o
                0x23f04508                lePixelBufferOffsetGet
 .text.lePixelBufferOffsetGet_Unsafe
                0x23f04558       0x24 build/lcdc_rgba8888_mxt_9x60_wqvga/production/_ext/527457378/legato_pixelbuffer.o
                0x23f04558                lePixelBufferOffsetGet_Unsafe
 .text.lePixelBufferGet_Unsafe
                0x23f0457c       0x34 build/lcdc_rgba8888_mxt_9x60_wqvga/production/_ext/527457378/legato_pixelbuffer.o
                0x23f0457c                lePixelBufferGet_Unsafe
 .text.lePixelBufferGet
                0x23f045b0       0x34 build/lcdc_rgba8888_mxt_9x60_wqvga/production/_ext/527457378/legato_pixelbuffer.o
                0x23f045b0                lePixelBufferGet
 .text.lePixelBufferGetIndex_Unsafe
                0x23f045e4       0x2c build/lcdc_rgba8888_mxt_9x60_wqvga/production/_ext/527457378/legato_pixelbuffer.o
                0x23f045e4                lePixelBufferGetIndex_Unsafe
 .text.lePixelBufferSet_Unsafe
                0x23f04610       0x48 build/lcdc_rgba8888_mxt_9x60_wqvga/production/_ext/527457378/legato_pixelbuffer.o
                0x23f04610                lePixelBufferSet_Unsafe
 .text.lePixelBufferSet
                0x23f04658       0x28 build/lcdc_rgba8888_mxt_9x60_wqvga/production/_ext/527457378/legato_pixelbuffer.o
                0x23f04658                lePixelBufferSet
 .text.lePixelBufferAreaFill_Unsafe
                0x23f04680       0xb0 build/lcdc_rgba8888_mxt_9x60_wqvga/production/_ext/527457378/legato_pixelbuffer.o
                0x23f04680                lePixelBufferAreaFill_Unsafe
 .text.lePixelBufferCopy
                0x23f04730       0xd8 build/lcdc_rgba8888_mxt_9x60_wqvga/production/_ext/527457378/legato_pixelbuffer.o
                0x23f04730                lePixelBufferCopy
 .text.leRectContainsPoint
                0x23f04808       0x60 build/lcdc_rgba8888_mxt_9x60_wqvga/production/_ext/527457378/legato_rect.o
                0x23f04808                leRectContainsPoint
 .text.leRectContainsRect
                0x23f04868       0x80 build/lcdc_rgba8888_mxt_9x60_wqvga/production/_ext/527457378/legato_rect.o
                0x23f04868                leRectContainsRect
 .text.leRectIntersects
                0x23f048e8       0x80 build/lcdc_rgba8888_mxt_9x60_wqvga/production/_ext/527457378/legato_rect.o
                0x23f048e8                leRectIntersects
 .text.leRectCombine
                0x23f04968       0x88 build/lcdc_rgba8888_mxt_9x60_wqvga/production/_ext/527457378/legato_rect.o
                0x23f04968                leRectCombine
 .text.leRectClipAdj
                0x23f049f0      0x180 build/lcdc_rgba8888_mxt_9x60_wqvga/production/_ext/527457378/legato_rect.o
                0x23f049f0                leRectClipAdj
 .text.leRectClip
                0x23f04b70       0xa8 build/lcdc_rgba8888_mxt_9x60_wqvga/production/_ext/527457378/legato_rect.o
                0x23f04b70                leRectClip
 .text.leRectCompare
                0x23f04c18       0x60 build/lcdc_rgba8888_mxt_9x60_wqvga/production/_ext/527457378/legato_rect.o
                0x23f04c18                leRectCompare
 .text.leRectsAreSimilar
                0x23f04c78       0xcc build/lcdc_rgba8888_mxt_9x60_wqvga/production/_ext/527457378/legato_rect.o
                0x23f04c78                leRectsAreSimilar
 .text.leUtils_PickFromWidget
                0x23f04d44       0xd8 build/lcdc_rgba8888_mxt_9x60_wqvga/production/_ext/527457378/legato_utils.o
                0x23f04d44                leUtils_PickFromWidget
 .text.leUtils_ClipRectToParent
                0x23f04e1c       0x84 build/lcdc_rgba8888_mxt_9x60_wqvga/production/_ext/527457378/legato_utils.o
                0x23f04e1c                leUtils_ClipRectToParent
 .text.leUtils_RectToScreenSpace
                0x23f04ea0       0x4c build/lcdc_rgba8888_mxt_9x60_wqvga/production/_ext/527457378/legato_utils.o
                0x23f04ea0                leUtils_RectToScreenSpace
 .text.leUtils_ArrangeRectangle
                0x23f04eec      0x258 build/lcdc_rgba8888_mxt_9x60_wqvga/production/_ext/527457378/legato_utils.o
                0x23f04eec                leUtils_ArrangeRectangle
 .text.leUtils_ArrangeRectangleRelative
                0x23f05144      0x29c build/lcdc_rgba8888_mxt_9x60_wqvga/production/_ext/527457378/legato_utils.o
                0x23f05144                leUtils_ArrangeRectangleRelative
 .text._leGetEventState
                0x23f053e0        0xc build/lcdc_rgba8888_mxt_9x60_wqvga/production/_ext/920120362/legato_event.o
                0x23f053e0                _leGetEventState
 .text.leEvent_Init
                0x23f053ec       0x20 build/lcdc_rgba8888_mxt_9x60_wqvga/production/_ext/920120362/legato_event.o
                0x23f053ec                leEvent_Init
 .text.leEvent_GetCount
                0x23f0540c       0x10 build/lcdc_rgba8888_mxt_9x60_wqvga/production/_ext/920120362/legato_event.o
                0x23f0540c                leEvent_GetCount
 .text.leEvent_AddEvent
                0x23f0541c       0x28 build/lcdc_rgba8888_mxt_9x60_wqvga/production/_ext/920120362/legato_event.o
                0x23f0541c                leEvent_AddEvent
 .text.leEvent_ProcessEvents
                0x23f05444       0xb0 build/lcdc_rgba8888_mxt_9x60_wqvga/production/_ext/920120362/legato_event.o
                0x23f05444                leEvent_ProcessEvents
 .text.leWidgetEvent_Accept
                0x23f054f4       0x14 build/lcdc_rgba8888_mxt_9x60_wqvga/production/_ext/920120362/legato_event.o
                0x23f054f4                leWidgetEvent_Accept
 .text.leInput_Init
                0x23f05508       0x2c build/lcdc_rgba8888_mxt_9x60_wqvga/production/_ext/920120362/legato_input.o
                0x23f05508                leInput_Init
 .text.leInput_InjectTouchDown
                0x23f05534       0xd8 build/lcdc_rgba8888_mxt_9x60_wqvga/production/_ext/920120362/legato_input.o
                0x23f05534                leInput_InjectTouchDown
 .text.leInput_InjectTouchUp
                0x23f0560c       0xb4 build/lcdc_rgba8888_mxt_9x60_wqvga/production/_ext/920120362/legato_input.o
                0x23f0560c                leInput_InjectTouchUp
 .text.leInput_InjectTouchMoved
                0x23f056c0      0x12c build/lcdc_rgba8888_mxt_9x60_wqvga/production/_ext/920120362/legato_input.o
                0x23f056c0                leInput_InjectTouchMoved
 .text.handleTouchDown
                0x23f057ec       0xe8 build/lcdc_rgba8888_mxt_9x60_wqvga/production/_ext/920120362/legato_input.o
                0x23f057ec                handleTouchDown
 .text.handleTouchUp
                0x23f058d4       0x70 build/lcdc_rgba8888_mxt_9x60_wqvga/production/_ext/920120362/legato_input.o
                0x23f058d4                handleTouchUp
 .text.handleTouchMoved
                0x23f05944       0x70 build/lcdc_rgba8888_mxt_9x60_wqvga/production/_ext/920120362/legato_input.o
                0x23f05944                handleTouchMoved
 .text._leInput_HandleInputEvent
                0x23f059b4       0x40 build/lcdc_rgba8888_mxt_9x60_wqvga/production/_ext/920120362/legato_input.o
                0x23f059b4                _leInput_HandleInputEvent
 .text.leScheme_GetRenderColor
                0x23f059f4       0x38 build/lcdc_rgba8888_mxt_9x60_wqvga/production/_ext/920120362/legato_scheme.o
                0x23f059f4                leScheme_GetRenderColor
 .text.updateWidget
                0x23f05a2c       0x4c build/lcdc_rgba8888_mxt_9x60_wqvga/production/_ext/920120362/legato_state.o
 .text.leGetState
                0x23f05a78        0xc build/lcdc_rgba8888_mxt_9x60_wqvga/production/_ext/920120362/legato_state.o
                0x23f05a78                leGetState
 .text.leInitialize
                0x23f05a84      0x108 build/lcdc_rgba8888_mxt_9x60_wqvga/production/_ext/920120362/legato_state.o
                0x23f05a84                leInitialize
 .text.leGetLayerColorMode
                0x23f05b8c       0x18 build/lcdc_rgba8888_mxt_9x60_wqvga/production/_ext/920120362/legato_state.o
                0x23f05b8c                leGetLayerColorMode
 .text.leSetLayerColorMode
                0x23f05ba4       0x18 build/lcdc_rgba8888_mxt_9x60_wqvga/production/_ext/920120362/legato_state.o
                0x23f05ba4                leSetLayerColorMode
 .text.leGetLayerRenderHorizontal
                0x23f05bbc       0x18 build/lcdc_rgba8888_mxt_9x60_wqvga/production/_ext/920120362/legato_state.o
                0x23f05bbc                leGetLayerRenderHorizontal
 .text.leGetFocusWidget
                0x23f05bd4       0x10 build/lcdc_rgba8888_mxt_9x60_wqvga/production/_ext/920120362/legato_state.o
                0x23f05bd4                leGetFocusWidget
 .text.leSetFocusWidget
                0x23f05be4       0x84 build/lcdc_rgba8888_mxt_9x60_wqvga/production/_ext/920120362/legato_state.o
                0x23f05be4                leSetFocusWidget
 .text.leGetEditWidget
                0x23f05c68       0x10 build/lcdc_rgba8888_mxt_9x60_wqvga/production/_ext/920120362/legato_state.o
                0x23f05c68                leGetEditWidget
 .text.leSetEditWidget
                0x23f05c78       0x84 build/lcdc_rgba8888_mxt_9x60_wqvga/production/_ext/920120362/legato_state.o
                0x23f05c78                leSetEditWidget
 .text.leRedrawAll
                0x23f05cfc       0x20 build/lcdc_rgba8888_mxt_9x60_wqvga/production/_ext/920120362/legato_state.o
                0x23f05cfc                leRedrawAll
 .text.leSetStringTable
                0x23f05d1c       0x18 build/lcdc_rgba8888_mxt_9x60_wqvga/production/_ext/920120362/legato_state.o
                0x23f05d1c                leSetStringTable
 .text.leIsDrawing
                0x23f05d34       0x1c build/lcdc_rgba8888_mxt_9x60_wqvga/production/_ext/920120362/legato_state.o
                0x23f05d34                leIsDrawing
 .text.leUpdate
                0x23f05d50       0xb4 build/lcdc_rgba8888_mxt_9x60_wqvga/production/_ext/920120362/legato_state.o
                0x23f05d50                leUpdate
 .text.leAddRootWidget
                0x23f05e04       0x68 build/lcdc_rgba8888_mxt_9x60_wqvga/production/_ext/920120362/legato_state.o
                0x23f05e04                leAddRootWidget
 .text.leRemoveRootWidget
                0x23f05e6c       0x7c build/lcdc_rgba8888_mxt_9x60_wqvga/production/_ext/920120362/legato_state.o
                0x23f05e6c                leRemoveRootWidget
 .text.leGetWidgetLayer
                0x23f05ee8       0x44 build/lcdc_rgba8888_mxt_9x60_wqvga/production/_ext/920120362/legato_state.o
                0x23f05ee8                leGetWidgetLayer
 .text.leWidgetIsInScene
                0x23f05f2c       0x14 build/lcdc_rgba8888_mxt_9x60_wqvga/production/_ext/920120362/legato_state.o
                0x23f05f2c                leWidgetIsInScene
 .text._shuffleRight
                0x23f05f40       0x68 build/lcdc_rgba8888_mxt_9x60_wqvga/production/_ext/1867602254/legato_array.o
 .text._shuffleLeft
                0x23f05fa8       0x64 build/lcdc_rgba8888_mxt_9x60_wqvga/production/_ext/1867602254/legato_array.o
 .text.leArray_Create
                0x23f0600c       0x1c build/lcdc_rgba8888_mxt_9x60_wqvga/production/_ext/1867602254/legato_array.o
                0x23f0600c                leArray_Create
 .text.leArray_Resize
                0x23f06028       0x70 build/lcdc_rgba8888_mxt_9x60_wqvga/production/_ext/1867602254/legato_array.o
                0x23f06028                leArray_Resize
 .text.leArray_PushBack
                0x23f06098       0x60 build/lcdc_rgba8888_mxt_9x60_wqvga/production/_ext/1867602254/legato_array.o
                0x23f06098                leArray_PushBack
 .text.leArray_InsertAt
                0x23f060f8       0x9c build/lcdc_rgba8888_mxt_9x60_wqvga/production/_ext/1867602254/legato_array.o
                0x23f060f8                leArray_InsertAt
 .text.leArray_RemoveAt
                0x23f06194       0x38 build/lcdc_rgba8888_mxt_9x60_wqvga/production/_ext/1867602254/legato_array.o
                0x23f06194                leArray_RemoveAt
 .text.leArray_Get
                0x23f061cc       0x18 build/lcdc_rgba8888_mxt_9x60_wqvga/production/_ext/1867602254/legato_array.o
                0x23f061cc                leArray_Get
 .text.leArray_Find
                0x23f061e4       0x74 build/lcdc_rgba8888_mxt_9x60_wqvga/production/_ext/1867602254/legato_array.o
                0x23f061e4                leArray_Find
 .text.leArray_Remove
                0x23f06258       0x58 build/lcdc_rgba8888_mxt_9x60_wqvga/production/_ext/1867602254/legato_array.o
                0x23f06258                leArray_Remove
 .text.leArray_Clear
                0x23f062b0       0x38 build/lcdc_rgba8888_mxt_9x60_wqvga/production/_ext/1867602254/legato_array.o
                0x23f062b0                leArray_Clear
 .text.leList_Create
                0x23f062e8       0x1c build/lcdc_rgba8888_mxt_9x60_wqvga/production/_ext/1867602254/legato_list.o
                0x23f062e8                leList_Create
 .text.leList_PushBack
                0x23f06304       0x68 build/lcdc_rgba8888_mxt_9x60_wqvga/production/_ext/1867602254/legato_list.o
                0x23f06304                leList_PushBack
 .text.leList_Remove
                0x23f0636c       0xbc build/lcdc_rgba8888_mxt_9x60_wqvga/production/_ext/1867602254/legato_list.o
                0x23f0636c                leList_Remove
 .text.leList_Destroy
                0x23f06428       0x4c build/lcdc_rgba8888_mxt_9x60_wqvga/production/_ext/1867602254/legato_list.o
                0x23f06428                leList_Destroy
 .text._shuffleLeft
                0x23f06474       0xa8 build/lcdc_rgba8888_mxt_9x60_wqvga/production/_ext/1867602254/legato_rectarray.o
 .text.leRectArray_Create
                0x23f0651c       0x1c build/lcdc_rgba8888_mxt_9x60_wqvga/production/_ext/1867602254/legato_rectarray.o
                0x23f0651c                leRectArray_Create
 .text.leRectArray_Resize
                0x23f06538       0x7c build/lcdc_rgba8888_mxt_9x60_wqvga/production/_ext/1867602254/legato_rectarray.o
                0x23f06538                leRectArray_Resize
 .text.leRectArray_PushBack
                0x23f065b4       0x70 build/lcdc_rgba8888_mxt_9x60_wqvga/production/_ext/1867602254/legato_rectarray.o
                0x23f065b4                leRectArray_PushBack
 .text.leRectArray_RemoveAt
                0x23f06624       0x38 build/lcdc_rgba8888_mxt_9x60_wqvga/production/_ext/1867602254/legato_rectarray.o
                0x23f06624                leRectArray_RemoveAt
 .text.leRectArray_Copy
                0x23f0665c       0x78 build/lcdc_rgba8888_mxt_9x60_wqvga/production/_ext/1867602254/legato_rectarray.o
                0x23f0665c                leRectArray_Copy
 .text.leRectArray_Clear
                0x23f066d4       0x14 build/lcdc_rgba8888_mxt_9x60_wqvga/production/_ext/1867602254/legato_rectarray.o
                0x23f066d4                leRectArray_Clear
 .text.leRectArray_Destroy
                0x23f066e8       0x3c build/lcdc_rgba8888_mxt_9x60_wqvga/production/_ext/1867602254/legato_rectarray.o
                0x23f066e8                leRectArray_Destroy
 .text.leRectArray_RemoveDuplicates
                0x23f06724       0x90 build/lcdc_rgba8888_mxt_9x60_wqvga/production/_ext/1867602254/legato_rectarray.o
                0x23f06724                leRectArray_RemoveDuplicates
 .text.leRectArray_SortBySize
                0x23f067b4       0xe4 build/lcdc_rgba8888_mxt_9x60_wqvga/production/_ext/1867602254/legato_rectarray.o
                0x23f067b4                leRectArray_SortBySize
 .text.leRectArray_SortByX
                0x23f06898       0xfc build/lcdc_rgba8888_mxt_9x60_wqvga/production/_ext/1867602254/legato_rectarray.o
                0x23f06898                leRectArray_SortByX
 .text.leRectArray_SortByY
                0x23f06994       0xf8 build/lcdc_rgba8888_mxt_9x60_wqvga/production/_ext/1867602254/legato_rectarray.o
                0x23f06994                leRectArray_SortByY
 .text.leRectArray_MergeSimilar
                0x23f06a8c       0x98 build/lcdc_rgba8888_mxt_9x60_wqvga/production/_ext/1867602254/legato_rectarray.o
                0x23f06a8c                leRectArray_MergeSimilar
 .text.leRectArray_RemoveOverlapping
                0x23f06b24       0x84 build/lcdc_rgba8888_mxt_9x60_wqvga/production/_ext/1867602254/legato_rectarray.o
                0x23f06b24                leRectArray_RemoveOverlapping
 .text.leRectArray_CropToSizeY
                0x23f06ba8      0x130 build/lcdc_rgba8888_mxt_9x60_wqvga/production/_ext/1867602254/legato_rectarray.o
                0x23f06ba8                leRectArray_CropToSizeY
 .text.leRectArray_CropToSizeX
                0x23f06cd8      0x130 build/lcdc_rgba8888_mxt_9x60_wqvga/production/_ext/1867602254/legato_rectarray.o
                0x23f06cd8                leRectArray_CropToSizeX
 .text.drawGlyphRow1bpp
                0x23f06e08       0xe0 build/lcdc_rgba8888_mxt_9x60_wqvga/production/_ext/920031098/legato_font.o
                0x23f06e08                drawGlyphRow1bpp
 .text.drawGlyphRow8bpp
                0x23f06ee8       0xf4 build/lcdc_rgba8888_mxt_9x60_wqvga/production/_ext/920031098/legato_font.o
                0x23f06ee8                drawGlyphRow8bpp
 .text.leFont_GetGlyphInfo
                0x23f06fdc       0xe0 build/lcdc_rgba8888_mxt_9x60_wqvga/production/_ext/920031098/legato_font.o
                0x23f06fdc                leFont_GetGlyphInfo
 .text.leFont_DrawUnknownGlyph
                0x23f070bc       0xd8 build/lcdc_rgba8888_mxt_9x60_wqvga/production/_ext/920031098/legato_font.o
                0x23f070bc                leFont_DrawUnknownGlyph
 .text.leFont_DrawGlyphData
                0x23f07194      0x110 build/lcdc_rgba8888_mxt_9x60_wqvga/production/_ext/920031098/legato_font.o
                0x23f07194                leFont_DrawGlyphData
 .text.leFont_DrawGlyph
                0x23f072a4       0xa0 build/lcdc_rgba8888_mxt_9x60_wqvga/production/_ext/920031098/legato_font.o
                0x23f072a4                leFont_DrawGlyph
 .text.screenInit_Screen0
                0x23f07344       0x28 build/lcdc_rgba8888_mxt_9x60_wqvga/production/_ext/9683619/le_gen_screen_Screen0.o
                0x23f07344                screenInit_Screen0
 .text.screenShow_Screen0
                0x23f0736c      0x398 build/lcdc_rgba8888_mxt_9x60_wqvga/production/_ext/9683619/le_gen_screen_Screen0.o
                0x23f0736c                screenShow_Screen0
 .text.screenUpdate_Screen0
                0x23f07704        0xc build/lcdc_rgba8888_mxt_9x60_wqvga/production/_ext/9683619/le_gen_screen_Screen0.o
                0x23f07704                screenUpdate_Screen0
 .text.screenHide_Screen0
                0x23f07710       0x78 build/lcdc_rgba8888_mxt_9x60_wqvga/production/_ext/9683619/le_gen_screen_Screen0.o
                0x23f07710                screenHide_Screen0
 .text.screenInit_Screen1
                0x23f07788       0x28 build/lcdc_rgba8888_mxt_9x60_wqvga/production/_ext/9683619/le_gen_screen_Screen1.o
                0x23f07788                screenInit_Screen1
 .text.screenShow_Screen1
                0x23f077b0      0x7dc build/lcdc_rgba8888_mxt_9x60_wqvga/production/_ext/9683619/le_gen_screen_Screen1.o
                0x23f077b0                screenShow_Screen1
 .text.screenUpdate_Screen1
                0x23f07f8c        0xc build/lcdc_rgba8888_mxt_9x60_wqvga/production/_ext/9683619/le_gen_screen_Screen1.o
                0x23f07f8c                screenUpdate_Screen1
 .text.screenHide_Screen1
                0x23f07f98       0xd8 build/lcdc_rgba8888_mxt_9x60_wqvga/production/_ext/9683619/le_gen_screen_Screen1.o
                0x23f07f98                screenHide_Screen1
 .text.screenInit_Screen2
                0x23f08070       0x28 build/lcdc_rgba8888_mxt_9x60_wqvga/production/_ext/9683619/le_gen_screen_Screen2.o
                0x23f08070                screenInit_Screen2
 .text.screenShow_Screen2
                0x23f08098      0xee0 build/lcdc_rgba8888_mxt_9x60_wqvga/production/_ext/9683619/le_gen_screen_Screen2.o
                0x23f08098                screenShow_Screen2
 .text.screenUpdate_Screen2
                0x23f08f78        0xc build/lcdc_rgba8888_mxt_9x60_wqvga/production/_ext/9683619/le_gen_screen_Screen2.o
                0x23f08f78                screenUpdate_Screen2
 .text.screenHide_Screen2
                0x23f08f84      0x174 build/lcdc_rgba8888_mxt_9x60_wqvga/production/_ext/9683619/le_gen_screen_Screen2.o
                0x23f08f84                screenHide_Screen2
 .text.screenInit_Screen3
                0x23f090f8       0x28 build/lcdc_rgba8888_mxt_9x60_wqvga/production/_ext/9683619/le_gen_screen_Screen3.o
                0x23f090f8                screenInit_Screen3
 .text.screenShow_Screen3
                0x23f09120      0x9f4 build/lcdc_rgba8888_mxt_9x60_wqvga/production/_ext/9683619/le_gen_screen_Screen3.o
                0x23f09120                screenShow_Screen3
 .text.screenUpdate_Screen3
                0x23f09b14        0xc build/lcdc_rgba8888_mxt_9x60_wqvga/production/_ext/9683619/le_gen_screen_Screen3.o
                0x23f09b14                screenUpdate_Screen3
 .text.screenHide_Screen3
                0x23f09b20      0x108 build/lcdc_rgba8888_mxt_9x60_wqvga/production/_ext/9683619/le_gen_screen_Screen3.o
                0x23f09b20                screenHide_Screen3
 .text.touchMoveHandler
                0x23f09c28       0x18 build/lcdc_rgba8888_mxt_9x60_wqvga/production/_ext/29737032/le_gen_harmony.o
 .text.touchUpHandler
                0x23f09c40       0x18 build/lcdc_rgba8888_mxt_9x60_wqvga/production/_ext/29737032/le_gen_harmony.o
 .text.touchDownHandler
                0x23f09c58       0x18 build/lcdc_rgba8888_mxt_9x60_wqvga/production/_ext/29737032/le_gen_harmony.o
 .text.Legato_Initialize
                0x23f09c70       0x90 build/lcdc_rgba8888_mxt_9x60_wqvga/production/_ext/29737032/le_gen_harmony.o
                0x23f09c70                Legato_Initialize
 .text.Legato_Tasks
                0x23f09d00       0x50 build/lcdc_rgba8888_mxt_9x60_wqvga/production/_ext/29737032/le_gen_harmony.o
                0x23f09d00                Legato_Tasks
 .text.legato_hideCurrentScreen
                0x23f09d50       0x7c build/lcdc_rgba8888_mxt_9x60_wqvga/production/_ext/29737032/le_gen_init.o
                0x23f09d50                legato_hideCurrentScreen
 .text.legato_showScreen
                0x23f09dcc       0x7c build/lcdc_rgba8888_mxt_9x60_wqvga/production/_ext/29737032/le_gen_init.o
                0x23f09dcc                legato_showScreen
 .text.legato_initialize
                0x23f09e48       0x40 build/lcdc_rgba8888_mxt_9x60_wqvga/production/_ext/29737032/le_gen_init.o
                0x23f09e48                legato_initialize
 .text.legato_updateCurrentScreen
                0x23f09e88       0x4c build/lcdc_rgba8888_mxt_9x60_wqvga/production/_ext/29737032/le_gen_init.o
                0x23f09e88                legato_updateCurrentScreen
 .text.initializeStrings
                0x23f09ed4      0x1e8 build/lcdc_rgba8888_mxt_9x60_wqvga/production/_ext/29737032/le_gen_stringtable.o
                0x23f09ed4                initializeStrings
 .text._supportsImage
                0x23f0a0bc       0x28 build/lcdc_rgba8888_mxt_9x60_wqvga/production/_ext/1580025747/legato_imagedecoder_jpeg.o
 .text.internalMemoryRead
                0x23f0a0e4       0x44 build/lcdc_rgba8888_mxt_9x60_wqvga/production/_ext/1580025747/legato_imagedecoder_jpeg.o
 .text.exec     0x23f0a128        0x8 build/lcdc_rgba8888_mxt_9x60_wqvga/production/_ext/1580025747/legato_imagedecoder_jpeg.o
 .text._render  0x23f0a130      0x1fc build/lcdc_rgba8888_mxt_9x60_wqvga/production/_ext/1580025747/legato_imagedecoder_jpeg.o
 .text._draw    0x23f0a32c      0x20c build/lcdc_rgba8888_mxt_9x60_wqvga/production/_ext/1580025747/legato_imagedecoder_jpeg.o
 .text.blitToImage
                0x23f0a538       0xb4 build/lcdc_rgba8888_mxt_9x60_wqvga/production/_ext/1580025747/legato_imagedecoder_jpeg.o
 .text.blitToFrameBuffer
                0x23f0a5ec       0xa4 build/lcdc_rgba8888_mxt_9x60_wqvga/production/_ext/1580025747/legato_imagedecoder_jpeg.o
 .text._leJPEGImageDecoder_Init
                0x23f0a690       0x5c build/lcdc_rgba8888_mxt_9x60_wqvga/production/_ext/1580025747/legato_imagedecoder_jpeg.o
                0x23f0a690                _leJPEGImageDecoder_Init
 .text.JPEG_wReadWord
                0x23f0a6ec       0x50 build/lcdc_rgba8888_mxt_9x60_wqvga/production/_ext/1580025747/legato_imagedecoder_jpeg_common.o
 .text.JPEG_bReadByte
                0x23f0a73c       0x2c build/lcdc_rgba8888_mxt_9x60_wqvga/production/_ext/1580025747/legato_imagedecoder_jpeg_common.o
 .text.JPEG_bGet1Bit
                0x23f0a768      0x154 build/lcdc_rgba8888_mxt_9x60_wqvga/production/_ext/1580025747/legato_imagedecoder_jpeg_common.o
 .text.JPEG_wGetBits
                0x23f0a8bc       0x4c build/lcdc_rgba8888_mxt_9x60_wqvga/production/_ext/1580025747/legato_imagedecoder_jpeg_common.o
 .text.JPEG_sGetBitsValue
                0x23f0a908       0x58 build/lcdc_rgba8888_mxt_9x60_wqvga/production/_ext/1580025747/legato_imagedecoder_jpeg_common.o
 .text.JPEG_bGetNextHuffByte
                0x23f0a960       0x98 build/lcdc_rgba8888_mxt_9x60_wqvga/production/_ext/1580025747/legato_imagedecoder_jpeg_common.o
 .text.JPEG_vResetDecoder
                0x23f0a9f8       0x20 build/lcdc_rgba8888_mxt_9x60_wqvga/production/_ext/1580025747/legato_imagedecoder_jpeg_common.o
                0x23f0a9f8                JPEG_vResetDecoder
 .text.JPEG_bReadHeader
                0x23f0aa18      0x7c8 build/lcdc_rgba8888_mxt_9x60_wqvga/production/_ext/1580025747/legato_imagedecoder_jpeg_common.o
                0x23f0aa18                JPEG_bReadHeader
 .text.JPEG_bGenerateHuffmanTables
                0x23f0b1e0       0x88 build/lcdc_rgba8888_mxt_9x60_wqvga/production/_ext/1580025747/legato_imagedecoder_jpeg_common.o
                0x23f0b1e0                JPEG_bGenerateHuffmanTables
 .text.JPEG_bDecodeOneBlock
                0x23f0b268      0x274 build/lcdc_rgba8888_mxt_9x60_wqvga/production/_ext/1580025747/legato_imagedecoder_jpeg_common.o
                0x23f0b268                JPEG_bDecodeOneBlock
 .text.JPEG_vInitDisplay
                0x23f0b4dc       0x10 build/lcdc_rgba8888_mxt_9x60_wqvga/production/_ext/1580025747/legato_imagedecoder_jpeg_common.o
                0x23f0b4dc                JPEG_vInitDisplay
 .text.JPEG_bPaintOneBlock
                0x23f0b4ec      0x950 build/lcdc_rgba8888_mxt_9x60_wqvga/production/_ext/1580025747/legato_imagedecoder_jpeg_common.o
                0x23f0b4ec                JPEG_bPaintOneBlock
 .text.jpeg_idct_islow
                0x23f0be3c      0x4f8 build/lcdc_rgba8888_mxt_9x60_wqvga/production/_ext/1580025747/jidctint.o
                0x23f0be3c                jpeg_idct_islow
 .text._supportsImage
                0x23f0c334       0x28 build/lcdc_rgba8888_mxt_9x60_wqvga/production/_ext/1195951714/legato_imagedecoder_png.o
 .text._decoderCleanup
                0x23f0c35c        0x4 build/lcdc_rgba8888_mxt_9x60_wqvga/production/_ext/1195951714/legato_imagedecoder_png.o
 .text._decoderExec
                0x23f0c360        0x8 build/lcdc_rgba8888_mxt_9x60_wqvga/production/_ext/1195951714/legato_imagedecoder_png.o
 .text._decoderIsDone
                0x23f0c368        0x8 build/lcdc_rgba8888_mxt_9x60_wqvga/production/_ext/1195951714/legato_imagedecoder_png.o
 .text._render  0x23f0c370       0xf0 build/lcdc_rgba8888_mxt_9x60_wqvga/production/_ext/1195951714/legato_imagedecoder_png.o
 .text._draw    0x23f0c460      0x1f8 build/lcdc_rgba8888_mxt_9x60_wqvga/production/_ext/1195951714/legato_imagedecoder_png.o
 .text._lePNGImageDecoder_Init
                0x23f0c658       0x6c build/lcdc_rgba8888_mxt_9x60_wqvga/production/_ext/1195951714/legato_imagedecoder_png.o
                0x23f0c658                _lePNGImageDecoder_Init
 .text.readBitsFromStream
                0x23f0c6c4       0x50 build/lcdc_rgba8888_mxt_9x60_wqvga/production/_ext/1195951714/lodepng.o
 .text.huffmanDecodeSymbol
                0x23f0c714       0x64 build/lcdc_rgba8888_mxt_9x60_wqvga/production/_ext/1195951714/lodepng.o
 .text.readBitFromReversedStream
                0x23f0c778       0x24 build/lcdc_rgba8888_mxt_9x60_wqvga/production/_ext/1195951714/lodepng.o
 .text.readBitsFromReversedStream
                0x23f0c79c       0x48 build/lcdc_rgba8888_mxt_9x60_wqvga/production/_ext/1195951714/lodepng.o
 .text.getNumColorChannels
                0x23f0c7e4       0x50 build/lcdc_rgba8888_mxt_9x60_wqvga/production/_ext/1195951714/lodepng.o
 .text.lodepng_color_mode_equal
                0x23f0c834      0x114 build/lcdc_rgba8888_mxt_9x60_wqvga/production/_ext/1195951714/lodepng.o
 .text.addColorBits
                0x23f0c948       0x4c build/lcdc_rgba8888_mxt_9x60_wqvga/production/_ext/1195951714/lodepng.o
 .text.getPixelColorsRGBA8
                0x23f0c994      0x520 build/lcdc_rgba8888_mxt_9x60_wqvga/production/_ext/1195951714/lodepng.o
 .text.Adam7_getpassvalues
                0x23f0ceb4      0x1a4 build/lcdc_rgba8888_mxt_9x60_wqvga/production/_ext/1195951714/lodepng.o
 .text.unfilter
                0x23f0d058      0x3f4 build/lcdc_rgba8888_mxt_9x60_wqvga/production/_ext/1195951714/lodepng.o
 .text.removePaddingBits
                0x23f0d44c       0xac build/lcdc_rgba8888_mxt_9x60_wqvga/production/_ext/1195951714/lodepng.o
 .text.ucvector_reserve
                0x23f0d4f8       0x58 build/lcdc_rgba8888_mxt_9x60_wqvga/production/_ext/1195951714/lodepng.o
 .text.ucvector_resize
                0x23f0d550       0x20 build/lcdc_rgba8888_mxt_9x60_wqvga/production/_ext/1195951714/lodepng.o
 .text.ucvector_push_back
                0x23f0d570       0x34 build/lcdc_rgba8888_mxt_9x60_wqvga/production/_ext/1195951714/lodepng.o
 .text.color_tree_cleanup
                0x23f0d5a4       0x3c build/lcdc_rgba8888_mxt_9x60_wqvga/production/_ext/1195951714/lodepng.o
 .text.LodePNGIText_cleanup
                0x23f0d5e0       0x90 build/lcdc_rgba8888_mxt_9x60_wqvga/production/_ext/1195951714/lodepng.o
 .text.LodePNGText_cleanup
                0x23f0d670       0x60 build/lcdc_rgba8888_mxt_9x60_wqvga/production/_ext/1195951714/lodepng.o
 .text.HuffmanTree_cleanup
                0x23f0d6d0       0x24 build/lcdc_rgba8888_mxt_9x60_wqvga/production/_ext/1195951714/lodepng.o
 .text.string_set
                0x23f0d6f4       0x60 build/lcdc_rgba8888_mxt_9x60_wqvga/production/_ext/1195951714/lodepng.o
 .text.string_init
                0x23f0d754       0x2c build/lcdc_rgba8888_mxt_9x60_wqvga/production/_ext/1195951714/lodepng.o
 .text.uivector_reserve
                0x23f0d780       0x58 build/lcdc_rgba8888_mxt_9x60_wqvga/production/_ext/1195951714/lodepng.o
 .text.HuffmanTree_makeFromLengths
                0x23f0d7d8      0x444 build/lcdc_rgba8888_mxt_9x60_wqvga/production/_ext/1195951714/lodepng.o
 .text.lodepng_read32bitInt
                0x23f0dc1c       0x24 build/lcdc_rgba8888_mxt_9x60_wqvga/production/_ext/1195951714/lodepng.o
                0x23f0dc1c                lodepng_read32bitInt
 .text.lodepng_inflate
                0x23f0dc40      0x9c0 build/lcdc_rgba8888_mxt_9x60_wqvga/production/_ext/1195951714/lodepng.o
                0x23f0dc40                lodepng_inflate
 .text.lodepng_zlib_decompress
                0x23f0e600      0x18c build/lcdc_rgba8888_mxt_9x60_wqvga/production/_ext/1195951714/lodepng.o
                0x23f0e600                lodepng_zlib_decompress
 .text.zlib_decompress
                0x23f0e78c       0x34 build/lcdc_rgba8888_mxt_9x60_wqvga/production/_ext/1195951714/lodepng.o
 .text.lodepng_crc32
                0x23f0e7c0       0x48 build/lcdc_rgba8888_mxt_9x60_wqvga/production/_ext/1195951714/lodepng.o
                0x23f0e7c0                lodepng_crc32
 .text.lodepng_chunk_type_equals
                0x23f0e808       0x80 build/lcdc_rgba8888_mxt_9x60_wqvga/production/_ext/1195951714/lodepng.o
                0x23f0e808                lodepng_chunk_type_equals
 .text.lodepng_chunk_check_crc
                0x23f0e888       0x38 build/lcdc_rgba8888_mxt_9x60_wqvga/production/_ext/1195951714/lodepng.o
                0x23f0e888                lodepng_chunk_check_crc
 .text.lodepng_chunk_next_const
                0x23f0e8c0       0x18 build/lcdc_rgba8888_mxt_9x60_wqvga/production/_ext/1195951714/lodepng.o
                0x23f0e8c0                lodepng_chunk_next_const
 .text.lodepng_chunk_append
                0x23f0e8d8       0xa0 build/lcdc_rgba8888_mxt_9x60_wqvga/production/_ext/1195951714/lodepng.o
                0x23f0e8d8                lodepng_chunk_append
 .text.lodepng_color_mode_init
                0x23f0e978       0x30 build/lcdc_rgba8888_mxt_9x60_wqvga/production/_ext/1195951714/lodepng.o
                0x23f0e978                lodepng_color_mode_init
 .text.lodepng_palette_clear
                0x23f0e9a8       0x28 build/lcdc_rgba8888_mxt_9x60_wqvga/production/_ext/1195951714/lodepng.o
                0x23f0e9a8                lodepng_palette_clear
 .text.lodepng_color_mode_copy
                0x23f0e9d0       0xa4 build/lcdc_rgba8888_mxt_9x60_wqvga/production/_ext/1195951714/lodepng.o
                0x23f0e9d0                lodepng_color_mode_copy
 .text.lodepng_get_bpp
                0x23f0ea74       0x1c build/lcdc_rgba8888_mxt_9x60_wqvga/production/_ext/1195951714/lodepng.o
                0x23f0ea74                lodepng_get_bpp
 .text.lodepng_get_raw_size_idat
                0x23f0ea90       0x34 build/lcdc_rgba8888_mxt_9x60_wqvga/production/_ext/1195951714/lodepng.o
 .text.lodepng_get_raw_size
                0x23f0eac4       0x34 build/lcdc_rgba8888_mxt_9x60_wqvga/production/_ext/1195951714/lodepng.o
                0x23f0eac4                lodepng_get_raw_size
 .text.lodepng_add_text
                0x23f0eaf8       0xcc build/lcdc_rgba8888_mxt_9x60_wqvga/production/_ext/1195951714/lodepng.o
                0x23f0eaf8                lodepng_add_text
 .text.lodepng_add_itext
                0x23f0ebc4      0x17c build/lcdc_rgba8888_mxt_9x60_wqvga/production/_ext/1195951714/lodepng.o
                0x23f0ebc4                lodepng_add_itext
 .text.lodepng_info_init
                0x23f0ed40       0x74 build/lcdc_rgba8888_mxt_9x60_wqvga/production/_ext/1195951714/lodepng.o
                0x23f0ed40                lodepng_info_init
 .text.lodepng_info_cleanup
                0x23f0edb4       0x3c build/lcdc_rgba8888_mxt_9x60_wqvga/production/_ext/1195951714/lodepng.o
                0x23f0edb4                lodepng_info_cleanup
 .text.lodepng_convert
                0x23f0edf0      0xbc8 build/lcdc_rgba8888_mxt_9x60_wqvga/production/_ext/1195951714/lodepng.o
                0x23f0edf0                lodepng_convert
 .text.lodepng_inspect
                0x23f0f9b8      0x29c build/lcdc_rgba8888_mxt_9x60_wqvga/production/_ext/1195951714/lodepng.o
                0x23f0f9b8                lodepng_inspect
 .text.lodepng_decode
                0x23f0fc54     0x1684 build/lcdc_rgba8888_mxt_9x60_wqvga/production/_ext/1195951714/lodepng.o
                0x23f0fc54                lodepng_decode
 .text.lodepng_decoder_settings_init
                0x23f112d8       0x2c build/lcdc_rgba8888_mxt_9x60_wqvga/production/_ext/1195951714/lodepng.o
                0x23f112d8                lodepng_decoder_settings_init
 .text.lodepng_state_init
                0x23f11304       0x28 build/lcdc_rgba8888_mxt_9x60_wqvga/production/_ext/1195951714/lodepng.o
                0x23f11304                lodepng_state_init
 .text.lodepng_state_cleanup
                0x23f1132c       0x1c build/lcdc_rgba8888_mxt_9x60_wqvga/production/_ext/1195951714/lodepng.o
                0x23f1132c                lodepng_state_cleanup
 .text.lodepng_decode_memory
                0x23f11348       0x68 build/lcdc_rgba8888_mxt_9x60_wqvga/production/_ext/1195951714/lodepng.o
                0x23f11348                lodepng_decode_memory
 .text._supportsImage
                0x23f113b0       0x14 build/lcdc_rgba8888_mxt_9x60_wqvga/production/_ext/1195950179/legato_imagedecoder_raw.o
 .text._decoderCleanup
                0x23f113c4       0x68 build/lcdc_rgba8888_mxt_9x60_wqvga/production/_ext/1195950179/legato_imagedecoder_raw.o
 .text._decoderExec
                0x23f1142c       0x84 build/lcdc_rgba8888_mxt_9x60_wqvga/production/_ext/1195950179/legato_imagedecoder_raw.o
 .text._decoderIsDone
                0x23f114b0       0x10 build/lcdc_rgba8888_mxt_9x60_wqvga/production/_ext/1195950179/legato_imagedecoder_raw.o
 .text._initReadStage
                0x23f114c0       0x1c build/lcdc_rgba8888_mxt_9x60_wqvga/production/_ext/1195950179/legato_imagedecoder_raw.o
 .text._initMaskStage
                0x23f114dc       0x24 build/lcdc_rgba8888_mxt_9x60_wqvga/production/_ext/1195950179/legato_imagedecoder_raw.o
 .text._initBlendStage
                0x23f11500       0x44 build/lcdc_rgba8888_mxt_9x60_wqvga/production/_ext/1195950179/legato_imagedecoder_raw.o
 .text._initConvertStage
                0x23f11544       0x4c build/lcdc_rgba8888_mxt_9x60_wqvga/production/_ext/1195950179/legato_imagedecoder_raw.o
 .text._rotateDraw
                0x23f11590      0x2ac build/lcdc_rgba8888_mxt_9x60_wqvga/production/_ext/1195950179/legato_imagedecoder_raw.o
 .text._rotate  0x23f1183c      0x2f0 build/lcdc_rgba8888_mxt_9x60_wqvga/production/_ext/1195950179/legato_imagedecoder_raw.o
 .text._resizeDraw
                0x23f11b2c      0x290 build/lcdc_rgba8888_mxt_9x60_wqvga/production/_ext/1195950179/legato_imagedecoder_raw.o
 .text._resize  0x23f11dbc      0x230 build/lcdc_rgba8888_mxt_9x60_wqvga/production/_ext/1195950179/legato_imagedecoder_raw.o
 .text._copy    0x23f11fec      0x1b4 build/lcdc_rgba8888_mxt_9x60_wqvga/production/_ext/1195950179/legato_imagedecoder_raw.o
 .text._initLookupStage
                0x23f121a0       0x4c build/lcdc_rgba8888_mxt_9x60_wqvga/production/_ext/1195950179/legato_imagedecoder_raw.o
 .text._render  0x23f121ec      0x260 build/lcdc_rgba8888_mxt_9x60_wqvga/production/_ext/1195950179/legato_imagedecoder_raw.o
 .text._draw    0x23f1244c      0x1f4 build/lcdc_rgba8888_mxt_9x60_wqvga/production/_ext/1195950179/legato_imagedecoder_raw.o
 .text._leRawImageDecoder_Init
                0x23f12640       0xa8 build/lcdc_rgba8888_mxt_9x60_wqvga/production/_ext/1195950179/legato_imagedecoder_raw.o
                0x23f12640                _leRawImageDecoder_Init
 .text._leRawImageDecoder_InjectStage
                0x23f126e8       0x38 build/lcdc_rgba8888_mxt_9x60_wqvga/production/_ext/1195950179/legato_imagedecoder_raw.o
                0x23f126e8                _leRawImageDecoder_InjectStage
 .text.stage_BlendRGBA5551
                0x23f12720       0x1c build/lcdc_rgba8888_mxt_9x60_wqvga/production/_ext/1195950179/legato_imagedecoder_raw_blend.o
 .text.stage_BlendARGB8888
                0x23f1273c       0x70 build/lcdc_rgba8888_mxt_9x60_wqvga/production/_ext/1195950179/legato_imagedecoder_raw_blend.o
 .text.stage_BlendRGBA8888
                0x23f127ac       0x70 build/lcdc_rgba8888_mxt_9x60_wqvga/production/_ext/1195950179/legato_imagedecoder_raw_blend.o
 .text._leRawImageDecoder_BlendStage_Internal
                0x23f1281c       0xb8 build/lcdc_rgba8888_mxt_9x60_wqvga/production/_ext/1195950179/legato_imagedecoder_raw_blend.o
                0x23f1281c                _leRawImageDecoder_BlendStage_Internal
 .text.stage_convertColor
                0x23f128d4       0x2c build/lcdc_rgba8888_mxt_9x60_wqvga/production/_ext/1195950179/legato_imagedecoder_raw_convert.o
 .text._leRawImageDecoder_ConvertStage
                0x23f12900       0x94 build/lcdc_rgba8888_mxt_9x60_wqvga/production/_ext/1195950179/legato_imagedecoder_raw_convert.o
                0x23f12900                _leRawImageDecoder_ConvertStage
 .text.stage_rejectMaskedColor
                0x23f12994       0x24 build/lcdc_rgba8888_mxt_9x60_wqvga/production/_ext/1195950179/legato_imagedecoder_raw_mask.o
 .text._leRawImageDecoder_MaskStage_Internal
                0x23f129b8       0x2c build/lcdc_rgba8888_mxt_9x60_wqvga/production/_ext/1195950179/legato_imagedecoder_raw_mask.o
                0x23f129b8                _leRawImageDecoder_MaskStage_Internal
 .text.stage_imageRenderPostLookup
                0x23f129e4       0x48 build/lcdc_rgba8888_mxt_9x60_wqvga/production/_ext/1195950179/legato_imagedecoder_raw_palette_internal.o
 .text.stage_lookup
                0x23f12a2c       0x44 build/lcdc_rgba8888_mxt_9x60_wqvga/production/_ext/1195950179/legato_imagedecoder_raw_palette_internal.o
 .text._leRawImageDecoder_LookupStage_Internal
                0x23f12a70       0x50 build/lcdc_rgba8888_mxt_9x60_wqvga/production/_ext/1195950179/legato_imagedecoder_raw_palette_internal.o
                0x23f12a70                _leRawImageDecoder_LookupStage_Internal
 .text._leRawImageDecoder_ImageRenderPostLookupStage
                0x23f12ac0       0x38 build/lcdc_rgba8888_mxt_9x60_wqvga/production/_ext/1195950179/legato_imagedecoder_raw_palette_internal.o
                0x23f12ac0                _leRawImageDecoder_ImageRenderPostLookupStage
 .text.stage_decode
                0x23f12af8       0x74 build/lcdc_rgba8888_mxt_9x60_wqvga/production/_ext/1195950179/legato_imagedecoder_raw_read_internal.o
 .text.rleRandomDecode
                0x23f12b6c       0x54 build/lcdc_rgba8888_mxt_9x60_wqvga/production/_ext/1195950179/legato_imagedecoder_raw_read_internal.o
 .text.rleSequentialDecode
                0x23f12bc0       0x48 build/lcdc_rgba8888_mxt_9x60_wqvga/production/_ext/1195950179/legato_imagedecoder_raw_read_internal.o
 .text.colorDecode
                0x23f12c08       0x34 build/lcdc_rgba8888_mxt_9x60_wqvga/production/_ext/1195950179/legato_imagedecoder_raw_read_internal.o
 .text.indexRLERandomDecode
                0x23f12c3c       0x80 build/lcdc_rgba8888_mxt_9x60_wqvga/production/_ext/1195950179/legato_imagedecoder_raw_read_internal.o
 .text.indexRLESequentialDecode
                0x23f12cbc       0x74 build/lcdc_rgba8888_mxt_9x60_wqvga/production/_ext/1195950179/legato_imagedecoder_raw_read_internal.o
 .text.indexDecode
                0x23f12d30       0x30 build/lcdc_rgba8888_mxt_9x60_wqvga/production/_ext/1195950179/legato_imagedecoder_raw_read_internal.o
 .text._leRawImageDecoder_ReadStage_Internal
                0x23f12d60      0x104 build/lcdc_rgba8888_mxt_9x60_wqvga/production/_ext/1195950179/legato_imagedecoder_raw_read_internal.o
                0x23f12d60                _leRawImageDecoder_ReadStage_Internal
 .text.stage_rotateNearestNeighborPreRead
                0x23f12e64      0x120 build/lcdc_rgba8888_mxt_9x60_wqvga/production/_ext/1195950179/legato_imagedecoder_raw_rotate.o
 .text.stage_bilinearPreRead
                0x23f12f84      0x20c build/lcdc_rgba8888_mxt_9x60_wqvga/production/_ext/1195950179/legato_imagedecoder_raw_rotate.o
 .text.stage_rotateBilinearPostRead
                0x23f13190       0x60 build/lcdc_rgba8888_mxt_9x60_wqvga/production/_ext/1195950179/legato_imagedecoder_raw_rotate.o
 .text._leRawImageDecoder_RotateNearestNeighborPreReadStage
                0x23f131f0       0x30 build/lcdc_rgba8888_mxt_9x60_wqvga/production/_ext/1195950179/legato_imagedecoder_raw_rotate.o
                0x23f131f0                _leRawImageDecoder_RotateNearestNeighborPreReadStage
 .text._leRawImageDecoder_RotateBilinearPreReadStage
                0x23f13220       0x38 build/lcdc_rgba8888_mxt_9x60_wqvga/production/_ext/1195950179/legato_imagedecoder_raw_rotate.o
                0x23f13220                _leRawImageDecoder_RotateBilinearPreReadStage
 .text._leRawImageDecoder_RotateBilinearPostReadStage
                0x23f13258       0x30 build/lcdc_rgba8888_mxt_9x60_wqvga/production/_ext/1195950179/legato_imagedecoder_raw_rotate.o
                0x23f13258                _leRawImageDecoder_RotateBilinearPostReadStage
 .text.stage_postRead
                0x23f13288       0x14 build/lcdc_rgba8888_mxt_9x60_wqvga/production/_ext/1195950179/legato_imagedecoder_raw_scale.o
 .text.stage_scaledNearestNeighborPreRead
                0x23f1329c       0xbc build/lcdc_rgba8888_mxt_9x60_wqvga/production/_ext/1195950179/legato_imagedecoder_raw_scale.o
 .text.stage_bilinearPreRead
                0x23f13358      0x164 build/lcdc_rgba8888_mxt_9x60_wqvga/production/_ext/1195950179/legato_imagedecoder_raw_scale.o
 .text.stage_scaledBilinearPostRead
                0x23f134bc       0x88 build/lcdc_rgba8888_mxt_9x60_wqvga/production/_ext/1195950179/legato_imagedecoder_raw_scale.o
 .text._leRawImageDecoder_ScaleNearestNeighborPreReadStage
                0x23f13544       0x6c build/lcdc_rgba8888_mxt_9x60_wqvga/production/_ext/1195950179/legato_imagedecoder_raw_scale.o
                0x23f13544                _leRawImageDecoder_ScaleNearestNeighborPreReadStage
 .text._leRawImageDecoder_ScaleBilinearPreReadStage
                0x23f135b0       0x74 build/lcdc_rgba8888_mxt_9x60_wqvga/production/_ext/1195950179/legato_imagedecoder_raw_scale.o
                0x23f135b0                _leRawImageDecoder_ScaleBilinearPreReadStage
 .text._leRawImageDecoder_PostReadStage
                0x23f13624       0x30 build/lcdc_rgba8888_mxt_9x60_wqvga/production/_ext/1195950179/legato_imagedecoder_raw_scale.o
                0x23f13624                _leRawImageDecoder_PostReadStage
 .text._leRawImageDecoder_ScaleBilinearPostReadStage
                0x23f13654       0x30 build/lcdc_rgba8888_mxt_9x60_wqvga/production/_ext/1195950179/legato_imagedecoder_raw_scale.o
                0x23f13654                _leRawImageDecoder_ScaleBilinearPostReadStage
 .text.stage_sourceIterateSetup
                0x23f13684       0xb4 build/lcdc_rgba8888_mxt_9x60_wqvga/production/_ext/1195950179/legato_imagedecoder_raw_setup.o
 .text.stage_targetIterateSetup
                0x23f13738       0x94 build/lcdc_rgba8888_mxt_9x60_wqvga/production/_ext/1195950179/legato_imagedecoder_raw_setup.o
 .text._leRawImageDecoder_SourceIterateSetupStage
                0x23f137cc       0x38 build/lcdc_rgba8888_mxt_9x60_wqvga/production/_ext/1195950179/legato_imagedecoder_raw_setup.o
                0x23f137cc                _leRawImageDecoder_SourceIterateSetupStage
 .text._leRawImageDecoder_TargetIterateSetupStage
                0x23f13804       0x38 build/lcdc_rgba8888_mxt_9x60_wqvga/production/_ext/1195950179/legato_imagedecoder_raw_setup.o
                0x23f13804                _leRawImageDecoder_TargetIterateSetupStage
 .text.stage_FrameBufferWrite
                0x23f1383c       0x24 build/lcdc_rgba8888_mxt_9x60_wqvga/production/_ext/1195950179/legato_imagedecoder_raw_write.o
 .text.stage_ImageWrite
                0x23f13860       0x28 build/lcdc_rgba8888_mxt_9x60_wqvga/production/_ext/1195950179/legato_imagedecoder_raw_write.o
 .text._leRawImageDecoder_FrameBufferWriteStage
                0x23f13888       0x30 build/lcdc_rgba8888_mxt_9x60_wqvga/production/_ext/1195950179/legato_imagedecoder_raw_write.o
                0x23f13888                _leRawImageDecoder_FrameBufferWriteStage
 .text._leRawImageDecoder_ImageWriteStage
                0x23f138b8       0x30 build/lcdc_rgba8888_mxt_9x60_wqvga/production/_ext/1195950179/legato_imagedecoder_raw_write.o
                0x23f138b8                _leRawImageDecoder_ImageWriteStage
 .text.leImage_InitDecoders
                0x23f138e8       0x28 build/lcdc_rgba8888_mxt_9x60_wqvga/production/_ext/1546505220/legato_image.o
                0x23f138e8                leImage_InitDecoders
 .text.leImage_Create
                0x23f13910       0x94 build/lcdc_rgba8888_mxt_9x60_wqvga/production/_ext/1546505220/legato_image.o
                0x23f13910                leImage_Create
 .text.leImage_Allocate
                0x23f139a4       0xac build/lcdc_rgba8888_mxt_9x60_wqvga/production/_ext/1546505220/legato_image.o
                0x23f139a4                leImage_Allocate
 .text.leImage_Draw
                0x23f13a50       0xd4 build/lcdc_rgba8888_mxt_9x60_wqvga/production/_ext/1546505220/legato_image.o
                0x23f13a50                leImage_Draw
 .text.getDiscreteValueAtIndex1
                0x23f13b24       0x18 build/lcdc_rgba8888_mxt_9x60_wqvga/production/_ext/1546505220/legato_image_utils.o
 .text.getDiscreteValueAtIndex4
                0x23f13b3c       0x10 build/lcdc_rgba8888_mxt_9x60_wqvga/production/_ext/1546505220/legato_image_utils.o
 .text.getDiscreteValueAtIndex8
                0x23f13b4c        0x8 build/lcdc_rgba8888_mxt_9x60_wqvga/production/_ext/1546505220/legato_image_utils.o
 .text.calcOffset1bpp
                0x23f13b54        0x8 build/lcdc_rgba8888_mxt_9x60_wqvga/production/_ext/1546505220/legato_image_utils.o
 .text.calcOffset4bpp
                0x23f13b5c        0x8 build/lcdc_rgba8888_mxt_9x60_wqvga/production/_ext/1546505220/legato_image_utils.o
 .text.calcOffset8bpp
                0x23f13b64        0x4 build/lcdc_rgba8888_mxt_9x60_wqvga/production/_ext/1546505220/legato_image_utils.o
 .text.calcOffset16bpp
                0x23f13b68        0x8 build/lcdc_rgba8888_mxt_9x60_wqvga/production/_ext/1546505220/legato_image_utils.o
 .text.calcOffset24bpp
                0x23f13b70        0x8 build/lcdc_rgba8888_mxt_9x60_wqvga/production/_ext/1546505220/legato_image_utils.o
 .text.calcOffset32bpp
                0x23f13b78        0x8 build/lcdc_rgba8888_mxt_9x60_wqvga/production/_ext/1546505220/legato_image_utils.o
 .text.leGetRLEDataAtIndex
                0x23f13b80       0xd0 build/lcdc_rgba8888_mxt_9x60_wqvga/production/_ext/1546505220/legato_image_utils.o
                0x23f13b80                leGetRLEDataAtIndex
 .text.leGetDiscreteValueAtIndex
                0x23f13c50       0x18 build/lcdc_rgba8888_mxt_9x60_wqvga/production/_ext/1546505220/legato_image_utils.o
                0x23f13c50                leGetDiscreteValueAtIndex
 .text.leGetOffsetFromIndexAndBPP
                0x23f13c68       0x18 build/lcdc_rgba8888_mxt_9x60_wqvga/production/_ext/1546505220/legato_image_utils.o
                0x23f13c68                leGetOffsetFromIndexAndBPP
 .text.leFixedHeap_Init
                0x23f13c80       0xc0 build/lcdc_rgba8888_mxt_9x60_wqvga/production/_ext/804515704/legato_fixedheap.o
                0x23f13c80                leFixedHeap_Init
 .text.leFixedHeap_Alloc
                0x23f13d40       0x48 build/lcdc_rgba8888_mxt_9x60_wqvga/production/_ext/804515704/legato_fixedheap.o
                0x23f13d40                leFixedHeap_Alloc
 .text.leFixedHeap_Free
                0x23f13d88       0x1c build/lcdc_rgba8888_mxt_9x60_wqvga/production/_ext/804515704/legato_fixedheap.o
                0x23f13d88                leFixedHeap_Free
 .text.leFixedHeap_Contains
                0x23f13da4       0x60 build/lcdc_rgba8888_mxt_9x60_wqvga/production/_ext/804515704/legato_fixedheap.o
                0x23f13da4                leFixedHeap_Contains
 .text._fixedHeapAlloc
                0x23f13e04       0x60 build/lcdc_rgba8888_mxt_9x60_wqvga/production/_ext/804515704/legato_memory.o
 .text._findFixedHeapForPointer
                0x23f13e64       0x5c build/lcdc_rgba8888_mxt_9x60_wqvga/production/_ext/804515704/legato_memory.o
 .text.leMemory_Init
                0x23f13ec0       0x70 build/lcdc_rgba8888_mxt_9x60_wqvga/production/_ext/804515704/legato_memory.o
                0x23f13ec0                leMemory_Init
 .text.leMalloc
                0x23f13f30       0x28 build/lcdc_rgba8888_mxt_9x60_wqvga/production/_ext/804515704/legato_memory.o
                0x23f13f30                leMalloc
 .text.leFree   0x23f13f58       0x6c build/lcdc_rgba8888_mxt_9x60_wqvga/production/_ext/804515704/legato_memory.o
                0x23f13f58                leFree
 .text.leRealloc
                0x23f13fc4      0x260 build/lcdc_rgba8888_mxt_9x60_wqvga/production/_ext/804515704/legato_memory.o
                0x23f13fc4                leRealloc
 .text._insertIntoList
                0x23f14224       0xac build/lcdc_rgba8888_mxt_9x60_wqvga/production/_ext/804515704/legato_variableheap.o
 .text._removeFromList
                0x23f142d0       0x38 build/lcdc_rgba8888_mxt_9x60_wqvga/production/_ext/804515704/legato_variableheap.o
 .text._findPreviousBlock
                0x23f14308       0xa4 build/lcdc_rgba8888_mxt_9x60_wqvga/production/_ext/804515704/legato_variableheap.o
 .text._findNextBlock
                0x23f143ac       0x74 build/lcdc_rgba8888_mxt_9x60_wqvga/production/_ext/804515704/legato_variableheap.o
 .text._canSplit
                0x23f14420       0x3c build/lcdc_rgba8888_mxt_9x60_wqvga/production/_ext/804515704/legato_variableheap.o
 .text._combineFreeBlockNext
                0x23f1445c       0x7c build/lcdc_rgba8888_mxt_9x60_wqvga/production/_ext/804515704/legato_variableheap.o
 .text._growAllocBlock
                0x23f144d8      0x10c build/lcdc_rgba8888_mxt_9x60_wqvga/production/_ext/804515704/legato_variableheap.o
 .text.leVariableHeap_Init
                0x23f145e4       0x58 build/lcdc_rgba8888_mxt_9x60_wqvga/production/_ext/804515704/legato_variableheap.o
                0x23f145e4                leVariableHeap_Init
 .text.leVariableHeap_Alloc
                0x23f1463c      0x12c build/lcdc_rgba8888_mxt_9x60_wqvga/production/_ext/804515704/legato_variableheap.o
                0x23f1463c                leVariableHeap_Alloc
 .text.leVariableHeap_Free
                0x23f14768       0xd8 build/lcdc_rgba8888_mxt_9x60_wqvga/production/_ext/804515704/legato_variableheap.o
                0x23f14768                leVariableHeap_Free
 .text.leVariableHeap_Realloc
                0x23f14840      0x290 build/lcdc_rgba8888_mxt_9x60_wqvga/production/_ext/804515704/legato_variableheap.o
                0x23f14840                leVariableHeap_Realloc
 .text.leVariableHeap_Contains
                0x23f14ad0       0x20 build/lcdc_rgba8888_mxt_9x60_wqvga/production/_ext/804515704/legato_variableheap.o
                0x23f14ad0                leVariableHeap_Contains
 .text.leVariableHeap_SizeOf
                0x23f14af0        0x8 build/lcdc_rgba8888_mxt_9x60_wqvga/production/_ext/804515704/legato_variableheap.o
                0x23f14af0                leVariableHeap_SizeOf
 .text.leVariableHeap_Validate
                0x23f14af8        0x8 build/lcdc_rgba8888_mxt_9x60_wqvga/production/_ext/804515704/legato_variableheap.o
                0x23f14af8                leVariableHeap_Validate
 .text.putPixel
                0x23f14b00       0x2c build/lcdc_rgba8888_mxt_9x60_wqvga/production/_ext/187675002/legato_draw.o
 .text.blendPixel
                0x23f14b2c       0x94 build/lcdc_rgba8888_mxt_9x60_wqvga/production/_ext/187675002/legato_draw.o
 .text.leRenderer_GetPixel
                0x23f14bc0       0x48 build/lcdc_rgba8888_mxt_9x60_wqvga/production/_ext/187675002/legato_draw.o
                0x23f14bc0                leRenderer_GetPixel
 .text.leRenderer_PutPixel
                0x23f14c08       0x4c build/lcdc_rgba8888_mxt_9x60_wqvga/production/_ext/187675002/legato_draw.o
                0x23f14c08                leRenderer_PutPixel
 .text.leRenderer_BlendPixel
                0x23f14c54       0x3c build/lcdc_rgba8888_mxt_9x60_wqvga/production/_ext/187675002/legato_draw.o
                0x23f14c54                leRenderer_BlendPixel
 .text.leRenderer_BlendPixel_Safe
                0x23f14c90       0x68 build/lcdc_rgba8888_mxt_9x60_wqvga/production/_ext/187675002/legato_draw.o
                0x23f14c90                leRenderer_BlendPixel_Safe
 .text.leRenderer_FillArea
                0x23f14cf8      0x108 build/lcdc_rgba8888_mxt_9x60_wqvga/production/_ext/187675002/legato_draw.o
                0x23f14cf8                leRenderer_FillArea
 .text.drawQ1   0x23f14e00      0x1bc build/lcdc_rgba8888_mxt_9x60_wqvga/production/_ext/187675002/legato_draw_arc.o